 ConEmu.x64

 Timestamp is 55e6a856 (Wed Sep 02 10:42:14 2015)

 Preferred load address is 0000000180000000

 Start         Length     Name                   Class
 0001:00000000 000474c4H .text                   CODE
 0001:000474d0 0000005eH .text$00                CODE
 0001:00047530 0000058cH .text$x                 CODE
 0002:00000000 000007c8H .idata$5                DATA
 0002:000007c8 00000008H .CRT$XCA                DATA
 0002:000007d0 00000008H .CRT$XCZ                DATA
 0002:000007d8 00000008H .CRT$XIA                DATA
 0002:000007e0 00000008H .CRT$XIC                DATA
 0002:000007e8 00000008H .CRT$XIZ                DATA
 0002:000007f0 00000008H .CRT$XPA                DATA
 0002:000007f8 00000008H .CRT$XPZ                DATA
 0002:00000800 00000008H .CRT$XTA                DATA
 0002:00000808 00000008H .CRT$XTZ                DATA
 0002:00000810 0000681bH .rdata                  DATA
 0002:0000702c 00000073H .rdata$debug            DATA
 0002:000070a0 00002850H .xdata                  DATA
 0002:000098f0 00000078H .idata$2                DATA
 0002:00009968 00000014H .idata$3                DATA
 0002:00009980 000007c8H .idata$4                DATA
 0002:0000a148 000011eeH .idata$6                DATA
 0002:0000b340 000002e1H .edata                  DATA
 0003:00000000 000014bcH .data                   DATA
 0003:000014c0 0000b298H .bss                    DATA
 0004:00000000 00002c28H .pdata                  DATA
 0005:00000000 00000058H .rsrc$01                DATA
 0005:00000060 000002d8H .rsrc$02                DATA

  Address         Publics by Value              Rva+Base               Lib:Object

 0000:00000000       ___safe_se_handler_count   0000000000000000     <absolute>
 0000:00000000       ___safe_se_handler_table   0000000000000000     <absolute>
 0000:00000000       __ImageBase                0000000180000000     <linker-defined>
 0001:00000000       ??0CmdArg@@QEAA@XZ         0000000180001000 f   CmdArg.obj
 0001:00000050       ??0CmdArg@@QEAA@PEA_W@Z    0000000180001050 f   CmdArg.obj
 0001:000000c0       ??4CmdArg@@QEAAAEAU0@PEA_W@Z 00000001800010c0 f   CmdArg.obj
 0001:000000f0       ??4CmdArg@@QEAAAEAU0@PEB_W@Z 00000001800010f0 f   CmdArg.obj
 0001:00000120       ??1CmdArg@@QEAA@XZ         0000000180001120 f   CmdArg.obj
 0001:000001a0       ?GetBuffer@CmdArg@@QEAAPEA_W_J@Z 00000001800011a0 f   CmdArg.obj
 0001:00000300       ?Detach@CmdArg@@QEAAPEA_WXZ 0000000180001300 f   CmdArg.obj
 0001:00000340       ?Attach@CmdArg@@QEAAPEB_WPEA_W@Z 0000000180001340 f   CmdArg.obj
 0001:00000370       ?AttachInt@CmdArg@@AEAAPEB_WAEAPEA_W@Z 0000000180001370 f   CmdArg.obj
 0001:00000410       ?Empty@CmdArg@@QEAAXXZ     0000000180001410 f   CmdArg.obj
 0001:00000470       ?IsEmpty@CmdArg@@QEAA_NXZ  0000000180001470 f   CmdArg.obj
 0001:000004b0       ?Set@CmdArg@@QEAAPEB_WPEB_W_J@Z 00000001800014b0 f   CmdArg.obj
 0001:00000580       ?StringCchCopyNW@@YAJPEA_W_KPEB_W1@Z 0000000180001580 f i CmdArg.obj
 0001:00000740       ?SavePathVar@CmdArg@@QEAAXPEB_W@Z 0000000180001740 f   CmdArg.obj
 0001:000007a0       ?SaveEnvVar@CmdArg@@QEAAXPEB_W0@Z 00000001800017a0 f   CmdArg.obj
 0001:00000850       ?SetAt@CmdArg@@QEAAX_J_W@Z 0000000180001850 f   CmdArg.obj
 0001:000008a0       ?GetPosFrom@CmdArg@@QEAAXAEBU1@@Z 00000001800018a0 f   CmdArg.obj
 0001:000008e0       ?IsNeedDequote@@YA_NPEB_W_NPEAPEB_W@Z 00000001800018e0 f   CmdLine.obj
 0001:00000b90       ??BCmdArg@@QEBAPEB_WXZ     0000000180001b90 f i CmdLine.obj
 0001:00000ba0       ?NextArg@@YAHPEAPEB_WAEAUCmdArg@@0@Z 0000000180001ba0 f   CmdLine.obj
 0001:00001110       ?NextLine@@YAHPEAPEB_WAEAUCmdArg@@K@Z 0000000180002110 f   CmdLine.obj
 0001:00001300       ?AddEndSlash@@YAHPEA_WH@Z  0000000180002300 f   CmdLine.obj
 0001:00001390       ?SkipNonPrintable@@YAPEB_WPEB_W@Z 0000000180002390 f   CmdLine.obj
 0001:00001400       ?CompareFileMask@@YA_NPEB_W0@Z 0000000180002400 f   CmdLine.obj
 0001:00001620       ?wcschr@@YAPEA_WPEA_W_W@Z  0000000180002620 f i CmdLine.obj
 0001:00001650       ?GetDrive@@YAPEB_WPEB_WPEA_WH@Z 0000000180002650 f   CmdLine.obj
 0001:00001900       ?GetDirectory@@YAHAEAUCmdArg@@@Z 0000000180002900 f   CmdLine.obj
 0001:000019a0       ?IsNeedCmd@@YA_NHPEB_WAEAUCmdArg@@PEAPEB_WPEAH333@Z 00000001800029a0 f   CmdLine.obj
 0001:00002410       ?Disable@MWow64Disable@@QEAAXXZ 0000000180003410 f i CmdLine.obj
 0001:00002450       ??0MWow64Disable@@QEAA@XZ  0000000180003450 f i CmdLine.obj
 0001:000024f0       ??1MWow64Disable@@QEAA@XZ  00000001800034f0 f i CmdLine.obj
 0001:00002510       ?Restore@MWow64Disable@@QEAAXXZ 0000000180003510 f i CmdLine.obj
 0001:00002560       ?IsExecutable@@YA_NPEB_WPEAPEA_W@Z 0000000180003560 f   CmdLine.obj
 0001:00002680       ?CheckProcessName@@YA_NPEB_WPEAPEB_W1@Z 0000000180003680 f   CmdLine.obj
 0001:00002780       ?IsConsoleService@@YA_NPEB_W@Z 0000000180003780 f   CmdLine.obj
 0001:000027f0       ?IsConsoleServer@@YA_NPEB_W@Z 00000001800037f0 f   CmdLine.obj
 0001:00002860       ?IsGitBashHelper@@YA_NPEB_W@Z 0000000180003860 f   CmdLine.obj
 0001:000028d0       ?IsFarExe@@YA_NPEB_W@Z     00000001800038d0 f   CmdLine.obj
 0001:00002940       ?IsCmdProcessor@@YA_NPEB_W@Z 0000000180003940 f   CmdLine.obj
 0001:000029b0       ?IsQuotationNeeded@@YA_NPEB_W@Z 00000001800039b0 f   CmdLine.obj
 0001:00002a00       ?MergeCmdLine@@YAPEA_WPEB_W0@Z 0000000180003a00 f   CmdLine.obj
 0001:00002ae0       ?JoinPath@@YAPEA_WPEB_W00@Z 0000000180003ae0 f   CmdLine.obj
 0001:00002d10       ?IsFilePath@@YA_NPEB_W_N@Z 0000000180003d10 f   CmdLine.obj
 0001:00002f10       ?PointToName@@YAPEB_WPEB_W@Z 0000000180003f10 f   CmdLine.obj
 0001:00002fc0       ?PointToName@@YAPEBDPEBD@Z 0000000180003fc0 f   CmdLine.obj
 0001:00003070       ?PointToExt@@YAPEB_WPEB_W@Z 0000000180004070 f   CmdLine.obj
 0001:000030c0       ?Unquote@@YAPEB_WPEA_W_N@Z 00000001800040c0 f   CmdLine.obj
 0001:00003170       ?wcsrchr@@YAPEA_WPEA_W_W@Z 0000000180004170 f i CmdLine.obj
 0001:000031a0       ?IsNewConsoleArg@@YA_NPEB_W0@Z 00000001800041a0 f   CmdLine.obj
 0001:000032c0       ?PackInputRecord@@YAHPEBU_INPUT_RECORD@@PEAUMsgStr@MSG64@@@Z 00000001800042c0 f   Common.obj
 0001:00003570       ?UnpackInputRecord@@YAHPEBUMsgStr@MSG64@@PEAU_INPUT_RECORD@@@Z 0000000180004570 f   Common.obj
 0001:00003860       ?TranslateKeyPress@@YAXGK_WHPEAU_INPUT_RECORD@@1@Z 0000000180004860 f   Common.obj
 0001:00003ab0       ?GetCommand@CESERVER_REQ_NEWCMD@@QEAAPEA_WXZ 0000000180004ab0 f   Common.obj
 0001:00003b00       ?GetEnvStrings@CESERVER_REQ_NEWCMD@@QEAAPEA_WXZ 0000000180004b00 f   Common.obj
 0001:00003b50       ?SetCommand@CESERVER_REQ_NEWCMD@@QEAAXPEB_W@Z 0000000180004b50 f   Common.obj
 0001:00003bf0       ?SetEnvStrings@CESERVER_REQ_NEWCMD@@QEAAXPEB_WK@Z 0000000180004bf0 f   Common.obj
 0001:00003d90       ?IsEnvBlockVariableValid@@YA_NPEB_WAEAPEB_W@Z 0000000180004d90 f   Common.obj
 0001:00003e00       ?IsEnvBlockVariableValid@@YA_NPEB_W@Z 0000000180004e00 f   Common.obj
 0001:00003e50       ?CommonShutdown@@YAXXZ     0000000180004e50 f   Common.obj
 0001:00003e80       ?ModuleName@@YAPEB_WPEB_W@Z 0000000180004e80 f   ConEmuCheck.obj
 0001:00003f70       ?ExecuteOpenPipe@@YAPEAXPEB_WAEAY0CAI@_W0KKHPEAXH@Z 0000000180004f70 f   ConEmuCheck.obj
 0001:00004270       ?ExecutePrepareCmd@@YAXPEAUCESERVER_REQ@@K_K@Z 0000000180005270 f   ConEmuCheck.obj
 0001:000042d0       ?ExecutePrepareCmd@@YAXPEAUCESERVER_REQ_HDR@@K_K@Z 00000001800052d0 f   ConEmuCheck.obj
 0001:000043a0       ?ExecuteNewCmd@@YAPEAUCESERVER_REQ@@K_K@Z 00000001800053a0 f   ConEmuCheck.obj
 0001:00004410       ?ExecuteNewCmd@@YA_NAEAPEAUCESERVER_REQ@@AEAKK_K@Z 0000000180005410 f   ConEmuCheck.obj
 0001:000044e0       ?LoadSrvMapping@@YAHPEAUHWND__@@AEAUCESERVER_CONSOLE_MAPPING_HDR@@@Z 00000001800054e0 f   ConEmuCheck.obj
 0001:00004650       ?LoadGuiMapping@@YAHKAEAUConEmuGuiMapping@@@Z 0000000180005650 f   ConEmuCheck.obj
 0001:000047b0       ?ExecuteNewCmdOnCreate@@YAPEAUCESERVER_REQ@@PEAUCESERVER_CONSOLE_MAPPING_HDR@@PEAUHWND__@@W4CmdOnCreateType@@PEB_W33PEAK444HHPEAX55@Z 00000001800057b0 f   ConEmuCheck.obj
 0001:00004ca0       ?StringCchCopyW@@YAJPEA_W_KPEB_W@Z 0000000180005ca0 f i ConEmuCheck.obj
 0001:00004e30       ?ExecuteGuiCmd@@YAPEAUCESERVER_REQ@@PEAUHWND__@@PEAU1@0H@Z 0000000180005e30 f   ConEmuCheck.obj
 0001:00004ef0       ?ExecuteSrvCmd@@YAPEAUCESERVER_REQ@@KPEAU1@PEAUHWND__@@HKH@Z 0000000180005ef0 f   ConEmuCheck.obj
 0001:00004fc0       ?ExecuteHkCmd@@YAPEAUCESERVER_REQ@@KPEAU1@PEAUHWND__@@HH@Z 0000000180005fc0 f   ConEmuCheck.obj
 0001:00005090       ?ExecuteCmd@@YAPEAUCESERVER_REQ@@PEB_WPEAU1@KPEAUHWND__@@HKH@Z 0000000180006090 f   ConEmuCheck.obj
 0001:00005490       ?ExecuteFreeResult@@YAXAEAPEAUCESERVER_REQ@@@Z 0000000180006490 f   ConEmuCheck.obj
 0001:000054d0       ?AllocateSendCurrentDirectory@@YA_NAEAPEAUCESERVER_REQ@@AEAKPEB_W2@Z 00000001800064d0 f   ConEmuCheck.obj
 0001:00005620       ?SendCurrentDirectory@@YAXPEAUHWND__@@PEB_W1@Z 0000000180006620 f   ConEmuCheck.obj
 0001:000056a0       ?isConsoleClass@@YA_NPEB_W@Z 00000001800066a0 f   ConEmuCheck.obj
 0001:00005700       ?isConsoleWindow@@YA_NPEAUHWND__@@@Z 0000000180006700 f   ConEmuCheck.obj
 0001:00005810       ?myGetConsoleWindow@@YAPEAUHWND__@@XZ 0000000180006810 f   ConEmuCheck.obj
 0001:00005940       ?GetConEmuHWND@@YAPEAUHWND__@@H@Z 0000000180006940 f   ConEmuCheck.obj
 0001:00005b60       ??BHWND2@@QEBAPEAUHWND__@@XZ 0000000180006b60 f i ConEmuCheck.obj
 0001:00005b70       ??BHWND2@@QEBAKXZ          0000000180006b70 f i ConEmuCheck.obj
 0001:00005b80       ?ConEmuCheck@@YAHPEAPEAUHWND__@@@Z 0000000180006b80 f   ConEmuCheck.obj
 0001:00005bd0       ?GuiMessageBox@@YAHPEAUHWND__@@PEB_W1H@Z 0000000180006bd0 f   ConEmuCheck.obj
 0001:00005e00       ?InitName@?$MFileMapping@UCESERVER_CONSOLE_MAPPING_HDR@@@@QEAAPEB_WPEB_WKK@Z 0000000180006e00 f i ConEmuCheck.obj
 0001:00005e60       ?CloseMap@?$MFileMapping@UCESERVER_CONSOLE_MAPPING_HDR@@@@QEAAXXZ 0000000180006e60 f i ConEmuCheck.obj
 0001:00005ef0       ?Open@?$MFileMapping@UCESERVER_CONSOLE_MAPPING_HDR@@@@QEAAPEAUCESERVER_CONSOLE_MAPPING_HDR@@HH@Z 0000000180006ef0 f i ConEmuCheck.obj
 0001:00005f20       ??0?$MFileMapping@UCESERVER_CONSOLE_MAPPING_HDR@@@@QEAA@XZ 0000000180006f20 f i ConEmuCheck.obj
 0001:00005f90       ??1?$MFileMapping@UCESERVER_CONSOLE_MAPPING_HDR@@@@QEAA@XZ 0000000180006f90 f i ConEmuCheck.obj
 0001:00005fc0       ?InitName@?$MFileMapping@UConEmuGuiMapping@@@@QEAAPEB_WPEB_WKK@Z 0000000180006fc0 f i ConEmuCheck.obj
 0001:00006020       ?CloseMap@?$MFileMapping@UConEmuGuiMapping@@@@QEAAXXZ 0000000180007020 f i ConEmuCheck.obj
 0001:000060b0       ?Open@?$MFileMapping@UConEmuGuiMapping@@@@QEAAPEAUConEmuGuiMapping@@HH@Z 00000001800070b0 f i ConEmuCheck.obj
 0001:000060e0       ??0?$MFileMapping@UConEmuGuiMapping@@@@QEAA@XZ 00000001800070e0 f i ConEmuCheck.obj
 0001:00006150       ??1?$MFileMapping@UConEmuGuiMapping@@@@QEAA@XZ 0000000180007150 f i ConEmuCheck.obj
 0001:00006180       ?ClosePtr@?$MFileMapping@UCESERVER_CONSOLE_MAPPING_HDR@@@@QEAAXXZ 0000000180007180 f i ConEmuCheck.obj
 0001:000061c0       ?InternalOpenCreate@?$MFileMapping@UCESERVER_CONSOLE_MAPPING_HDR@@@@IEAAPEAUCESERVER_CONSOLE_MAPPING_HDR@@HHH@Z 00000001800071c0 f i ConEmuCheck.obj
 0001:00006470       ?ClosePtr@?$MFileMapping@UConEmuGuiMapping@@@@QEAAXXZ 0000000180007470 f i ConEmuCheck.obj
 0001:000064b0       ?InternalOpenCreate@?$MFileMapping@UConEmuGuiMapping@@@@IEAAPEAUConEmuGuiMapping@@HHH@Z 00000001800074b0 f i ConEmuCheck.obj
 0001:00006760       ??$wcscpy_c@$0CA@@@YAHAEAY0CA@_WPEB_W@Z 0000000180007760 f i ConEmuCheck.obj
 0001:00006790       ??$wcscpy_c@$0CAI@@@YAHAEAY0CAI@_WPEB_W@Z 0000000180007790 f i ConEmuCheck.obj
 0001:000067c0       ?LoadGuiMapping@@YAHPEAUHWND__@@AEAUConEmuGuiMapping@@@Z 00000001800077c0 f   ConEmuCheckEx.obj
 0001:00006810       ?IsConEmuExeExist@@YAHPEB_WAEAY0BAF@_W@Z 0000000180007810 f   ConEmuCheckEx.obj
 0001:000068f0       ?FindConEmuBaseDir@@YAHAEAY0BAF@_W0PEAUHINSTANCE__@@@Z 00000001800078f0 f   ConEmuCheckEx.obj
 0001:00006f60       ??$wcscpy_c@$0BAF@@@YAHAEAY0BAF@_WPEB_W@Z 0000000180007f60 f i ConEmuCheckEx.obj
 0001:000070c0       ??$wcscpy_add@$0BAF@@@YAHPEA_WAEAY0BAF@_WPEB_W@Z 00000001800080c0 f i ConEmuCheckEx.obj
 0001:00007130       ??$wcscat_c@$0BAF@@@YAHAEAY0BAF@_WPEB_W@Z 0000000180008130 f i ConEmuCheckEx.obj
 0001:00007160       ?StringCchCatW@@YAJPEA_W_KPEB_W@Z 0000000180008160 f i ConEmuCheckEx.obj
 0001:000072f0       ?StartupHooks@@YA_NPEAUHINSTANCE__@@@Z 00000001800082f0 f   ConEmuInjects.obj
 0001:000077f0       ?ShutdownHooks@@YAXXZ      00000001800087f0 f   ConEmuInjects.obj
 0001:00007a80       ??$wcscpy_c@$0EA@@@YAHAEAY0EA@_WPEB_W@Z 0000000180008a80 f i ConEmuInjects.obj
 0001:00007be0       DllMain                    0000000180008be0 f   ConEmuPlugin.obj
 0001:00007c30       ?GetPluginInfo@@YAXPEAX@Z  0000000180008c30 f   ConEmuPlugin.obj
 0001:00007ca0       ?GetPluginInfoW@@YAXPEAX@Z 0000000180008ca0 f   ConEmuPlugin.obj
 0001:00007cd0       ?IsConsoleActive@@YAHXZ    0000000180008cd0 f   ConEmuPlugin.obj
 0001:00007d50       ?GetFarHWND2@@YAPEAUHWND__@@H@Z 0000000180008d50 f   ConEmuPlugin.obj
 0001:00007de0       ?GetFarHWND@@YAPEAUHWND__@@XZ 0000000180008de0 f   ConEmuPlugin.obj
 0001:00007df0       ?IsTerminalMode@@YAHXZ     0000000180008df0 f   ConEmuPlugin.obj
 0001:00007e00       ?GetFarVersion@@YAXPEAUFarVersion@@@Z 0000000180008e00 f   ConEmuPlugin.obj
 0001:00007e30       ?RegisterPanelView@@YAHPEAUPanelViewInit@@@Z 0000000180008e30 f   ConEmuPlugin.obj
 0001:00008100       ?RegisterBackground@@YAHPEAURegisterBackgroundArg@@@Z 0000000180009100 f   ConEmuPlugin.obj
 0001:000081a0       ?SyncExecute@@YAHPEAUHINSTANCE__@@P6AX_J@Z1@Z 00000001800091a0 f   ConEmuPlugin.obj
 0001:00008220       ?ActivateConsole@@YAHXZ    0000000180009220 f   ConEmuPlugin.obj
 0001:000082e0       ??4HWND2@@QEAAAEAU0@PEAUHWND__@@@Z 00000001800092e0 f i ConEmuPlugin.obj
 0001:00008300       ?SetStartupInfo@@YAXPEAX@Z 0000000180009300 f   ConEmuPlugin.obj
 0001:00008380       SetStartupInfoW            0000000180009380 f   ConEmuPlugin.obj
 0001:000083c0       ?GetMinFarVersion@@YAHXZ   00000001800093c0 f   ConEmuPlugin.obj
 0001:00008430       GetMinFarVersionW          0000000180009430 f   ConEmuPlugin.obj
 0001:00008440       ProcessSynchroEventW       0000000180009440 f   ConEmuPlugin.obj
 0001:00008470       ?ProcessSynchroEventW3@@YA_JPEAX@Z 0000000180009470 f   ConEmuPlugin.obj
 0001:000084b0       ?ProcessEditorEvent@@YAHHPEAX@Z 00000001800094b0 f   ConEmuPlugin.obj
 0001:000084e0       ProcessEditorEventW        00000001800094e0 f   ConEmuPlugin.obj
 0001:00008510       ?ProcessEditorEventW3@@YA_JPEAX@Z 0000000180009510 f   ConEmuPlugin.obj
 0001:00008550       ?ProcessViewerEvent@@YAHHPEAX@Z 0000000180009550 f   ConEmuPlugin.obj
 0001:00008580       ProcessViewerEventW        0000000180009580 f   ConEmuPlugin.obj
 0001:000085b0       ?ProcessViewerEventW3@@YA_JPEAX@Z 00000001800095b0 f   ConEmuPlugin.obj
 0001:000085f0       ?ProcessEditorInput@@YAHPEBU_INPUT_RECORD@@@Z 00000001800095f0 f   ConEmuPlugin.obj
 0001:00008620       ProcessEditorInputW        0000000180009620 f   ConEmuPlugin.obj
 0001:00008650       ?OpenPlugin@@YAPEAXH_J@Z   0000000180009650 f   ConEmuPlugin.obj
 0001:00008680       OpenPluginW                0000000180009680 f   ConEmuPlugin.obj
 0001:000086e0       ?OpenW@@YAPEAXPEBX@Z       00000001800096e0 f   ConEmuPlugin.obj
 0001:00008710       ?ExitFAR@@YAXXZ            0000000180009710 f   ConEmuPlugin.obj
 0001:00008780       ExitFARW                   0000000180009780 f   ConEmuPlugin.obj
 0001:000087f0       ?ExitFARW3@@YAXPEAX@Z      00000001800097f0 f   ConEmuPlugin.obj
 0001:00008860       ?SetupExportsFar3@@YAXXZ   0000000180009860 f   ConEmuPlugin.obj
 0001:00008b60       ?_calloc@@YAPEAX_K0@Z      0000000180009b60 f   ConEmuPlugin.obj
 0001:00008b90       ?_malloc@@YAPEAX_K@Z       0000000180009b90 f   ConEmuPlugin.obj
 0001:00008bb0       ?_free@@YAXPEAX@Z          0000000180009bb0 f   ConEmuPlugin.obj
 0001:00008bd0       ??0CPluginW1900@@QEAA@XZ   0000000180009bd0 f   ConEmuPlugin1900.obj
 0001:00008ed0       ??_ECPluginW1900@@UEAAPEAXI@Z 0000000180009ed0 f i ConEmuPlugin1900.obj
 0001:00008ed0       ??_GCPluginW1900@@UEAAPEAXI@Z 0000000180009ed0 f i ConEmuPlugin1900.obj
 0001:00008f10       ??1CPluginW1900@@UEAA@XZ   0000000180009f10 f i ConEmuPlugin1900.obj
 0001:00008f40       ?ProcessEditorEventPtr@CPluginW1900@@UEAAHPEAX@Z 0000000180009f40 f   ConEmuPlugin1900.obj
 0001:00008f80       ?ProcessViewerEventPtr@CPluginW1900@@UEAAHPEAX@Z 0000000180009f80 f   ConEmuPlugin1900.obj
 0001:00008fc0       ?ProcessSynchroEventPtr@CPluginW1900@@UEAAHPEAX@Z 0000000180009fc0 f   ConEmuPlugin1900.obj
 0001:00009000       ?GetPanelDir@CPluginW1900@@UEAAPEA_WKPEA_WH@Z 000000018000a000 f   ConEmuPlugin1900.obj
 0001:00009230       ?GetPanelInfo@CPluginW1900@@UEAA_NKPEAUCEPanelInfo@@@Z 000000018000a230 f   ConEmuPlugin1900.obj
 0001:000097e0       ?GetPanelItemInfo@CPluginW1900@@UEAA_NAEBUCEPanelInfo@@_N_JAEAU_WIN32_FIND_DATAW@@PEAPEA_W@Z 000000018000a7e0 f   ConEmuPlugin1900.obj
 0001:00009b10       ?PanelControlApi@CPluginW1900@@UEAA_JPEAXH_J0@Z 000000018000ab10 f   ConEmuPlugin1900.obj
 0001:00009b80       ?GetPluginInfoPtr@CPluginW1900@@UEAAXPEAX@Z 000000018000ab80 f   ConEmuPlugin1900.obj
 0001:00009c20       ?SetStartupInfoPtr@CPluginW1900@@UEAAXPEAX@Z 000000018000ac20 f   ConEmuPlugin1900.obj
 0001:00009df0       ?GetEditorModifiedState@CPluginW1900@@UEAAKXZ 000000018000adf0 f   ConEmuPlugin1900.obj
 0001:00009e60       ?ProcessEditorInputPtr@CPluginW1900@@UEAAHPEBX@Z 000000018000ae60 f   ConEmuPlugin1900.obj
 0001:00009ea0       ?GetWindowCount@CPluginW1900@@UEAAHXZ 000000018000aea0 f   ConEmuPlugin1900.obj
 0001:00009f00       ?UpdateConEmuTabsApi@CPluginW1900@@UEAA_NH@Z 000000018000af00 f   ConEmuPlugin1900.obj
 0001:0000a5a0       ?ExitFar@CPluginW1900@@UEAAXXZ 000000018000b5a0 f   ConEmuPlugin1900.obj
 0001:0000a650       ?ShowMessage@CPluginW1900@@UEAAHPEB_WH_N@Z 000000018000b650 f   ConEmuPlugin1900.obj
 0001:0000a710       ?GetMsg@CPluginW1900@@UEAAPEB_WHPEA_W_K@Z 000000018000b710 f   ConEmuPlugin1900.obj
 0001:0000a7b0       ?SetWindow@CPluginW1900@@UEAAXH@Z 000000018000b7b0 f   ConEmuPlugin1900.obj
 0001:0000a830       ?PostMacroApi@CPluginW1900@@UEAAXPEB_WPEAU_INPUT_RECORD@@_N@Z 000000018000b830 f   ConEmuPlugin1900.obj
 0001:0000b480       ?wcsstr@@YAPEA_WPEA_WPEB_W@Z 000000018000c480 f i ConEmuPlugin1900.obj
 0001:0000b4b0       ?ShowPluginMenu@CPluginW1900@@UEAAHPEAUConEmuPluginMenuItem@@HH@Z 000000018000c4b0 f   ConEmuPlugin1900.obj
 0001:0000b790       ?OpenEditor@CPluginW1900@@UEAA_NPEB_W_N11HH@Z 000000018000c790 f   ConEmuPlugin1900.obj
 0001:0000b9c0       ?ExecuteSynchroApi@CPluginW1900@@UEAA_NXZ 000000018000c9c0 f   ConEmuPlugin1900.obj
 0001:0000ba10       ?WaitEndSynchro@CPluginW1900@@UEAAXXZ 000000018000ca10 f   ConEmuPlugin1900.obj
 0001:0000ba20       ?StopWaitEndSynchro@CPluginW1900@@UEAAXXZ 000000018000ca20 f   ConEmuPlugin1900.obj
 0001:0000ba30       ?IsMacroActive@CPluginW1900@@UEAA_NXZ 000000018000ca30 f   ConEmuPlugin1900.obj
 0001:0000ba90       ?GetMacroArea@CPluginW1900@@UEAAHXZ 000000018000ca90 f   ConEmuPlugin1900.obj
 0001:0000bad0       ?RedrawAll@CPluginW1900@@UEAAXXZ 000000018000cad0 f   ConEmuPlugin1900.obj
 0001:0000bb20       ?InputBox@CPluginW1900@@UEAA_NPEB_W000AEAPEA_W@Z 000000018000cb20 f   ConEmuPlugin1900.obj
 0001:0000bbf0       ?ShowUserScreen@CPluginW1900@@UEAAX_N@Z 000000018000cbf0 f   ConEmuPlugin1900.obj
 0001:0000bc60       ?LoadFarColors@CPluginW1900@@UEAAXAEAY0BAA@E@Z 000000018000cc60 f   ConEmuPlugin1900.obj
 0001:0000be90       ?FarColor_3_2@@YAEAEBUFarColor@@@Z 000000018000ce90 f i ConEmuPlugin1900.obj
 0001:0000bfc0       ?Color2FgIndex@Far3Color@@SAXKAEAGPEBK@Z 000000018000cfc0 f i ConEmuPlugin1900.obj
 0001:0000c150       ?Max@Far3Color@@SAHHH@Z    000000018000d150 f i ConEmuPlugin1900.obj
 0001:0000c180       ?GetStdIndex@Far3Color@@SAHKPEBK@Z 000000018000d180 f i ConEmuPlugin1900.obj
 0001:0000c200       ?GetStdPalette@Far3Color@@SAPEBKXZ 000000018000d200 f i ConEmuPlugin1900.obj
 0001:0000c210       ?Color2BgIndex@Far3Color@@SAXKHAEAGPEBK@Z 000000018000d210 f i ConEmuPlugin1900.obj
 0001:0000c3f0       ?LoadFarSettings@CPluginW1900@@UEAAXPEAUCEFarInterfaceSettings@@PEAUCEFarPanelSettings@@@Z 000000018000d3f0 f   ConEmuPlugin1900.obj
 0001:0000c690       ?GetFarRect@CPluginW1900@@UEAA_NAEAU_SMALL_RECT@@@Z 000000018000d690 f   ConEmuPlugin1900.obj
 0001:0000c720       ?CheckPanelExist@CPluginW1900@@UEAA_NXZ 000000018000d720 f   ConEmuPlugin1900.obj
 0001:0000c790       ?GetActiveWindowType@CPluginW1900@@UEAAHXZ 000000018000d790 f   ConEmuPlugin1900.obj
 0001:0000c890       ?GetWindowTypeName@CPluginW1900@@UEAAPEB_WH@Z 000000018000d890 f   ConEmuPlugin1900.obj
 0001:0000c950       ?GuiMacroDlg@CPluginW1900@@UEAAXXZ 000000018000d950 f   ConEmuPlugin1900.obj
 0001:0000d0a0       ?Open@CPluginW1900@@UEAAPEAXPEBX@Z 000000018000e0a0 f   ConEmuPlugin1900.obj
 0001:0000d300       GetGlobalInfoW             000000018000e300 f   ConEmuPlugin2800.obj
 0001:0000d520       ??0CPluginW2800@@QEAA@XZ   000000018000e520 f   ConEmuPlugin2800.obj
 0001:0000d820       ??_GCPluginW2800@@UEAAPEAXI@Z 000000018000e820 f i ConEmuPlugin2800.obj
 0001:0000d820       ??_ECPluginW2800@@UEAAPEAXI@Z 000000018000e820 f i ConEmuPlugin2800.obj
 0001:0000d860       ??1CPluginW2800@@UEAA@XZ   000000018000e860 f i ConEmuPlugin2800.obj
 0001:0000d890       ?GetPanelDir@CPluginW2800@@UEAAPEA_WKPEA_WH@Z 000000018000e890 f   ConEmuPlugin2800.obj
 0001:0000dac0       ?GetPanelInfo@CPluginW2800@@UEAA_NKPEAUCEPanelInfo@@@Z 000000018000eac0 f   ConEmuPlugin2800.obj
 0001:0000e070       ?GetPanelItemInfo@CPluginW2800@@UEAA_NAEBUCEPanelInfo@@_N_JAEAU_WIN32_FIND_DATAW@@PEAPEA_W@Z 000000018000f070 f   ConEmuPlugin2800.obj
 0001:0000e3a0       ?PanelControlApi@CPluginW2800@@UEAA_JPEAXH_J0@Z 000000018000f3a0 f   ConEmuPlugin2800.obj
 0001:0000e410       ?GetPluginInfoPtr@CPluginW2800@@UEAAXPEAX@Z 000000018000f410 f   ConEmuPlugin2800.obj
 0001:0000e4b0       ?SetStartupInfoPtr@CPluginW2800@@UEAAXPEAX@Z 000000018000f4b0 f   ConEmuPlugin2800.obj
 0001:0000e680       ?GetEditorModifiedState@CPluginW2800@@UEAAKXZ 000000018000f680 f   ConEmuPlugin2800.obj
 0001:0000e6f0       ?ProcessEditorEventPtr@CPluginW2800@@UEAAHPEAX@Z 000000018000f6f0 f   ConEmuPlugin2800.obj
 0001:0000e730       ?ProcessViewerEventPtr@CPluginW2800@@UEAAHPEAX@Z 000000018000f730 f   ConEmuPlugin2800.obj
 0001:0000e770       ?ProcessSynchroEventPtr@CPluginW2800@@UEAAHPEAX@Z 000000018000f770 f   ConEmuPlugin2800.obj
 0001:0000e7b0       ?ProcessEditorInputPtr@CPluginW2800@@UEAAHPEBX@Z 000000018000f7b0 f   ConEmuPlugin2800.obj
 0001:0000e7f0       ?GetWindowCount@CPluginW2800@@UEAAHXZ 000000018000f7f0 f   ConEmuPlugin2800.obj
 0001:0000e850       ?UpdateConEmuTabsApi@CPluginW2800@@UEAA_NH@Z 000000018000f850 f   ConEmuPlugin2800.obj
 0001:0000f2a0       ?ExitFar@CPluginW2800@@UEAAXXZ 00000001800102a0 f   ConEmuPlugin2800.obj
 0001:0000f350       ?ShowMessage@CPluginW2800@@UEAAHPEB_WH_N@Z 0000000180010350 f   ConEmuPlugin2800.obj
 0001:0000f410       ?GetMsg@CPluginW2800@@UEAAPEB_WHPEA_W_K@Z 0000000180010410 f   ConEmuPlugin2800.obj
 0001:0000f4b0       ?SetWindow@CPluginW2800@@UEAAXH@Z 00000001800104b0 f   ConEmuPlugin2800.obj
 0001:0000f530       ?PostMacroApi@CPluginW2800@@UEAAXPEB_WPEAU_INPUT_RECORD@@_N@Z 0000000180010530 f   ConEmuPlugin2800.obj
 0001:0000fb50       ?ShowPluginMenu@CPluginW2800@@UEAAHPEAUConEmuPluginMenuItem@@HH@Z 0000000180010b50 f   ConEmuPlugin2800.obj
 0001:0000fe30       ?OpenEditor@CPluginW2800@@UEAA_NPEB_W_N11HH@Z 0000000180010e30 f   ConEmuPlugin2800.obj
 0001:00010070       ?ExecuteSynchroApi@CPluginW2800@@UEAA_NXZ 0000000180011070 f   ConEmuPlugin2800.obj
 0001:000100c0       ?WaitEndSynchro@CPluginW2800@@UEAAXXZ 00000001800110c0 f   ConEmuPlugin2800.obj
 0001:000100d0       ?StopWaitEndSynchro@CPluginW2800@@UEAAXXZ 00000001800110d0 f   ConEmuPlugin2800.obj
 0001:000100e0       ?IsMacroActive@CPluginW2800@@UEAA_NXZ 00000001800110e0 f   ConEmuPlugin2800.obj
 0001:00010140       ?GetMacroArea@CPluginW2800@@UEAAHXZ 0000000180011140 f   ConEmuPlugin2800.obj
 0001:00010180       ?RedrawAll@CPluginW2800@@UEAAXXZ 0000000180011180 f   ConEmuPlugin2800.obj
 0001:000101d0       ?InputBox@CPluginW2800@@UEAA_NPEB_W000AEAPEA_W@Z 00000001800111d0 f   ConEmuPlugin2800.obj
 0001:000102a0       ?ShowUserScreen@CPluginW2800@@UEAAX_N@Z 00000001800112a0 f   ConEmuPlugin2800.obj
 0001:00010310       ?LoadFarColors@CPluginW2800@@UEAAXAEAY0BAA@E@Z 0000000180011310 f   ConEmuPlugin2800.obj
 0001:00010540       ?LoadFarSettings@CPluginW2800@@UEAAXPEAUCEFarInterfaceSettings@@PEAUCEFarPanelSettings@@@Z 0000000180011540 f   ConEmuPlugin2800.obj
 0001:000107f0       ?GetFarRect@CPluginW2800@@UEAA_NAEAU_SMALL_RECT@@@Z 00000001800117f0 f   ConEmuPlugin2800.obj
 0001:00010880       ?CheckPanelExist@CPluginW2800@@UEAA_NXZ 0000000180011880 f   ConEmuPlugin2800.obj
 0001:000108f0       ?GetActiveWindowType@CPluginW2800@@UEAAHXZ 00000001800118f0 f   ConEmuPlugin2800.obj
 0001:00010a00       ?GetWindowTypeName@CPluginW2800@@UEAAPEB_WH@Z 0000000180011a00 f   ConEmuPlugin2800.obj
 0001:00010ac0       ?GuiMacroDlg@CPluginW2800@@UEAAXXZ 0000000180011ac0 f   ConEmuPlugin2800.obj
 0001:00011220       ?Open@CPluginW2800@@UEAAPEAXPEBX@Z 0000000180012220 f   ConEmuPlugin2800.obj
 0001:00011520       ??0FarMacroValue@@QEAA@XZ  0000000180012520 f i ConEmuPlugin2800.obj
 0001:00011570       ??0?$MArray@UWindowInfo@@@@QEAA@XZ 0000000180012570 f i ConEmuPlugin2800.obj
 0001:000115d0       ??1?$MArray@UWindowInfo@@@@QEAA@XZ 00000001800125d0 f i ConEmuPlugin2800.obj
 0001:000115f0       ??A?$MArray@UWindowInfo@@@@QEBAAEBUWindowInfo@@_J@Z 00000001800125f0 f i ConEmuPlugin2800.obj
 0001:00011610       ??A?$MArray@UWindowInfo@@@@QEAAAEAUWindowInfo@@_J@Z 0000000180012610 f i ConEmuPlugin2800.obj
 0001:00011630       ?push_back@?$MArray@UWindowInfo@@@@QEAA_JAEBUWindowInfo@@@Z 0000000180012630 f i ConEmuPlugin2800.obj
 0001:00011700       ?insert@?$MArray@UWindowInfo@@@@QEAAX_JAEBUWindowInfo@@@Z 0000000180012700 f i ConEmuPlugin2800.obj
 0001:00011810       ?erase@?$MArray@UWindowInfo@@@@QEAAX_J@Z 0000000180012810 f i ConEmuPlugin2800.obj
 0001:000118d0       ?size@?$MArray@UWindowInfo@@@@QEBA_JXZ 00000001800128d0 f i ConEmuPlugin2800.obj
 0001:000118e0       ?clear@?$MArray@UWindowInfo@@@@QEAAXXZ 00000001800128e0 f i ConEmuPlugin2800.obj
 0001:00011930       ?addsize@?$MArray@UWindowInfo@@@@QEAAX_J@Z 0000000180012930 f i ConEmuPlugin2800.obj
 0001:00011a70       ??0CPluginW995@@QEAA@XZ    0000000180012a70 f   ConEmuPlugin995.obj
 0001:00011d80       ?Open@CPluginW995@@UEAAPEAXPEBX@Z 0000000180012d80 f i ConEmuPlugin995.obj
 0001:00011da0       ?ProcessEditorEventPtr@CPluginW995@@UEAAHPEAX@Z 0000000180012da0 f i ConEmuPlugin995.obj
 0001:00011db0       ?ProcessSynchroEventPtr@CPluginW995@@UEAAHPEAX@Z 0000000180012db0 f i ConEmuPlugin995.obj
 0001:00011dc0       ?ProcessViewerEventPtr@CPluginW995@@UEAAHPEAX@Z 0000000180012dc0 f i ConEmuPlugin995.obj
 0001:00011dd0       ??_ECPluginW995@@UEAAPEAXI@Z 0000000180012dd0 f i ConEmuPlugin995.obj
 0001:00011dd0       ??_GCPluginW995@@UEAAPEAXI@Z 0000000180012dd0 f i ConEmuPlugin995.obj
 0001:00011e10       ??1CPluginW995@@UEAA@XZ    0000000180012e10 f i ConEmuPlugin995.obj
 0001:00011e40       ?GetPanelDir@CPluginW995@@UEAAPEA_WKPEA_WH@Z 0000000180012e40 f   ConEmuPlugin995.obj
 0001:00012030       ?GetPanelInfo@CPluginW995@@UEAA_NKPEAUCEPanelInfo@@@Z 0000000180013030 f   ConEmuPlugin995.obj
 0001:000124f0       ?GetPanelItemInfo@CPluginW995@@UEAA_NAEBUCEPanelInfo@@_N_JAEAU_WIN32_FIND_DATAW@@PEAPEA_W@Z 00000001800134f0 f   ConEmuPlugin995.obj
 0001:00012800       ?PanelControlApi@CPluginW995@@UEAA_JPEAXH_J0@Z 0000000180013800 f   ConEmuPlugin995.obj
 0001:00012870       ?GetPluginInfoPtr@CPluginW995@@UEAAXPEAX@Z 0000000180013870 f   ConEmuPlugin995.obj
 0001:00012930       ?SetStartupInfoPtr@CPluginW995@@UEAAXPEAX@Z 0000000180013930 f   ConEmuPlugin995.obj
 0001:00012b30       ?GetEditorModifiedState@CPluginW995@@UEAAKXZ 0000000180013b30 f   ConEmuPlugin995.obj
 0001:00012b90       ?ProcessEditorInputPtr@CPluginW995@@UEAAHPEBX@Z 0000000180013b90 f   ConEmuPlugin995.obj
 0001:00012bd0       ?GetWindowCount@CPluginW995@@UEAAHXZ 0000000180013bd0 f   ConEmuPlugin995.obj
 0001:00012c30       ?UpdateConEmuTabsApi@CPluginW995@@UEAA_NH@Z 0000000180013c30 f   ConEmuPlugin995.obj
 0001:00012fb0       ?ExitFar@CPluginW995@@UEAAXXZ 0000000180013fb0 f   ConEmuPlugin995.obj
 0001:00013060       ?ShowMessage@CPluginW995@@UEAAHPEB_WH_N@Z 0000000180014060 f   ConEmuPlugin995.obj
 0001:00013120       ?GetMsg@CPluginW995@@UEAAPEB_WHPEA_W_K@Z 0000000180014120 f   ConEmuPlugin995.obj
 0001:000131c0       ?SetWindow@CPluginW995@@UEAAXH@Z 00000001800141c0 f   ConEmuPlugin995.obj
 0001:00013240       ?PostMacroApi@CPluginW995@@UEAAXPEB_WPEAU_INPUT_RECORD@@_N@Z 0000000180014240 f   ConEmuPlugin995.obj
 0001:00013340       ?ShowPluginMenu@CPluginW995@@UEAAHPEAUConEmuPluginMenuItem@@HH@Z 0000000180014340 f   ConEmuPlugin995.obj
 0001:000135c0       ?OpenEditor@CPluginW995@@UEAA_NPEB_W_N11HH@Z 00000001800145c0 f   ConEmuPlugin995.obj
 0001:000137d0       ?ExecuteSynchroApi@CPluginW995@@UEAA_NXZ 00000001800147d0 f   ConEmuPlugin995.obj
 0001:00013820       ?WaitEndSynchro@CPluginW995@@UEAAXXZ 0000000180014820 f   ConEmuPlugin995.obj
 0001:00013a90       ?StopWaitEndSynchro@CPluginW995@@UEAAXXZ 0000000180014a90 f   ConEmuPlugin995.obj
 0001:00013ad0       ?IsMacroActive@CPluginW995@@UEAA_NXZ 0000000180014ad0 f   ConEmuPlugin995.obj
 0001:00013b50       ?GetMacroArea@CPluginW995@@UEAAHXZ 0000000180014b50 f   ConEmuPlugin995.obj
 0001:00013ba0       ?RedrawAll@CPluginW995@@UEAAXXZ 0000000180014ba0 f   ConEmuPlugin995.obj
 0001:00013bf0       ?InputBox@CPluginW995@@UEAA_NPEB_W000AEAPEA_W@Z 0000000180014bf0 f   ConEmuPlugin995.obj
 0001:00013ca0       ?ShowUserScreen@CPluginW995@@UEAAX_N@Z 0000000180014ca0 f   ConEmuPlugin995.obj
 0001:00013d10       ?LoadFarColors@CPluginW995@@UEAAXAEAY0BAA@E@Z 0000000180014d10 f   ConEmuPlugin995.obj
 0001:00013e20       ?LoadFarSettings@CPluginW995@@UEAAXPEAUCEFarInterfaceSettings@@PEAUCEFarPanelSettings@@@Z 0000000180014e20 f   ConEmuPlugin995.obj
 0001:00013eb0       ?GetFarRect@CPluginW995@@UEAA_NAEAU_SMALL_RECT@@@Z 0000000180014eb0 f   ConEmuPlugin995.obj
 0001:00013f40       ?CheckPanelExist@CPluginW995@@UEAA_NXZ 0000000180014f40 f   ConEmuPlugin995.obj
 0001:00013fb0       ?GetActiveWindowType@CPluginW995@@UEAAHXZ 0000000180014fb0 f   ConEmuPlugin995.obj
 0001:000140d0       ?GetWindowTypeName@CPluginW995@@UEAAPEB_WH@Z 00000001800150d0 f   ConEmuPlugin995.obj
 0001:00014190       ?GuiMacroDlg@CPluginW995@@UEAAXXZ 0000000180015190 f   ConEmuPlugin995.obj
 0001:00014870       ??0CPluginAnsi@@QEAA@XZ    0000000180015870 f   ConEmuPluginA.obj
 0001:00014b40       ?ExecuteSynchroApi@CPluginAnsi@@UEAA_NXZ 0000000180015b40 f i ConEmuPluginA.obj
 0001:00014b50       ?GetFarRect@CPluginAnsi@@UEAA_NAEAU_SMALL_RECT@@@Z 0000000180015b50 f i ConEmuPluginA.obj
 0001:00014b60       ?Open@CPluginAnsi@@UEAAPEAXPEBX@Z 0000000180015b60 f i ConEmuPluginA.obj
 0001:00014b80       ?ProcessEditorEventPtr@CPluginAnsi@@UEAAHPEAX@Z 0000000180015b80 f i ConEmuPluginA.obj
 0001:00014b90       ?ProcessEditorInputPtr@CPluginAnsi@@UEAAHPEBX@Z 0000000180015b90 f i ConEmuPluginA.obj
 0001:00014ba0       ?ProcessSynchroEventPtr@CPluginAnsi@@UEAAHPEAX@Z 0000000180015ba0 f i ConEmuPluginA.obj
 0001:00014bb0       ?ProcessViewerEventPtr@CPluginAnsi@@UEAAHPEAX@Z 0000000180015bb0 f i ConEmuPluginA.obj
 0001:00014bc0       ?StopWaitEndSynchro@CPluginAnsi@@UEAAXXZ 0000000180015bc0 f i ConEmuPluginA.obj
 0001:00014bd0       ?WaitEndSynchro@CPluginAnsi@@UEAAXXZ 0000000180015bd0 f i ConEmuPluginA.obj
 0001:00014be0       ??_GCPluginAnsi@@UEAAPEAXI@Z 0000000180015be0 f i ConEmuPluginA.obj
 0001:00014be0       ??_ECPluginAnsi@@UEAAPEAXI@Z 0000000180015be0 f i ConEmuPluginA.obj
 0001:00014c20       ??1CPluginAnsi@@UEAA@XZ    0000000180015c20 f i ConEmuPluginA.obj
 0001:00014c50       ?GetPanelDir@CPluginAnsi@@UEAAPEA_WKPEA_WH@Z 0000000180015c50 f   ConEmuPluginA.obj
 0001:00014dc0       ?GetPanelInfo@CPluginAnsi@@UEAA_NKPEAUCEPanelInfo@@@Z 0000000180015dc0 f   ConEmuPluginA.obj
 0001:000151f0       ?GetPanelItemInfo@CPluginAnsi@@UEAA_NAEBUCEPanelInfo@@_N_JAEAU_WIN32_FIND_DATAW@@PEAPEA_W@Z 00000001800161f0 f   ConEmuPluginA.obj
 0001:00015420       ?PanelControlApi@CPluginAnsi@@UEAA_JPEAXH_J0@Z 0000000180016420 f   ConEmuPluginA.obj
 0001:00015490       ?SetStartupInfoPtr@CPluginAnsi@@UEAAXPEAX@Z 0000000180016490 f   ConEmuPluginA.obj
 0001:00015690       ?GetPluginInfoPtr@CPluginAnsi@@UEAAXPEAX@Z 0000000180016690 f   ConEmuPluginA.obj
 0001:00015780       ?GetEditorModifiedState@CPluginAnsi@@UEAAKXZ 0000000180016780 f   ConEmuPluginA.obj
 0001:000157f0       ?GetWindowCount@CPluginAnsi@@UEAAHXZ 00000001800167f0 f   ConEmuPluginA.obj
 0001:00015850       ?UpdateConEmuTabsApi@CPluginAnsi@@UEAA_NH@Z 0000000180016850 f   ConEmuPluginA.obj
 0001:00015be0       ?ExitFar@CPluginAnsi@@UEAAXXZ 0000000180016be0 f   ConEmuPluginA.obj
 0001:00015c40       ?SetWindow@CPluginAnsi@@UEAAXH@Z 0000000180016c40 f   ConEmuPluginA.obj
 0001:00015cc0       ?PostMacroApi@CPluginAnsi@@UEAAXPEB_WPEAU_INPUT_RECORD@@_N@Z 0000000180016cc0 f   ConEmuPluginA.obj
 0001:00015df0       ?ShowPluginMenu@CPluginAnsi@@UEAAHPEAUConEmuPluginMenuItem@@HH@Z 0000000180016df0 f   ConEmuPluginA.obj
 0001:000160f0       ?OpenEditor@CPluginAnsi@@UEAA_NPEB_W_N11HH@Z 00000001800170f0 f   ConEmuPluginA.obj
 0001:00016320       ?ShowMessage@CPluginAnsi@@UEAAHPEB_WH_N@Z 0000000180017320 f   ConEmuPluginA.obj
 0001:00016440       ?GetMsg@CPluginAnsi@@UEAAPEB_WHPEA_W_K@Z 0000000180017440 f   ConEmuPluginA.obj
 0001:00016540       ?IsMacroActive@CPluginAnsi@@UEAA_NXZ 0000000180017540 f   ConEmuPluginA.obj
 0001:000165c0       ?GetMacroArea@CPluginAnsi@@UEAAHXZ 00000001800175c0 f   ConEmuPluginA.obj
 0001:000165d0       ?RedrawAll@CPluginAnsi@@UEAAXXZ 00000001800175d0 f   ConEmuPluginA.obj
 0001:00016620       ?InputBox@CPluginAnsi@@UEAA_NPEB_W000AEAPEA_W@Z 0000000180017620 f   ConEmuPluginA.obj
 0001:000167b0       ?ShowUserScreen@CPluginAnsi@@UEAAX_N@Z 00000001800177b0 f   ConEmuPluginA.obj
 0001:00016820       ?LoadFarColors@CPluginAnsi@@UEAAXAEAY0BAA@E@Z 0000000180017820 f   ConEmuPluginA.obj
 0001:00016930       ?LoadFarSettings@CPluginAnsi@@UEAAXPEAUCEFarInterfaceSettings@@PEAUCEFarPanelSettings@@@Z 0000000180017930 f   ConEmuPluginA.obj
 0001:000169c0       ?CheckPanelExist@CPluginAnsi@@UEAA_NXZ 00000001800179c0 f   ConEmuPluginA.obj
 0001:00016a30       ?GetActiveWindowType@CPluginAnsi@@UEAAHXZ 0000000180017a30 f   ConEmuPluginA.obj
 0001:00016ab0       ?GetWindowTypeName@CPluginAnsi@@UEAAPEB_WH@Z 0000000180017ab0 f   ConEmuPluginA.obj
 0001:00016b70       ?GuiMacroDlg@CPluginAnsi@@UEAAXXZ 0000000180017b70 f   ConEmuPluginA.obj
 0001:00017370       ?Plugin@@YAPEAVCPluginBase@@XZ 0000000180018370 f   ConEmuPluginBase.obj
 0001:000174d0       ??0CPluginBase@@QEAA@XZ    00000001800184d0 f   ConEmuPluginBase.obj
 0001:00017820       ??_ECPluginBase@@UEAAPEAXI@Z 0000000180018820 f i ConEmuPluginBase.obj
 0001:00017820       ??_GCPluginBase@@UEAAPEAXI@Z 0000000180018820 f i ConEmuPluginBase.obj
 0001:00017860       ??1CPluginBase@@UEAA@XZ    0000000180018860 f   ConEmuPluginBase.obj
 0001:00017880       ?DllMain_ProcessAttach@CPluginBase@@KAXPEAUHINSTANCE__@@@Z 0000000180018880 f   ConEmuPluginBase.obj
 0001:000179a0       ?DllMain_ProcessDetach@CPluginBase@@KAXXZ 00000001800189a0 f   ConEmuPluginBase.obj
 0001:00017b80       ??_GMSection@@QEAAPEAXI@Z  0000000180018b80 f i ConEmuPluginBase.obj
 0001:00017bc0       ??_GCPluginBackground@@QEAAPEAXI@Z 0000000180018bc0 f i ConEmuPluginBase.obj
 0001:00017c00       ?LoadFarVersion@CPluginBase@@SA_NXZ 0000000180018c00 f   ConEmuPluginBase.obj
 0001:000180e0       ?ShowMessageGui@CPluginBase@@QEAAHHH@Z 00000001800190e0 f   ConEmuPluginBase.obj
 0001:000181b0       ?BackgroundMacroError@CPluginBase@@SAKPEAX@Z 00000001800191b0 f   ConEmuPluginBase.obj
 0001:00018200       ?PostMacro@CPluginBase@@QEAAXPEB_WPEAU_INPUT_RECORD@@_N@Z 0000000180019200 f   ConEmuPluginBase.obj
 0001:000182c0       ?isMacroActive@CPluginBase@@QEAA_NAEAH@Z 00000001800192c0 f   ConEmuPluginBase.obj
 0001:00018350       ?CheckBufferEnabled@CPluginBase@@QEAA_NXZ 0000000180019350 f   ConEmuPluginBase.obj
 0001:00018400       ?PanelControl@CPluginBase@@QEAA_JPEAXH_J0@Z 0000000180019400 f   ConEmuPluginBase.obj
 0001:000184f0       ?GetPanelInfo@CPluginBase@@QEAA_NKPEAUBkPanelInfo@@@Z 00000001800194f0 f   ConEmuPluginBase.obj
 0001:000185e0       ?FillUpdateBackground@CPluginBase@@QEAAXPEAUPaintBackgroundArg@@@Z 00000001800195e0 f   ConEmuPluginBase.obj
 0001:00018810       ?StorePanelDirs@CPluginBase@@QEAA_NPEB_W0@Z 0000000180019810 f   ConEmuPluginBase.obj
 0001:00018a40       wmemmove                   0000000180019a40 f i ConEmuPluginBase.obj
 0001:00018a70       ?UpdatePanelDirs@CPluginBase@@QEAAXXZ 0000000180019a70 f   ConEmuPluginBase.obj
 0001:00018c70       ?IsFarLua@FarVersion@@QEBA_NXZ 0000000180019c70 f i ConEmuPluginBase.obj
 0001:00018cd0       ?RunExternalProgram@CPluginBase@@QEAA_NPEA_W@Z 0000000180019cd0 f   ConEmuPluginBase.obj
 0001:00018f70       ?ProcessCommandLine@CPluginBase@@QEAA_NPEA_W@Z 0000000180019f70 f   ConEmuPluginBase.obj
 0001:00018fd0       ?ShowPluginMenu@CPluginBase@@QEAAXW4PluginCallCommands@@@Z 0000000180019fd0 f   ConEmuPluginBase.obj
 0001:00019310       ?ShowTabsList@CPluginBase@@QEAAXXZ 000000018001a310 f   ConEmuPluginBase.obj
 0001:00019840       ?ShowPanelsList@CPluginBase@@QEAAXXZ 000000018001a840 f   ConEmuPluginBase.obj
 0001:00019a50       ?DataSize@CESERVER_REQ@@QEAAKXZ 000000018001aa50 f i ConEmuPluginBase.obj
 0001:00019a90       ?EditViewConsoleOutput@CPluginBase@@QEAAX_N@Z 000000018001aa90 f   ConEmuPluginBase.obj
 0001:00019ba0       ?SwitchTabCommand@CPluginBase@@QEAAXW4PluginMenuCommands@@@Z 000000018001aba0 f   ConEmuPluginBase.obj
 0001:00019c70       ?ProcessSynchroEvent@CPluginBase@@QEAAHHPEAX@Z 000000018001ac70 f   ConEmuPluginBase.obj
 0001:00019d30       ?ProcessEditorInputInternal@CPluginBase@@QEAAXAEBU_INPUT_RECORD@@@Z 000000018001ad30 f   ConEmuPluginBase.obj
 0001:00019d90       ?ProcessEditorViewerEvent@CPluginBase@@QEAAHHH@Z 000000018001ad90 f   ConEmuPluginBase.obj
 0001:00019ee0       ?isModalEditorViewer@CPluginBase@@QEAA_NXZ 000000018001aee0 f   ConEmuPluginBase.obj
 0001:00019f30       ?GetMainThreadId@CPluginBase@@SAKXZ 000000018001af30 f   ConEmuPluginBase.obj
 0001:00019fe0       ?ShowConsoleInfo@CPluginBase@@QEAAXXZ 000000018001afe0 f   ConEmuPluginBase.obj
 0001:0001a280       ?RunExternalProgramW@CPluginBase@@SA_NPEA_W0_N@Z 000000018001b280 f   ConEmuPluginBase.obj
 0001:0001a5b0       ?StartDebugger@CPluginBase@@QEAA_NXZ 000000018001b5b0 f   ConEmuPluginBase.obj
 0001:0001a980       ?Attach2Gui@CPluginBase@@QEAA_NXZ 000000018001b980 f   ConEmuPluginBase.obj
 0001:0001af40       ?FindServerCmd@CPluginBase@@QEAA_NKAEAK_N@Z 000000018001bf40 f   ConEmuPluginBase.obj
 0001:0001b060       ?ShowMessage@CPluginBase@@QEAAHHH@Z 000000018001c060 f   ConEmuPluginBase.obj
 0001:0001b0f0       ?OutDataAlloc@CPluginBase@@SA_NK@Z 000000018001c0f0 f   ConEmuPluginBase.obj
 0001:0001b170       ?OutDataRealloc@CPluginBase@@SA_NK@Z 000000018001c170 f   ConEmuPluginBase.obj
 0001:0001b270       ?OutDataWrite@CPluginBase@@SA_NPEAXK@Z 000000018001c270 f   ConEmuPluginBase.obj
 0001:0001b360       ?CreateTabs@CPluginBase@@SA_NH@Z 000000018001c360 f   ConEmuPluginBase.obj
 0001:0001b460       ?AddTab@CPluginBase@@QEAA_NAEAHH_N1HPEB_W2HHHH@Z 000000018001c460 f   ConEmuPluginBase.obj
 0001:0001baa0       wmemcmp                    000000018001caa0 f i ConEmuPluginBase.obj
 0001:0001bb30       ?SendTabs@CPluginBase@@SAXH_N@Z 000000018001cb30 f   ConEmuPluginBase.obj
 0001:0001bd70       ?CloseTabs@CPluginBase@@SAXXZ 000000018001cd70 f   ConEmuPluginBase.obj
 0001:0001be00       ?UpdateConEmuTabs@CPluginBase@@QEAA_N_N@Z 000000018001ce00 f   ConEmuPluginBase.obj
 0001:0001c210       ?CheckResources@CPluginBase@@QEAAX_N@Z 000000018001d210 f   ConEmuPluginBase.obj
 0001:0001c3a0       ?InitResources@CPluginBase@@QEAAXXZ 000000018001d3a0 f   ConEmuPluginBase.obj
 0001:0001c730       ?CloseMapHeader@CPluginBase@@SAXXZ 000000018001d730 f   ConEmuPluginBase.obj
 0001:0001c760       ?OpenMapHeader@CPluginBase@@SAHXZ 000000018001d760 f   ConEmuPluginBase.obj
 0001:0001c8b0       ?InitRootRegKey@CPluginBase@@IEAAXXZ 000000018001d8b0 f   ConEmuPluginBase.obj
 0001:0001ca10       ?SetRootRegKey@CPluginBase@@IEAAXPEA_W@Z 000000018001da10 f   ConEmuPluginBase.obj
 0001:0001cb40       ?LoadPanelTabsFromRegistry@CPluginBase@@IEAAXXZ 000000018001db40 f   ConEmuPluginBase.obj
 0001:0001ccb0       ?InitHWND@CPluginBase@@SAXXZ 000000018001dcb0 f   ConEmuPluginBase.obj
 0001:0001cff0       ?CheckConEmuDetached@CPluginBase@@SAXXZ 000000018001dff0 f   ConEmuPluginBase.obj
 0001:0001d0a0       ?EmergencyShow@CPluginBase@@KAXXZ 000000018001e0a0 f   ConEmuPluginBase.obj
 0001:0001d110       ?MonitorThreadProcW@CPluginBase@@SAKPEAX@Z 000000018001e110 f   ConEmuPluginBase.obj
 0001:0001d640       ?OpenPluginCommon@CPluginBase@@QEAAPEAXH_J_N@Z 000000018001e640 f   ConEmuPluginBase.obj
 0001:0001db10       ?ExitFarCommon@CPluginBase@@QEAAX_N@Z 000000018001eb10 f   ConEmuPluginBase.obj
 0001:0001db80       ?OnMainThreadActivated@CPluginBase@@QEAAXXZ 000000018001eb80 f   ConEmuPluginBase.obj
 0001:0001dd80       ?ProcessSetWindowCommand@CPluginBase@@QEAAXXZ 000000018001ed80 f   ConEmuPluginBase.obj
 0001:0001def0       ?CommonPluginStartup@CPluginBase@@QEAAXXZ 000000018001eef0 f   ConEmuPluginBase.obj
 0001:0001e020       ?StopThread@CPluginBase@@QEAAX_N@Z 000000018001f020 f   ConEmuPluginBase.obj
 0001:0001e450       ??_G?$MFileMapping@UCESERVER_CONSOLE_MAPPING_HDR@@@@QEAAPEAXI@Z 000000018001f450 f i ConEmuPluginBase.obj
 0001:0001e490       ?ShutdownPluginStep@CPluginBase@@SAXPEB_WHHHH@Z 000000018001f490 f   ConEmuPluginBase.obj
 0001:0001e4b0       ?ExecuteSynchro@CPluginBase@@QEAAXXZ 000000018001f4b0 f   ConEmuPluginBase.obj
 0001:0001e590       ?WaitPluginActivation@CPluginBase@@SAKKPEAPEAXHK@Z 000000018001f590 f   ConEmuPluginBase.obj
 0001:0001e720       ?ActivatePlugin@CPluginBase@@QEAA_NKPEAXK@Z 000000018001f720 f   ConEmuPluginBase.obj
 0001:0001ea50       ?cmd_OpenEditorLine@CPluginBase@@QEAA_NPEAUCESERVER_REQ_FAREDITOR@@@Z 000000018001fa50 f   ConEmuPluginBase.obj
 0001:0001eb80       ?cmd_RedrawFarCall@CPluginBase@@QEAA_NAEAPEAUCESERVER_REQ@@PEAPEAU2@@Z 000000018001fb80 f   ConEmuPluginBase.obj
 0001:0001ec70       ?cmd_SetWindow@CPluginBase@@QEAA_NPEAX_N@Z 000000018001fc70 f   ConEmuPluginBase.obj
 0001:0001ed50       ?cmd_LeftClickSync@CPluginBase@@QEAAXPEAX@Z 000000018001fd50 f   ConEmuPluginBase.obj
 0001:0001eee0       ?cmd_CloseQSearch@CPluginBase@@QEAAXXZ 000000018001fee0 f   ConEmuPluginBase.obj
 0001:0001ef40       ?cmd_EMenu@CPluginBase@@QEAAXPEAX@Z 000000018001ff40 f   ConEmuPluginBase.obj
 0001:0001f050       ?cmd_ExternalCallback@CPluginBase@@QEAA_NPEAX@Z 0000000180020050 f   ConEmuPluginBase.obj
 0001:0001f0f0       ?cmd_ConSetFont@CPluginBase@@QEAAXPEAX@Z 00000001800200f0 f   ConEmuPluginBase.obj
 0001:0001f170       ?cmd_GuiChanged@CPluginBase@@QEAAXPEAX@Z 0000000180020170 f   ConEmuPluginBase.obj
 0001:0001f280       ?ProcessCommand@CPluginBase@@QEAA_NKHPEAXPEAPEAUCESERVER_REQ@@_N@Z 0000000180020280 f   ConEmuPluginBase.obj
 0001:0001f9a0       ?FarSetConsoleSize@CPluginBase@@SA_NFF@Z 00000001800209a0 f   ConEmuPluginBase.obj
 0001:0001fb10       ?ReloadFarInfoApi@CPluginBase@@IEAA_NXZ 0000000180020b10 f   ConEmuPluginBase.obj
 0001:0001fdc0       ?ReloadFarInfo@CPluginBase@@QEAA_N_N@Z 0000000180020dc0 f   ConEmuPluginBase.obj
 0001:000200e0       ?pcc_Selected@CPluginBase@@SA_NW4PluginMenuCommands@@@Z 00000001800210e0 f   ConEmuPluginBase.obj
 0001:00020160       ?pcc_Disabled@CPluginBase@@SA_NW4PluginMenuCommands@@@Z 0000000180021160 f   ConEmuPluginBase.obj
 0001:00020240       ?TouchReadPeekConsoleInputs@CPluginBase@@SAXH@Z 0000000180021240 f   ConEmuPluginBase.obj
 0001:000202a0       ?OnConsolePeekReadInput@CPluginBase@@SAX_N@Z 00000001800212a0 f   ConEmuPluginBase.obj
 0001:00020510       ?ActiveServerPID@CESERVER_CONSOLE_MAPPING_HDR@@QEBAKXZ 0000000180021510 f i ConEmuPluginBase.obj
 0001:00020550       ?UngetDummyMouseEvent@CPluginBase@@SA_N_NPEAUHookCallbackArg@@@Z 0000000180021550 f   ConEmuPluginBase.obj
 0001:000207c0       ??4HANDLE2@@QEAAAEAU0@PEAX@Z 00000001800217c0 f i ConEmuPluginBase.obj
 0001:000207e0       ?FillLoadedParm@CPluginBase@@SAXPEAUConEmuLoadedArg@@PEAUHINSTANCE__@@H@Z 00000001800217e0 f   ConEmuPluginBase.obj
 0001:00020920       ?NotifyConEmuUnloaded@CPluginBase@@SAXXZ 0000000180021920 f   ConEmuPluginBase.obj
 0001:00020a70       ?OnPanelViewCallbacks@CPluginBase@@SA_NPEAUHookCallbackArg@@P6AHPEAXPEAU_INPUT_RECORD@@KPEAKPEAH@Z5@Z 0000000180021a70 f   ConEmuPluginBase.obj
 0001:00020bc0       ?OnShellExecuteExW_Except@CPluginBase@@SAXPEAUHookCallbackArg@@@Z 0000000180021bc0 f   ConEmuPluginBase.obj
 0001:00020c10       ?OnGetNumberOfConsoleInputEventsPost@CPluginBase@@SAXPEAUHookCallbackArg@@@Z 0000000180021c10 f   ConEmuPluginBase.obj
 0001:00020c50       ?OnConsolePeekInput@CPluginBase@@SAHPEAUHookCallbackArg@@@Z 0000000180021c50 f   ConEmuPluginBase.obj
 0001:00020ce0       ?OnConsolePeekInputPost@CPluginBase@@SAXPEAUHookCallbackArg@@@Z 0000000180021ce0 f   ConEmuPluginBase.obj
 0001:00020d30       ?OnConsoleReadInputWork@CPluginBase@@SAHPEAUHookCallbackArg@@@Z 0000000180021d30 f   ConEmuPluginBase.obj
 0001:00020de0       ?OnConsoleReadInput@CPluginBase@@SAHPEAUHookCallbackArg@@@Z 0000000180021de0 f   ConEmuPluginBase.obj
 0001:00020e00       ?OnConsoleReadInputPost@CPluginBase@@SAXPEAUHookCallbackArg@@@Z 0000000180021e00 f   ConEmuPluginBase.obj
 0001:000210b0       ?OnWriteConsoleOutput@CPluginBase@@SAHPEAUHookCallbackArg@@@Z 00000001800220b0 f   ConEmuPluginBase.obj
 0001:000211d0       ?OnConsoleDetaching@CPluginBase@@SAHPEAUHookCallbackArg@@@Z 00000001800221d0 f   ConEmuPluginBase.obj
 0001:00021330       ?OnConsoleWasAttached@CPluginBase@@SAXPEAUHookCallbackArg@@@Z 0000000180022330 f   ConEmuPluginBase.obj
 0001:000213b0       ?OnCurDirChanged@CPluginBase@@SAXXZ 00000001800223b0 f   ConEmuPluginBase.obj
 0001:00021440       ?OnLibraryLoaded@CPluginBase@@SAXPEAUHINSTANCE__@@@Z 0000000180022440 f   ConEmuPluginBase.obj
 0001:000214f0       ?ToUnicode@CPluginBase@@SAPEA_WPEBD@Z 00000001800224f0 f   ConEmuPluginBase.obj
 0001:00021590       ?ToOem@CPluginBase@@SAXPEB_WPEAD_J@Z 0000000180022590 f   ConEmuPluginBase.obj
 0001:00021610       ?ToOem@CPluginBase@@SAPEADPEB_W@Z 0000000180022610 f   ConEmuPluginBase.obj
 0001:00021680       ?ProcessDragFrom@CPluginBase@@QEAAXXZ 0000000180022680 f   ConEmuPluginBase.obj
 0001:00021f40       ?ProcessDragTo@CPluginBase@@QEAAXXZ 0000000180022f40 f   ConEmuPluginBase.obj
 0001:00022400       ?IsCurrentTabModal@CPluginBase@@QEAA_NXZ 0000000180023400 f   ConEmuPluginBase.obj
 0001:00022500       ?PrintText@CPluginBase@@QEAA_NPEB_W@Z 0000000180023500 f   ConEmuPluginBase.obj
 0001:000228e0       ?Ptr@?$MFileMapping@UCESERVER_CONSOLE_MAPPING_HDR@@@@QEAAPEAUCESERVER_CONSOLE_MAPPING_HDR@@XZ 00000001800238e0 f i ConEmuPluginBase.obj
 0001:000228f0       ??$wcscpy_c@$0BBE@@@YAHAEAY0BBE@_WPEB_W@Z 00000001800238f0 f i ConEmuPluginBase.obj
 0001:00022920       ??$wcscat_c@$0BBE@@@YAHAEAY0BBE@_WPEB_W@Z 0000000180023920 f i ConEmuPluginBase.obj
 0001:00022950       ??$wcscat_c@$0CAE@@@YAHAEAY0CAE@_WPEB_W@Z 0000000180023950 f i ConEmuPluginBase.obj
 0001:00022980       ?EvaluateDefaultFontWidth@@YAHHPEB_W@Z 0000000180023980 f   EmergencyShow.obj
 0001:00022b00       ?SetUserFriendlyFont@@YAXPEAUHWND__@@HH@Z 0000000180023b00 f   EmergencyShow.obj
 0001:000230c0       ?CorrectConsolePos@@YAXPEAUHWND__@@@Z 00000001800240c0 f   EmergencyShow.obj
 0001:000232a0       ?EmergencyShow@@YAXPEAUHWND__@@HH@Z 00000001800242a0 f   EmergencyShow.obj
 0001:00023420       ?IsFileBatch@@YA_NPEB_W@Z  0000000180024420 f   Execute.obj
 0001:000234c0       ?GetImageSubsystem@@YA_NPEB_WAEAK11@Z 00000001800244c0 f   Execute.obj
 0001:000238d0       ?GetImageSubsystem@@YA_NAEAK0@Z 00000001800248d0 f   Execute.obj
 0001:000239b0       ?GetImageSubsystem@@YA_NU_PROCESS_INFORMATION@@AEAK1@Z 00000001800249b0 f   Execute.obj
 0001:00023cb0       ?GetEnclosingSectionHeader@@YAPEAU_IMAGE_SECTION_HEADER@@KPEAUIMAGE_MAPPING@@@Z 0000000180024cb0 f   Execute.obj
 0001:00023d60       ?GetPtrFromRVA@@YAPEAXKPEAUIMAGE_MAPPING@@@Z 0000000180024d60 f   Execute.obj
 0001:00023df0       ?FindImageSubsystem@@YA_NPEB_WAEAK1PEAK@Z 0000000180024df0 f   Execute.obj
 0001:00024c60       ?HeapInitialize@@YA_NXZ    0000000180025c60 f   Memory.obj
 0001:00024cb0       ?HeapDeinitialize@@YAXXZ   0000000180025cb0 f   Memory.obj
 0001:00024ce0       ?xf_malloc@@YAPEAX_K@Z     0000000180025ce0 f   Memory.obj
 0001:00024d10       ?xf_calloc@@YAPEAX_K0@Z    0000000180025d10 f   Memory.obj
 0001:00024d50       ?xf_realloc@@YAPEAXPEAX_K@Z 0000000180025d50 f   Memory.obj
 0001:00024da0       ?xf_free@@YAXPEAX@Z        0000000180025da0 f   Memory.obj
 0001:00024de0       ?xf_validate@@YA_NPEAX@Z   0000000180025de0 f   Memory.obj
 0001:00024e30       ??2@YAPEAX_K@Z             0000000180025e30 f   Memory.obj
 0001:00024e60       ??_U@YAPEAX_K@Z            0000000180025e60 f   Memory.obj
 0001:00024e90       ??3@YAXPEAX@Z              0000000180025e90 f   Memory.obj
 0001:00024eb0       ??_V@YAXPEAX@Z             0000000180025eb0 f   Memory.obj
 0001:00024ed0       ?lstrdup@@YAPEADPEBD@Z     0000000180025ed0 f   Memory.obj
 0001:00024f50       ?StringCchCopyA@@YAJPEAD_KPEBD@Z 0000000180025f50 f i Memory.obj
 0001:000250e0       ?lstrdup@@YAPEA_WPEB_W_K@Z 00000001800260e0 f   Memory.obj
 0001:000252a0       ?lstrdupW@@YAPEA_WPEBDI@Z  00000001800262a0 f   Memory.obj
 0001:00025340       ?lstrmerge@@YAPEA_WPEB_W0000@Z 0000000180026340 f   Memory.obj
 0001:00025540       ?lstrmerge@@YA_NPEAPEA_WPEB_W111@Z 0000000180026540 f   Memory.obj
 0001:000255c0       ?FindMonitorsWorkspace@@YAHPEAUHMONITOR__@@PEAUHDC__@@PEAUtagRECT@@_J@Z 00000001800265c0 f   Monitors.obj
 0001:00025670       ?GetAllMonitorsWorkspace@@YA?AUtagRECT@@XZ 0000000180026670 f   Monitors.obj
 0001:00025700       ?FindPrimaryMonitor@@YAHPEAUHMONITOR__@@PEAUHDC__@@PEAUtagRECT@@_J@Z 0000000180026700 f   Monitors.obj
 0001:00025790       ?GetMonitorInfoSafe@@YA_NPEAUHMONITOR__@@AEAUtagMONITORINFO@@@Z 0000000180026790 f   Monitors.obj
 0001:00025800       ?GetPrimaryMonitorInfo@@YAPEAUHMONITOR__@@PEAUtagMONITORINFO@@@Z 0000000180026800 f   Monitors.obj
 0001:000258c0       ?GetNearestMonitorInfo@@YAPEAUHMONITOR__@@PEAUtagMONITORINFO@@PEAU1@PEBUtagRECT@@PEAUHWND__@@@Z 00000001800268c0 f   Monitors.obj
 0001:000259f0       ?EnumAllMonitors@@YAHPEAUHMONITOR__@@PEAUHDC__@@PEAUtagRECT@@_J@Z 00000001800269f0 f   Monitors.obj
 0001:00025aa0       ?MonitorSortCallback@@YAHAEAU_FindAllMonitorsItem@@0@Z 0000000180026aa0 f   Monitors.obj
 0001:00025b20       ?GetNextMonitorInfo@@YAPEAUHMONITOR__@@PEAUtagMONITORINFO@@PEBUtagRECT@@_N@Z 0000000180026b20 f   Monitors.obj
 0001:00025db0       ??0_FindAllMonitors@@QEAA@XZ 0000000180026db0 f i Monitors.obj
 0001:00025dd0       ??1_FindAllMonitors@@QEAA@XZ 0000000180026dd0 f i Monitors.obj
 0001:00025df0       ?FindTaskbarWindow@@YAPEAUHWND__@@PEAUtagRECT@@@Z 0000000180026df0 f   Monitors.obj
 0001:00025e70       ?IsTaskbarAutoHidden@@YA_NPEAUtagRECT@@PEAI@Z 0000000180026e70 f   Monitors.obj
 0001:00025f60       ??0?$MArray@U_FindAllMonitorsItem@@@@QEAA@XZ 0000000180026f60 f i Monitors.obj
 0001:00025fc0       ??1?$MArray@U_FindAllMonitorsItem@@@@QEAA@XZ 0000000180026fc0 f i Monitors.obj
 0001:00025fe0       ??A?$MArray@U_FindAllMonitorsItem@@@@QEAAAEAU_FindAllMonitorsItem@@_J@Z 0000000180026fe0 f i Monitors.obj
 0001:00026000       ?push_back@?$MArray@U_FindAllMonitorsItem@@@@QEAA_JAEBU_FindAllMonitorsItem@@@Z 0000000180027000 f i Monitors.obj
 0001:000260d0       ?size@?$MArray@U_FindAllMonitorsItem@@@@QEBA_JXZ 00000001800270d0 f i Monitors.obj
 0001:000260e0       ?sort@?$MArray@U_FindAllMonitorsItem@@@@QEAAXP6AHAEAU_FindAllMonitorsItem@@0@Z@Z 00000001800270e0 f i Monitors.obj
 0001:00026230       ?clear@?$MArray@U_FindAllMonitorsItem@@@@QEAAXXZ 0000000180027230 f i Monitors.obj
 0001:00026280       ?addsize@?$MArray@U_FindAllMonitorsItem@@@@QEAAX_J@Z 0000000180027280 f i Monitors.obj
 0001:000263c0       ??0MSection@@QEAA@XZ       00000001800273c0 f   MSection.obj
 0001:000264b0       ??1MSection@@QEAA@XZ       00000001800274b0 f   MSection.obj
 0001:00026580       ?Process_Lock@MSection@@IEAAXXZ 0000000180027580 f   MSection.obj
 0001:000265a0       ?Process_Unlock@MSection@@IEAAXXZ 00000001800275a0 f   MSection.obj
 0001:000265c0       ?ThreadTerminated@MSection@@QEAAXK@Z 00000001800275c0 f   MSection.obj
 0001:00026630       ?AddRef@MSection@@IEAAXK@Z 0000000180027630 f   MSection.obj
 0001:00026780       ?ReleaseRef@MSection@@IEAAHK@Z 0000000180027780 f   MSection.obj
 0001:000268a0       ?WaitUnlocked@MSection@@IEAAXKK@Z 00000001800278a0 f   MSection.obj
 0001:00026970       ?MyEnterCriticalSection@MSection@@IEAA_NK@Z 0000000180027970 f   MSection.obj
 0001:00026b40       ?Lock@MSection@@IEAAHHK@Z  0000000180027b40 f   MSection.obj
 0001:00026cf0       ?Unlock@MSection@@IEAAXH@Z 0000000180027cf0 f   MSection.obj
 0001:00026d80       ?isLockedExclusive@MSection@@QEAA_NXZ 0000000180027d80 f   MSection.obj
 0001:00026df0       ??0MSectionThread@@QEAA@PEAVMSection@@@Z 0000000180027df0 f   MSection.obj
 0001:00026e30       ??1MSectionThread@@QEAA@XZ 0000000180027e30 f   MSection.obj
 0001:00026e70       ??0MSectionLock@@QEAA@XZ   0000000180027e70 f   MSection.obj
 0001:00026ea0       ??1MSectionLock@@QEAA@XZ   0000000180027ea0 f   MSection.obj
 0001:00026ed0       ?Lock@MSectionLock@@QEAAHPEAVMSection@@HK@Z 0000000180027ed0 f   MSection.obj
 0001:00026fa0       ?RelockExclusive@MSectionLock@@QEAAHK@Z 0000000180027fa0 f   MSection.obj
 0001:00027030       ?Unlock@MSectionLock@@QEAAXXZ 0000000180028030 f   MSection.obj
 0001:00027080       ?isLocked@MSectionLock@@QEAAHH@Z 0000000180028080 f   MSection.obj
 0001:000270d0       ??0MSectionSimple@@QEAA@_N@Z 00000001800280d0 f   MSectionSimple.obj
 0001:00027130       ??1MSectionSimple@@QEAA@XZ 0000000180028130 f   MSectionSimple.obj
 0001:00027150       ?IsInitialized@MSectionSimple@@QEAA_NXZ 0000000180028150 f   MSectionSimple.obj
 0001:00027190       ?Init@MSectionSimple@@QEAAXXZ 0000000180028190 f   MSectionSimple.obj
 0001:000271c0       ?Close@MSectionSimple@@QEAAXXZ 00000001800281c0 f   MSectionSimple.obj
 0001:000271f0       ?Enter@MSectionSimple@@QEAAXXZ 00000001800281f0 f   MSectionSimple.obj
 0001:00027210       ?Leave@MSectionSimple@@QEAAXXZ 0000000180028210 f   MSectionSimple.obj
 0001:00027230       ?TryEnter@MSectionSimple@@QEAA_NXZ 0000000180028230 f   MSectionSimple.obj
 0001:00027270       ?RecreateAndLock@MSectionSimple@@QEAA_NXZ 0000000180028270 f   MSectionSimple.obj
 0001:00027310       ??0MSectionLockSimple@@QEAA@XZ 0000000180028310 f   MSectionSimple.obj
 0001:00027330       ??1MSectionLockSimple@@QEAA@XZ 0000000180028330 f   MSectionSimple.obj
 0001:00027360       ?Lock@MSectionLockSimple@@QEAAHPEAUMSectionSimple@@K@Z 0000000180028360 f   MSectionSimple.obj
 0001:00027430       ?Unlock@MSectionLockSimple@@QEAAXXZ 0000000180028430 f   MSectionSimple.obj
 0001:00027470       ?isLocked@MSectionLockSimple@@QEAAHXZ 0000000180028470 f   MSectionSimple.obj
 0001:00027480       ?NullSecurity@@YAPEAU_SECURITY_ATTRIBUTES@@XZ 0000000180028480 f   MSecurity.obj
 0001:000274e0       ??0MNullDesc@@QEAA@XZ      00000001800284e0 f i MSecurity.obj
 0001:00027560       ?NullSecurity@MNullDesc@@QEAAPEAU_SECURITY_ATTRIBUTES@@XZ 0000000180028560 f i MSecurity.obj
 0001:000276a0       ?LoadAdvApi@MNullDesc@@IEAAHXZ 00000001800286a0 f i MSecurity.obj
 0001:00027960       ?UnloadAdvApi@MNullDesc@@IEAAXXZ 0000000180028960 f i MSecurity.obj
 0001:000279a0       ?LocalSecurity@@YAPEAU_SECURITY_ATTRIBUTES@@XZ 00000001800289a0 f   MSecurity.obj
 0001:00027a00       ?LocalSecurity@MNullDesc@@QEAAPEAU_SECURITY_ATTRIBUTES@@XZ 0000000180028a00 f i MSecurity.obj
 0001:00027cb0       ?ShutdownSecurity@@YAXXZ   0000000180028cb0 f   MSecurity.obj
 0001:00027d10       ??_GMNullDesc@@QEAAPEAXI@Z 0000000180028d10 f i MSecurity.obj
 0001:00027d50       ??1MNullDesc@@QEAA@XZ      0000000180028d50 f i MSecurity.obj
 0001:00027de0       ??0MSetter@@QEAA@PEAJ@Z    0000000180028de0 f   MSetter.obj
 0001:00027e30       ??0MSetter@@QEAA@PEA_N@Z   0000000180028e30 f   MSetter.obj
 0001:00027e80       ??0MSetter@@QEAA@PEAKK@Z   0000000180028e80 f   MSetter.obj
 0001:00027ed0       ??1MSetter@@QEAA@XZ        0000000180028ed0 f   MSetter.obj
 0001:00027ef0       ?Unlock@MSetter@@QEAAXXZ   0000000180028ef0 f   MSetter.obj
 0001:00027f90       ?msprintf@@YAPEB_WPEA_W_KPEB_WZZ 0000000180028f90 f   MStrSafe.obj
 0001:00028950       ?msprintf@@YAPEBDPEAD_KPEBDZZ 0000000180029950 f   MStrSafe.obj
 0001:00029090       ?lstrcmpni@@YAHPEBD0H@Z    000000018002a090 f   MStrSafe.obj
 0001:00029200       ?lstrcmpni@@YAHPEB_W0H@Z   000000018002a200 f   MStrSafe.obj
 0001:000293b0       ?startswith@@YAHPEB_W0_N@Z 000000018002a3b0 f   MStrSafe.obj
 0001:00029460       ??0CPluginBackground@@QEAA@XZ 000000018002a460 f   PluginBackground.obj
 0001:00029710       ??1CPluginBackground@@QEAA@XZ 000000018002a710 f   PluginBackground.obj
 0001:000299c0       ?RegisterSubplugin@CPluginBackground@@QEAAHPEAURegisterBackgroundArg@@@Z 000000018002a9c0 f   PluginBackground.obj
 0001:00029e20       ?ReallocItems@CPluginBackground@@IEAAXH@Z 000000018002ae20 f   PluginBackground.obj
 0001:00029ec0       ?OnMainThreadActivated@CPluginBackground@@QEAAXHH@Z 000000018002aec0 f   PluginBackground.obj
 0001:0002a030       ?SetForceCheck@CPluginBackground@@QEAAXXZ 000000018002b030 f   PluginBackground.obj
 0001:0002a060       ?SetForceUpdate@CPluginBackground@@QEAAX_N@Z 000000018002b060 f   PluginBackground.obj
 0001:0002a0a0       ?SetForceThLoad@CPluginBackground@@QEAAXXZ 000000018002b0a0 f   PluginBackground.obj
 0001:0002a0e0       ?IsParmChanged@CPluginBackground@@IEAA_NPEAUPaintBackgroundArg@@0@Z 000000018002b0e0 f   PluginBackground.obj
 0001:0002a430       ?CheckPanelFolders@CPluginBackground@@IEAAXH@Z 000000018002b430 f   PluginBackground.obj
 0001:0002a560       ?SetDcPanelRect@CPluginBackground@@IEAAXPEAUtagRECT@@PEAUBkPanelInfo@@PEAUPaintBackgroundArg@@@Z 000000018002b560 f   PluginBackground.obj
 0001:0002a700       ?UpdateBackground_Exec@CPluginBackground@@KAXPEAURegisterBackgroundArg@@PEAUPaintBackgroundArg@@@Z 000000018002b700 f   PluginBackground.obj
 0001:0002a760       ?UpdateBackground@CPluginBackground@@IEAAXXZ 000000018002b760 f   PluginBackground.obj
 0001:0002b830       ?LoadThSet@CPluginBackground@@IEAAHH@Z 000000018002c830 f   PluginBackground.obj
 0001:0002baa0       ?MonitorBackground@CPluginBackground@@QEAAXXZ 000000018002caa0 f   PluginBackground.obj
 0001:0002bb80       ?GetTo@?$MFileMapping@UPanelViewSetMapping@@@@QEAA_NPEAUPanelViewSetMapping@@H@Z 000000018002cb80 f i PluginBackground.obj
 0001:0002bbe0       ?InitName@?$MFileMapping@UPanelViewSetMapping@@@@QEAAPEB_WPEB_WKK@Z 000000018002cbe0 f i PluginBackground.obj
 0001:0002bc40       ?CloseMap@?$MFileMapping@UPanelViewSetMapping@@@@QEAAXXZ 000000018002cc40 f i PluginBackground.obj
 0001:0002bcd0       ?Open@?$MFileMapping@UPanelViewSetMapping@@@@QEAAPEAUPanelViewSetMapping@@HH@Z 000000018002ccd0 f i PluginBackground.obj
 0001:0002bd00       ??0?$MFileMapping@UPanelViewSetMapping@@@@QEAA@XZ 000000018002cd00 f i PluginBackground.obj
 0001:0002bd70       ??1?$MFileMapping@UPanelViewSetMapping@@@@QEAA@XZ 000000018002cd70 f i PluginBackground.obj
 0001:0002bda0       ?IsValid@?$MFileMapping@UPanelViewSetMapping@@@@QEAA_NXZ 000000018002cda0 f i PluginBackground.obj
 0001:0002bdd0       ?ClosePtr@?$MFileMapping@UPanelViewSetMapping@@@@QEAAXXZ 000000018002cdd0 f i PluginBackground.obj
 0001:0002be10       ?InternalOpenCreate@?$MFileMapping@UPanelViewSetMapping@@@@IEAAPEAUPanelViewSetMapping@@HHH@Z 000000018002ce10 f i PluginBackground.obj
 0001:0002c1f0       ?PlugServerInit@@YAXXZ     000000018002d1f0 f   PluginSrv.obj
 0001:0002c200       ?PlugServerStart@@YA_NXZ   000000018002d200 f   PluginSrv.obj
 0001:0002c340       ?PlugServerStop@@YAX_N@Z   000000018002d340 f   PluginSrv.obj
 0001:0002c3a0       ?cmd_FarSetChanged@@YAXPEAUFAR_REQ_FARSETCHANGED@@@Z 000000018002d3a0 f   PluginSrv.obj
 0001:0002c420       ?PlugServerCommand@@YAHPEAXPEAUCESERVER_REQ@@AEAPEAU1@AEAK3_J@Z 000000018002d420 f   PluginSrv.obj
 0001:0002ce50       ?PlugServerFree@@YAXPEAUCESERVER_REQ@@_J@Z 000000018002de50 f   PluginSrv.obj
 0001:0002ce70       ?SetOverlapped@?$PipeServer@UCESERVER_REQ@@@@QEAAX_N@Z 000000018002de70 f i PluginSrv.obj
 0001:0002ce90       ?SetLoopCommands@?$PipeServer@UCESERVER_REQ@@@@QEAAX_N@Z 000000018002de90 f i PluginSrv.obj
 0001:0002ceb0       ?SetDummyAnswerSize@?$PipeServer@UCESERVER_REQ@@@@QEAAXH@Z 000000018002deb0 f i PluginSrv.obj
 0001:0002ced0       ?SetMaxCount@?$PipeServer@UCESERVER_REQ@@@@QEAAXH@Z 000000018002ded0 f i PluginSrv.obj
 0001:0002cf20       ?StartPipeServer@?$PipeServer@UCESERVER_REQ@@@@QEAA_N_NPEB_W_JPEAU_SECURITY_ATTRIBUTES@@P6AHPEAXPEAUCESERVER_REQ@@AEAPEAU3@AEAK72@ZP6AX52@ZP6AH42@ZP6AH42@ZP6AH42@Z@Z 000000018002df20 f i PluginSrv.obj
 0001:0002d190       ?StopPipeServer@?$PipeServer@UCESERVER_REQ@@@@QEAAX_NAEA_N@Z 000000018002e190 f i PluginSrv.obj
 0001:0002daa0       ?BreakConnection@?$PipeServer@UCESERVER_REQ@@@@QEAAXPEAX@Z 000000018002eaa0 f i PluginSrv.obj
 0001:0002dad0       ?DumpError@?$PipeServer@UCESERVER_REQ@@@@IEAAXPEAUPipeInst@1@PEB_WH@Z 000000018002ead0 f i PluginSrv.obj
 0001:0002dc10       ?_Disconnect@?$PipeServer@UCESERVER_REQ@@@@IEAAXPEAUPipeInst@1@_N11@Z 000000018002ec10 f i PluginSrv.obj
 0001:0002dcc0       ?StartPipeInstance@?$PipeServer@UCESERVER_REQ@@@@IEAA_NPEAUPipeInst@1@@Z 000000018002ecc0 f i PluginSrv.obj
 0001:0002df30       ?TerminatePipeThread@?$PipeServer@UCESERVER_REQ@@@@KAXAEAPEAXAEBUPipeInst@1@AEA_N@Z 000000018002ef30 f i PluginSrv.obj
 0001:0002dff0       ?_PipeServerThread@?$PipeServer@UCESERVER_REQ@@@@KAKPEAX@Z 000000018002eff0 f i PluginSrv.obj
 0001:0002e090       ?PipeServerThread@?$PipeServer@UCESERVER_REQ@@@@IEAAKPEAUPipeInst@1@@Z 000000018002f090 f i PluginSrv.obj
 0001:0002e5e0       ?PipeServerRead@?$PipeServer@UCESERVER_REQ@@@@IEAAHPEAUPipeInst@1@@Z 000000018002f5e0 f i PluginSrv.obj
 0001:0002ea50       ?PipeServerWrite@?$PipeServer@UCESERVER_REQ@@@@IEAAHPEAUPipeInst@1@PEBXKPEAKH@Z 000000018002fa50 f i PluginSrv.obj
 0001:0002ec90       ?WaitForClient@?$PipeServer@UCESERVER_REQ@@@@IEAA_NPEAUPipeInst@1@AEAH1@Z 000000018002fc90 f i PluginSrv.obj
 0001:0002f2a0       ?WriteDummyAnswer@?$PipeServer@UCESERVER_REQ@@@@IEAAHPEAUPipeInst@1@@Z 00000001800302a0 f i PluginSrv.obj
 0001:0002f340       ?WaitOverlapped@?$PipeServer@UCESERVER_REQ@@@@IEAAHPEAUPipeInst@1@PEAK@Z 0000000180030340 f i PluginSrv.obj
 0001:0002f630       ?AllocRequestBuf@PipeInst@?$PipeServer@UCESERVER_REQ@@@@QEAAPEAUCESERVER_REQ@@K@Z 0000000180030630 f i PluginSrv.obj
 0001:0002f6d0       ??$wcscpy_c@$0BAE@@@YAHAEAY0BAE@_WPEB_W@Z 00000001800306d0 f i PluginSrv.obj
 0001:0002f830       ?SetConEmuEnvHWND@@YAXPEB_WPEAUHWND__@@@Z 0000000180030830 f   SetEnvVar.obj
 0001:0002f890       ?SetConEmuEnvVar@@YAXPEAUHWND__@@@Z 0000000180030890 f   SetEnvVar.obj
 0001:0002f910       ?SetConEmuEnvVarChild@@YAXPEAUHWND__@@0@Z 0000000180030910 f   SetEnvVar.obj
 0001:0002f950       ?SetConEmuWorkEnvVar@@YAXPEAUHINSTANCE__@@@Z 0000000180030950 f   SetEnvVar.obj
 0001:0002fb20       ??0CEnvStrings@@QEAA@PEA_W@Z 0000000180030b20 f   SetEnvVar.obj
 0001:0002fbe0       ??1CEnvStrings@@QEAA@XZ    0000000180030be0 f   SetEnvVar.obj
 0001:0002fc20       ?ShutdownConsole@@YAXXZ    0000000180030c20 f   WConsole.obj
 0001:0002fc70       ?SetConsoleInfo@@YAHPEAUHWND__@@PEAU_CONSOLE_INFO@@@Z 0000000180030c70 f   WConsole.obj
 0001:0002ffa0       ?ChangeScreenBufferSize@@YAXAEAU_CONSOLE_SCREEN_BUFFER_INFO@@FFFF@Z 0000000180030fa0 f   WConsole.obj
 0001:00030100       ?GetConWindowSize@@YAHAEBU_CONSOLE_SCREEN_BUFFER_INFO@@HHKPEAH1PEAK@Z 0000000180031100 f   WConsole.obj
 0001:000302a0       ?GetConsoleSizeInfo@@YAXPEAU_CONSOLE_INFO@@@Z 00000001800312a0 f   WConsole.obj
 0001:00030370       ?apiGetConsoleScreenBufferInfoEx@@YAHPEAXPEAUMY_CONSOLE_SCREEN_BUFFER_INFOEX@@@Z 0000000180031370 f   WConsole.obj
 0001:000303f0       ?apiSetConsoleScreenBufferInfoEx@@YAHPEAXPEAUMY_CONSOLE_SCREEN_BUFFER_INFOEX@@@Z 00000001800313f0 f   WConsole.obj
 0001:00030490       ?apiGetConsoleFontSize@@YAHPEAXAEAH1AEAY0CA@_W@Z 0000000180031490 f   WConsole.obj
 0001:00030580       ?apiSetConsoleFontSize@@YAHPEAXHHPEB_W@Z 0000000180031580 f   WConsole.obj
 0001:00030720       ?apiFixFontSizeForBufferSize@@YAHPEAXU_COORD@@PEADH@Z 0000000180031720 f   WConsole.obj
 0001:00030e00       ?SetConsoleFontSizeTo@@YAXPEAUHWND__@@HHPEB_WGG@Z 0000000180031e00 f   WConsole.obj
 0001:00031490       ?apiPauseConsoleOutput@@YAHPEAUHWND__@@_N@Z 0000000180032490 f   WConsole.obj
 0001:000315f0       ?apiGetConsoleSelectionInfo@@YAHPEAU_CONSOLE_SELECTION_INFO@@@Z 00000001800325f0 f   WConsole.obj
 0001:00031710       ?MyGetLargestConsoleWindowSize@@YA?AU_COORD@@PEAX@Z 0000000180032710 f   WConsole.obj
 0001:000317a0       ?SearchAppPaths@@YA_NPEB_WAEAUCmdArg@@_NPEAU1@@Z 00000001800327a0 f   WFiles.obj
 0001:00031e40       ?GetFullPathNameEx@@YAPEA_WPEB_W@Z 0000000180032e40 f   WFiles.obj
 0001:00031f40       ?FindFileName@@YA_NPEB_WAEAUCmdArg@@@Z 0000000180032f40 f   WFiles.obj
 0001:00032190       ?MakePathProperCase@@YA_NAEAUCmdArg@@@Z 0000000180033190 f   WFiles.obj
 0001:000324c0       ?ReadTextFile@@YAHPEB_WKAEAPEA_WAEAK2K@Z 00000001800334c0 f   WFiles.obj
 0001:00032ac0       ?WriteTextFile@@YAHPEB_W0HK_NPEAK@Z 0000000180033ac0 f   WFiles.obj
 0001:00032e80       ?FilesExists@@YA_NPEB_W0_NH@Z 0000000180033e80 f   WFiles.obj
 0001:00033020       ?IsDotsName@@YA_NPEB_W@Z   0000000180034020 f   WFiles.obj
 0001:00033080       ?FileExistSubDir@@YA_NPEB_W0HAEAUCmdArg@@@Z 0000000180034080 f   WFiles.obj
 0001:000332c0       ?DirectoryExists@@YA_NPEB_W@Z 00000001800342c0 f   WFiles.obj
 0001:00033460       ?MyCreateDirectory@@YA_NPEA_W@Z 0000000180034460 f   WFiles.obj
 0001:000335b0       ?FileCompare@@YA_NPEB_W0@Z 00000001800345b0 f   WFiles.obj
 0001:000338a0       ?apiCancelSynchronousIo@@YAHPEAX@Z 00000001800348a0 f   WFiles.obj
 0001:00033960       ?HasZoneIdentifier@@YA_NPEB_WAEAH@Z 0000000180034960 f   WFiles.obj
 0001:00033a90       ?DropZoneIdentifier@@YA_NPEB_WAEAK@Z 0000000180034a90 f   WFiles.obj
 0001:00033ba0       ?getWindowInfo@@YAXPEAUHWND__@@AEAY0EAA@_W_NPEAK@Z 0000000180034ba0 f   WObjects.obj
 0001:00033db0       ?FileExists@@YA_NPEB_WPEAK@Z 0000000180034db0 f   WObjects.obj
 0001:00033fd0       ?FileSearchInDir@@YA_NPEB_WAEAUCmdArg@@@Z 0000000180034fd0 f   WObjects.obj
 0001:000341f0       ?FileExistsSearch@@YA_NPEB_WAEAUCmdArg@@_N2@Z 00000001800351f0 f   WObjects.obj
 0001:00034330       ?GetShortFileName@@YA_NPEB_WHPEA_WH@Z 0000000180035330 f   WObjects.obj
 0001:000345b0       ?GetShortFileNameEx@@YAPEA_WPEB_WH@Z 00000001800355b0 f   WObjects.obj
 0001:00034af0       ?IsWine@@YA_NXZ            0000000180035af0 f   WObjects.obj
 0001:00034c80       ?IsWinPE@@YA_NXZ           0000000180035c80 f   WObjects.obj
 0001:00034d30       ?GetOsVersionInformational@@YA_NPEAU_OSVERSIONINFOW@@@Z 0000000180035d30 f   WObjects.obj
 0001:00034d70       ?IsWinVerOrHigher@@YA_NG@Z 0000000180035d70 f   WObjects.obj
 0001:00034e40       ?IsWin2kEql@@YA_NXZ        0000000180035e40 f   WObjects.obj
 0001:00034f20       ?IsWin5family@@YA_NXZ      0000000180035f20 f   WObjects.obj
 0001:00034fe0       ?IsWinXPSP1@@YA_NXZ        0000000180035fe0 f   WObjects.obj
 0001:000350d0       ?IsWin6@@YA_NXZ            00000001800360d0 f   WObjects.obj
 0001:00035130       ?IsWin7@@YA_NXZ            0000000180036130 f   WObjects.obj
 0001:00035190       ?IsWin10@@YA_NXZ           0000000180036190 f   WObjects.obj
 0001:000351f0       ?IsDbcs@@YA_NXZ            00000001800361f0 f   WObjects.obj
 0001:00035230       ?IsWindows64@@YA_NXZ       0000000180036230 f   WObjects.obj
 0001:00035270       ?IsHwFullScreenAvailable@@YA_NXZ 0000000180036270 f   WObjects.obj
 0001:00035300       ?IsVsNetHostExe@@YA_NPEB_W@Z 0000000180036300 f   WObjects.obj
 0001:000353a0       ?IsGDB@@YA_NPEB_W@Z        00000001800363a0 f   WObjects.obj
 0001:00035410       ?GetProcessBits@@YAHKPEAX@Z 0000000180036410 f   WObjects.obj
 0001:00035540       ?GetProcessInfo@@YA_NKPEAUtagPROCESSENTRY32W@@@Z 0000000180036540 f   WObjects.obj
 0001:00035630       ?isTerminalMode@@YA_NXZ    0000000180036630 f   WObjects.obj
 0001:00035980       ?IsModuleValid@@YA_NPEAUHINSTANCE__@@H@Z 0000000180036980 f   WObjects.obj
 0001:00035b80       ?CheckCallbackPtr@@YA_NPEAUHINSTANCE__@@_KPEAP6A_JXZHHH@Z 0000000180036b80 f   WObjects.obj
 0001:00035d70       ?ExpandMacroValues@@YAPEA_WPEB_WPEAPEB_W_K@Z 0000000180036d70 f   WObjects.obj
 0001:00035fc0       ?ExpandEnvStr@@YAPEA_WPEB_W@Z 0000000180036fc0 f   WObjects.obj
 0001:000360d0       ?GetEnvVar@@YAPEA_WPEB_W@Z 00000001800370d0 f   WObjects.obj
 0001:000361c0       ?GetComspecFromEnvVar@@YAPEB_WPEA_WKW4ComSpecBits@@@Z 00000001800371c0 f   WObjects.obj
 0001:00036520       ?GetComspec@@YAPEA_WPEBUConEmuComspec@@@Z 0000000180037520 f   WObjects.obj
 0001:000367e0       ?IsExportEnvVarAllowed@@YA_NPEB_W@Z 00000001800377e0 f   WObjects.obj
 0001:00036860       ?ApplyExportEnvVar@@YAXPEB_W@Z 0000000180037860 f   WObjects.obj
 0001:00036920       ?CoordInSmallRect@@YA_NAEBU_COORD@@AEBU_SMALL_RECT@@@Z 0000000180037920 f   WObjects.obj
 0001:000369a0       ?GetCpFromString@@YAIPEB_WPEAPEB_W@Z 00000001800379a0 f   WObjects.obj
 0001:00036c00       ??$wcscpy_c@$0EAA@@@YAHAEAY0EAA@_WPEB_W@Z 0000000180037c00 f i WObjects.obj
 0001:00036c30       ??$wcscpy_c@$0BAA@@@YAHAEAY0BAA@_WPEB_W@Z 0000000180037c30 f i WObjects.obj
 0001:00036c60       ?apiThreadHelper@@YAKPEAX@Z 0000000180037c60 f   WThreads.obj
 0001:00036e40       ?apiCreateThread@@YAPEAXP6AKPEAX@Z0PEAKPEBDH@Z 0000000180037e40 f   WThreads.obj
 0001:00037040       ??0ConEmuThreadStartArg@@QEAA@P6AKPEAX@Z0K@Z 0000000180038040 f i WThreads.obj
 0001:000370a0       ?apiTerminateThreadEx@@YAHPEAXKPEBDH@Z 00000001800380a0 f   WThreads.obj
 0001:00037230       ?SetThreadName@@YAXKPEAD@Z 0000000180038230 f   WThreads.obj
 0001:00037290       ?apiSetForegroundWindow@@YA_NPEAUHWND__@@@Z 0000000180038290 f   WUser.obj
 0001:000372d0       ?apiShowWindow@@YA_NPEAUHWND__@@H@Z 00000001800382d0 f   WUser.obj
 0001:00037310       ?apiShowWindowAsync@@YA_NPEAUHWND__@@H@Z 0000000180038310 f   WUser.obj
 0001:00037350       ?IsUserAdmin@@YA_NXZ       0000000180038350 f   WUser.obj
 0001:000374b0       ?GetLogonSID@@YA_NPEAXPEAPEA_W@Z 00000001800384b0 f   WUser.obj
 0001:00037610       ?RemoveOldComSpecC@@YAXXZ  0000000180038610 f   WUser.obj
 0001:00037760       ?DuplicateProcessHandle@@YAPEAXK@Z 0000000180038760 f   WUser.obj
 0001:000377f0       ?FindComspec@@YAXPEAUConEmuComspec@@_N@Z 00000001800387f0 f   WUser.obj
 0001:000383e0       ?UpdateComspec@@YAXPEAUConEmuComspec@@_N@Z 00000001800393e0 f   WUser.obj
 0001:00038820       ?SetEnvVarExpanded@@YAXPEB_W0@Z 0000000180039820 f   WUser.obj
 0001:00038a70       wcsrchr                    0000000180039a70 f   libCRT64:strrchr.obj
 0001:00038aa0       wcschr                     0000000180039aa0 f   libCRT64:strchr.obj
 0001:00038ac0       strpbrk                    0000000180039ac0 f   libCRT64:strpbrk.obj
 0001:00038b60       wcspbrk                    0000000180039b60 f   libCRT64:strpbrk.obj
 0001:00038bb0       wcsncmp                    0000000180039bb0 f   libCRT64:strncmp.obj
 0001:00038bf0       strrchr                    0000000180039bf0 f   libCRT64:strrchr.obj
 0001:00038c20       wcsstr                     0000000180039c20 f   libCRT64:strstr.obj
 0001:00038c90       memset                     0000000180039c90 f   libCRT64:memset.obj
 0001:00038cc0       memmove                    0000000180039cc0 f   libCRT64:memmove.obj
 0001:00038d20       memcpy                     0000000180039d20 f   libCRT64:memcpy.obj
 0001:00038d50       memcmp                     0000000180039d50 f   libCRT64:memcmp.obj
 0001:00038d80       iswdigit                   0000000180039d80 f i libCRT64:strtol.obj
 0001:00038d90       iswspace                   0000000180039d90 f i libCRT64:strtol.obj
 0001:00038f80       wcstol                     0000000180039f80 f   libCRT64:strtol.obj
 0001:00038f90       wcstoul                    0000000180039f90 f   libCRT64:strtol.obj
 0001:00038fa0       strchr                     0000000180039fa0 f   libCRT64:strchr.obj
 0001:00038fb8       SetEnvironmentVariableW    0000000180039fb8 f   kernel32:KERNEL32.dll
 0001:00038fbe       lstrlenW                   0000000180039fbe f   kernel32:KERNEL32.dll
 0001:00038fc4       lstrcpynW                  0000000180039fc4 f   kernel32:KERNEL32.dll
 0001:00038fca       lstrcmpiW                  0000000180039fca f   kernel32:KERNEL32.dll
 0001:00038fd0       lstrcmpW                   0000000180039fd0 f   kernel32:KERNEL32.dll
 0001:00038fd6       GetCurrentDirectoryW       0000000180039fd6 f   kernel32:KERNEL32.dll
 0001:00038fdc       SearchPathW                0000000180039fdc f   kernel32:KERNEL32.dll
 0001:00038fe2       GetProcAddress             0000000180039fe2 f   kernel32:KERNEL32.dll
 0001:00038fe8       GetModuleHandleW           0000000180039fe8 f   kernel32:KERNEL32.dll
 0001:00038fee       GetModuleFileNameW         0000000180039fee f   kernel32:KERNEL32.dll
 0001:00038ff4       SetNamedPipeHandleState    0000000180039ff4 f   kernel32:KERNEL32.dll
 0001:00038ffa       GetCurrentProcessId        0000000180039ffa f   kernel32:KERNEL32.dll
 0001:00039000       Sleep                      000000018003a000 f   kernel32:KERNEL32.dll
 0001:00039006       SetLastError               000000018003a006 f   kernel32:KERNEL32.dll
 0001:0003900c       WaitNamedPipeW             000000018003a00c f   kernel32:KERNEL32.dll
 0001:00039012       WaitForSingleObject        000000018003a012 f   kernel32:KERNEL32.dll
 0001:00039018       GetLastError               000000018003a018 f   kernel32:KERNEL32.dll
 0001:0003901e       CreateFileW                000000018003a01e f   kernel32:KERNEL32.dll
 0001:00039024       GetTickCount               000000018003a024 f   kernel32:KERNEL32.dll
 0001:0003902a       IsDebuggerPresent          000000018003a02a f   kernel32:KERNEL32.dll
 0001:00039030       GetCurrentThreadId         000000018003a030 f   kernel32:KERNEL32.dll
 0001:00039036       ReadFile                   000000018003a036 f   kernel32:KERNEL32.dll
 0001:0003903c       CloseHandle                000000018003a03c f   kernel32:KERNEL32.dll
 0001:00039042       TransactNamedPipe          000000018003a042 f   kernel32:KERNEL32.dll
 0001:00039048       WriteFile                  000000018003a048 f   kernel32:KERNEL32.dll
 0001:0003904e       GetConsoleWindow           000000018003a04e f   kernel32:KERNEL32.dll
 0001:00039054       UnmapViewOfFile            000000018003a054 f   kernel32:KERNEL32.dll
 0001:0003905a       MapViewOfFile              000000018003a05a f   kernel32:KERNEL32.dll
 0001:00039060       OpenFileMappingW           000000018003a060 f   kernel32:KERNEL32.dll
 0001:00039066       LoadLibraryW               000000018003a066 f   kernel32:KERNEL32.dll
 0001:0003906c       CreateFileMappingW         000000018003a06c f   kernel32:KERNEL32.dll
 0001:00039072       VirtualProtect             000000018003a072 f   kernel32:KERNEL32.dll
 0001:00039078       lstrcpyW                   000000018003a078 f   kernel32:KERNEL32.dll
 0001:0003907e       MultiByteToWideChar        000000018003a07e f   kernel32:KERNEL32.dll
 0001:00039084       lstrcpynA                  000000018003a084 f   kernel32:KERNEL32.dll
 0001:0003908a       lstrlenA                   000000018003a08a f   kernel32:KERNEL32.dll
 0001:00039090       WideCharToMultiByte        000000018003a090 f   kernel32:KERNEL32.dll
 0001:00039096       lstrcpyA                   000000018003a096 f   kernel32:KERNEL32.dll
 0001:0003909c       lstrcatW                   000000018003a09c f   kernel32:KERNEL32.dll
 0001:000390a2       GetConsoleCursorInfo       000000018003a0a2 f   kernel32:KERNEL32.dll
 0001:000390a8       GetConsoleScreenBufferInfo 000000018003a0a8 f   kernel32:KERNEL32.dll
 0001:000390ae       GetStdHandle               000000018003a0ae f   kernel32:KERNEL32.dll
 0001:000390b4       GetConsoleTitleW           000000018003a0b4 f   kernel32:KERNEL32.dll
 0001:000390ba       DeleteFileW                000000018003a0ba f   kernel32:KERNEL32.dll
 0001:000390c0       Thread32Next               000000018003a0c0 f   kernel32:KERNEL32.dll
 0001:000390c6       Thread32First              000000018003a0c6 f   kernel32:KERNEL32.dll
 0001:000390cc       CreateToolhelp32Snapshot   000000018003a0cc f   kernel32:KERNEL32.dll
 0001:000390d2       GetConsoleMode             000000018003a0d2 f   kernel32:KERNEL32.dll
 0001:000390d8       GetExitCodeProcess         000000018003a0d8 f   kernel32:KERNEL32.dll
 0001:000390de       CreateProcessW             000000018003a0de f   kernel32:KERNEL32.dll
 0001:000390e4       SetConsoleMode             000000018003a0e4 f   kernel32:KERNEL32.dll
 0001:000390ea       GetEnvironmentStringsW     000000018003a0ea f   kernel32:KERNEL32.dll
 0001:000390f0       GetEnvironmentVariableW    000000018003a0f0 f   kernel32:KERNEL32.dll
 0001:000390f6       WaitForMultipleObjects     000000018003a0f6 f   kernel32:KERNEL32.dll
 0001:000390fc       CreateEventW               000000018003a0fc f   kernel32:KERNEL32.dll
 0001:00039102       SetConsoleTitleW           000000018003a102 f   kernel32:KERNEL32.dll
 0001:00039108       CreateSemaphoreW           000000018003a108 f   kernel32:KERNEL32.dll
 0001:0003910e       ResetEvent                 000000018003a10e f   kernel32:KERNEL32.dll
 0001:00039114       TerminateProcess           000000018003a114 f   kernel32:KERNEL32.dll
 0001:0003911a       GetCurrentProcess          000000018003a11a f   kernel32:KERNEL32.dll
 0001:00039120       SetEvent                   000000018003a120 f   kernel32:KERNEL32.dll
 0001:00039126       IsBadStringPtrW            000000018003a126 f   kernel32:KERNEL32.dll
 0001:0003912c       Module32NextW              000000018003a12c f   kernel32:KERNEL32.dll
 0001:00039132       Module32FirstW             000000018003a132 f   kernel32:KERNEL32.dll
 0001:00039138       ReleaseSemaphore           000000018003a138 f   kernel32:KERNEL32.dll
 0001:0003913e       WriteConsoleInputW         000000018003a13e f   kernel32:KERNEL32.dll
 0001:00039144       GetNumberOfConsoleInputEvents 000000018003a144 f   kernel32:KERNEL32.dll
 0001:0003914a       ReadConsoleInputW          000000018003a14a f   kernel32:KERNEL32.dll
 0001:00039150       PeekConsoleInputW          000000018003a150 f   kernel32:KERNEL32.dll
 0001:00039156       SuspendThread              000000018003a156 f   kernel32:KERNEL32.dll
 0001:0003915c       ResumeThread               000000018003a15c f   kernel32:KERNEL32.dll
 0001:00039162       VerifyVersionInfoW         000000018003a162 f   kernel32:KERNEL32.dll
 0001:00039168       VerSetConditionMask        000000018003a168 f   kernel32:KERNEL32.dll
 0001:0003916e       ReleaseMutex               000000018003a16e f   kernel32:KERNEL32.dll
[...]
 0003:0000335c       ?gbWaitConsoleWrite@@3HA   000000018005835c     ConEmuPluginBase.obj
 0003:00003360       ?ghConsoleInputEmpty@@3PEAXEA 0000000180058360     ConEmuPluginBase.obj
 0003:00003368       ?ghConsoleWrite@@3PEAXEA   0000000180058368     ConEmuPluginBase.obj
 0003:00003370       ?gnSynchroCount@@3HA       0000000180058370     ConEmuPluginBase.obj
 0003:00003388       ?AssertMsgBox@@3P6AHPEB_WI0PEAUHWND__@@_N@ZEA 0000000180058388     MAssert.obj
 0003:00003390       ?ghHeap@@3PEAXEA           0000000180058390     Memory.obj
 0003:00003398       ?gNullDesc@@3PEAVMNullDesc@@EA 0000000180058398     MSecurity.obj
 0003:000033a0       ?gbNeedBgActivate@@3HA     00000001800583a0     PluginBackground.obj
 0003:000033a4       ?gbBgPluginsAllowed@@3HA   00000001800583a4     PluginBackground.obj
 0003:000033a8       ?gpBgPlugin@@3PEAVCPluginBackground@@EA 00000001800583a8     PluginBackground.obj
 0003:000033b0       ?gszPluginServerPipe@@3PA_WA 00000001800583b0     PluginSrv.obj
 0003:000035b8       ?gpPlugServer@@3PEAU?$PipeServer@UCESERVER_REQ@@@@EA 00000001800585b8     PluginSrv.obj
 0003:000035c0       ?ghServerTerminateEvent@@3PEAXEA 00000001800585c0     PluginSrv.obj
 0003:000035c8       ?gbForcedServerTermination@@3_NA 00000001800585c8     PluginSrv.obj
 0003:000035d0       ?gpConsoleInfoStr@@3PEAU_CONSOLE_INFO@@EA 00000001800585d0     WConsole.obj
 0003:000035d8       ?ghConsoleSection@@3PEAXEA 00000001800585d8     WConsole.obj
 0003:000035e0       ?g_LastSetConsoleFont@@3UMY_CONSOLE_FONT_INFOEX@@A 00000001800585e0     WConsole.obj
 0003:00003678       ?gfnSearchAppPaths@@3P6A_NPEB_WAEAUCmdArg@@_NPEAU1@@ZEA 0000000180058678     WObjects.obj
 0003:00003680       ?gfVirtualAlloc@@3P6APEAXPEAX_KKK@ZEA 0000000180058680     WObjects.obj
 0003:0000b700       ?g_ThreadsIdx@@3JA         0000000180060700     WThreads.obj
 0003:0000b710       _aenvptr                   0000000180060710     LIBCMT:dllcrt0.obj
 0003:0000b718       _wenvptr                   0000000180060718     LIBCMT:dllcrt0.obj
 0003:0000b720       __error_mode               0000000180060720     LIBCMT:dllcrt0.obj
 0003:0000b724       __app_type                 0000000180060724     LIBCMT:dllcrt0.obj
 0003:0000b728       _umaskval                  0000000180060728     LIBCMT:crt0dat.obj
 0003:0000b72c       _osplatform                000000018006072c     LIBCMT:crt0dat.obj
 0003:0000b730       _osver                     0000000180060730     LIBCMT:crt0dat.obj
 0003:0000b734       _winver                    0000000180060734     LIBCMT:crt0dat.obj
 0003:0000b738       _winmajor                  0000000180060738     LIBCMT:crt0dat.obj
 0003:0000b73c       _winminor                  000000018006073c     LIBCMT:crt0dat.obj
 0003:0000b740       __argc                     0000000180060740     LIBCMT:crt0dat.obj
 0003:0000b744       _exitflag                  0000000180060744     LIBCMT:crt0dat.obj
 0003:0000b748       __argv                     0000000180060748     LIBCMT:crt0dat.obj
 0003:0000b750       __wargv                    0000000180060750     LIBCMT:crt0dat.obj
 0003:0000b758       _environ                   0000000180060758     LIBCMT:crt0dat.obj
 0003:0000b760       __initenv                  0000000180060760     LIBCMT:crt0dat.obj
 0003:0000b768       _wenviron                  0000000180060768     LIBCMT:crt0dat.obj
 0003:0000b770       __winitenv                 0000000180060770     LIBCMT:crt0dat.obj
 0003:0000b778       _pgmptr                    0000000180060778     LIBCMT:crt0dat.obj
 0003:0000b780       _wpgmptr                   0000000180060780     LIBCMT:crt0dat.obj
 0003:0000b788       _C_Termination_Done        0000000180060788     LIBCMT:crt0dat.obj
 0003:0000b78c       _C_Exit_Done               000000018006078c     LIBCMT:crt0dat.obj
 0003:0000b898       _crtheap                   0000000180060898     LIBCMT:heapinit.obj
 0003:0000bdf0       ?__pInconsistency@@3P6AXXZEA 0000000180060df0     LIBCMT:hooks.obj
 0003:0000be28       ?_pnhHeap@@3P6AH_K@ZEA     0000000180060e28     LIBCMT:handler.obj
 0003:0000be30       __locale_changed           0000000180060e30     LIBCMT:setlocal.obj
 0003:0000be38       __lc_handle                0000000180060e38     LIBCMT:nlsdata2.obj
 0003:0000be50       __lc_codepage              0000000180060e50     LIBCMT:nlsdata2.obj
 0003:0000be54       __lc_collate_cp            0000000180060e54     LIBCMT:nlsdata2.obj
 0003:0000be60       __mbulinfo                 0000000180060e60     LIBCMT:mbctype.obj
 0003:0000be6c       __mbcodepage               0000000180060e6c     LIBCMT:mbctype.obj
 0003:0000be70       __ismbcodepage             0000000180060e70     LIBCMT:mbctype.obj
 0003:0000be74       __mblcid                   0000000180060e74     LIBCMT:mbctype.obj
 0003:0000be78       _maxwait                   0000000180060e78     LIBCMT:crtheap.obj
 0003:0000be7c       _newmode                   0000000180060e7c     LIBCMT:_newmode.obj
 0003:0000c418       __lconv_static_null        0000000180061418     LIBCMT:lconv.obj
 0003:0000c41c       __lconv_static_W_null      000000018006141c     LIBCMT:lconv.obj
 0003:0000c4dc       __setlc_active             00000001800614dc     <common>
 0003:0000c4e0       __unguarded_readlc_active  00000001800614e0     <common>
 0003:0000c4e4       _nhandle                   00000001800614e4     <common>
 0003:0000c500       __pioinfo                  0000000180061500     <common>
 0003:0000c700       __env_initialized          0000000180061700     <common>
 0003:0000c708       __onexitend                0000000180061708     <common>
 0003:0000c710       __onexitbegin              0000000180061710     <common>
 0003:0000c718       __mbctype_initialized      0000000180061718     <common>
 0003:0000c720       _FPinit                    0000000180061720     <common>
 0003:0000c728       __initenv_end              0000000180061728     <common>
 0003:0000c730       __winitenv_end             0000000180061730     <common>
 0003:0000c738       __dyn_tls_init_callback    0000000180061738     <common>
 0003:0000c740       _acmdln                    0000000180061740     <common>
 0003:0000c748       _pRawDllMain               0000000180061748     <common>
 0003:0000c750       _pDestructExceptionObject  0000000180061750     <common>

 entry point at        0001:00039afc

 Static symbols

 0001:00000610       ?StringValidateDestW@@YAJPEB_W_K_K@Z 0000000180001610 f   CmdArg.obj
 0001:00000650       ?StringCopyWorkerW@@YAJPEA_W_KPEA_KPEB_W1@Z 0000000180001650 f   CmdArg.obj
 0001:00004d00       ?StringValidateDestW@@YAJPEB_W_K_K@Z 0000000180005d00 f   ConEmuCheck.obj
 0001:00004d40       ?StringCopyWorkerW@@YAJPEA_W_KPEA_KPEB_W1@Z 0000000180005d40 f   ConEmuCheck.obj
 0001:00006f90       ?StringValidateDestW@@YAJPEB_W_K_K@Z 0000000180007f90 f   ConEmuCheckEx.obj
 0001:00006fd0       ?StringCopyWorkerW@@YAJPEA_W_KPEA_KPEB_W1@Z 0000000180007fd0 f   ConEmuCheckEx.obj
 0001:000071e0       ?StringValidateDestAndLengthW@@YAJPEB_W_KPEA_K_K@Z 00000001800081e0 f   ConEmuCheckEx.obj
 0001:00007250       ?StringLengthWorkerW@@YAJPEB_W_KPEA_K@Z 0000000180008250 f   ConEmuCheckEx.obj
 0001:00007ab0       ?StringValidateDestW@@YAJPEB_W_K_K@Z 0000000180008ab0 f   ConEmuInjects.obj
 0001:00007af0       ?StringCopyWorkerW@@YAJPEA_W_KPEA_KPEB_W1@Z 0000000180008af0 f   ConEmuInjects.obj
 0001:00008890       ?ChangeExports@@YA_NPEBUExportFunc@@PEAUHINSTANCE__@@@Z 0000000180009890 f   ConEmuPlugin.obj
 0001:0000c600       ?GetFarSetting@@YAHPEAX_KPEB_W@Z 000000018000d600 f   ConEmuPlugin1900.obj
 0001:0000c970       ?CallGuiMacroProc@@YAXXZ   000000018000d970 f   ConEmuPlugin1900.obj
 0001:0000cdc0       ?CallGuiMacroDlg@@YA_JPEAXHH0@Z 000000018000ddc0 f   ConEmuPlugin1900.obj
 0001:0000d4c0       ?MAKEFARVERSION@@YA?AUVersionInfo@@KKKKW4VERSION_STAGE@@@Z 000000018000e4c0 f   ConEmuPlugin2800.obj
 0001:0000f200       ?WExists@@YA_JAEBUWindowInfo@@AEBV?$MArray@UWindowInfo@@@@@Z 0000000180010200 f   ConEmuPlugin2800.obj
 0001:00010750       ?GetFarSetting@@YAHPEAX_KPEB_W@Z 0000000180011750 f   ConEmuPlugin2800.obj
 0001:00010ae0       ?CallGuiMacroProc@@YAXXZ   0000000180011ae0 f   ConEmuPlugin2800.obj
 0001:00010f20       ?CallGuiMacroDlg@@YA_JPEAX_J10@Z 0000000180011f20 f   ConEmuPlugin2800.obj
 0001:00011540       ?FreeMacroResult@@YAXPEAXPEAUFarMacroValue@@_K@Z 0000000180012540 f   ConEmuPlugin2800.obj
 0001:000141b0       ?CallGuiMacroProc@@YAXXZ   00000001800151b0 f   ConEmuPlugin995.obj
 0001:000145b0       ?CallGuiMacroDlg@@YA_JPEAXHH_J@Z 00000001800155b0 f   ConEmuPlugin995.obj
 0001:00016b90       ?CallGuiMacroProc@@YAXXZ   0000000180017b90 f   ConEmuPluginA.obj
 0001:00016fb0       ?CallGuiMacroDlg@@YA_JPEAXHH_J@Z 0000000180017fb0 f   ConEmuPluginA.obj
 0001:00017ca0       ?LoadFarVersion@@YA_NAEAUFarVersion@@AEAY0CAA@_W@Z 0000000180018ca0 f   ConEmuPluginBase.obj
 0001:00017d40       ?SetDefaultFarVersion@@YAXAEAUFarVersion@@@Z 0000000180018d40 f   ConEmuPluginBase.obj
 0001:00017da0       ?LoadFarVersion@@YA_NPEB_WAEAUFarVersion@@AEAY0CAA@_W@Z 0000000180018da0 f   ConEmuPluginBase.obj
 0001:00017e10       ?LoadAppVersion@@YA_NPEB_WAEAUtagVS_FIXEDFILEINFO@@AEAY0CAA@_W@Z 0000000180018e10 f   ConEmuPluginBase.obj
 0001:00018070       ?ConvertVersionToFarVersion@@YAXAEBUtagVS_FIXEDFILEINFO@@AEAUFarVersion@@@Z 0000000180019070 f   ConEmuPluginBase.obj
 0001:000226a0       ?StringValidateDestW@@YAJPEB_W_K_K@Z 00000001800236a0 f   ConEmuPluginBase.obj
 0001:000226e0       ?StringValidateDestAndLengthW@@YAJPEB_W_KPEA_K_K@Z 00000001800236e0 f   ConEmuPluginBase.obj
 0001:00022750       ?StringLengthWorkerW@@YAJPEB_W_KPEA_K@Z 0000000180023750 f   ConEmuPluginBase.obj
 0001:000227f0       ?StringCopyWorkerW@@YAJPEA_W_KPEA_KPEB_W1@Z 00000001800237f0 f   ConEmuPluginBase.obj
 0001:00024b30       ?StringValidateDestW@@YAJPEB_W_K_K@Z 0000000180025b30 f   Execute.obj
 0001:00024b70       ?StringCopyWorkerW@@YAJPEA_W_KPEA_KPEB_W1@Z 0000000180025b70 f   Execute.obj
 0001:00024fb0       ?StringValidateDestA@@YAJPEBD_K_K@Z 0000000180025fb0 f   Memory.obj
 0001:00024ff0       ?StringCopyWorkerA@@YAJPEAD_KPEA_KPEBD1@Z 0000000180025ff0 f   Memory.obj
 0001:00025170       ?StringValidateDestW@@YAJPEB_W_K_K@Z 0000000180026170 f   Memory.obj
 0001:000251b0       ?StringCopyWorkerW@@YAJPEA_W_KPEA_KPEB_W1@Z 00000001800261b0 f   Memory.obj
 0001:0002c0c0       ?StringValidateDestW@@YAJPEB_W_K_K@Z 000000018002d0c0 f   PluginBackground.obj
 0001:0002c100       ?StringCopyWorkerW@@YAJPEA_W_KPEA_KPEB_W1@Z 000000018002d100 f   PluginBackground.obj
 0001:0002f700       ?StringValidateDestW@@YAJPEB_W_K_K@Z 0000000180030700 f   PluginSrv.obj
 0001:0002f740       ?StringCopyWorkerW@@YAJPEA_W_KPEA_KPEB_W1@Z 0000000180030740 f   PluginSrv.obj
 0001:00034480       ?StringValidateDestW@@YAJPEB_W_K_K@Z 0000000180035480 f   WObjects.obj
 0001:000344c0       ?StringCopyWorkerW@@YAJPEA_W_KPEA_KPEB_W1@Z 00000001800354c0 f   WObjects.obj
 0001:00034ba0       ?CheckRegKeyExist@@YA_NPEAURegKeyExistArg@@@Z 0000000180035ba0 f   WObjects.obj
 0001:00036410       ?StringValidateDestAndLengthW@@YAJPEB_W_KPEA_K_K@Z 0000000180037410 f   WObjects.obj
 0001:00036480       ?StringLengthWorkerW@@YAJPEB_W_KPEA_K@Z 0000000180037480 f   WObjects.obj
 0001:00038940       ?StringValidateDestW@@YAJPEB_W_K_K@Z 0000000180039940 f   WUser.obj
 0001:00038980       ?StringCopyWorkerW@@YAJPEA_W_KPEA_KPEB_W1@Z 0000000180039980 f   WUser.obj
 0001:00038db0       ?strtoxl@@YAKPEB_WPEAPEA_WHH@Z 0000000180039db0 f   libCRT64:strtol.obj
 0001:0003992c       __DllMainCRTStartup        000000018003a92c f   LIBCMT:dllcrt0.obj
 0001:00039c50       xcptlookup                 000000018003ac50 f   LIBCMT:winxfltr.obj
 0001:00039f54       _initterm                  000000018003af54 f   LIBCMT:crt0dat.obj
 0001:0003a12c       doexit                     000000018003b12c f   LIBCMT:crt0dat.obj
 0001:0003ad34       parse_cmdline              000000018003bd34 f   LIBCMT:stdargv.obj
 0001:0003bb04       ctrlevent_capture          000000018003cb04 f   LIBCMT:winsig.obj
 0001:0003bb9c       siglookup                  000000018003cb9c f   LIBCMT:winsig.obj
 0001:0003c600       _copytlocinfo_nolock       000000018003d600 f   LIBCMT:setlocal.obj
 0001:0003c634       _updatetlocinfoEx_nolock   000000018003d634 f   LIBCMT:setlocal.obj
 0001:0003c784       sync_legacy_variables_lk   000000018003d784 f   LIBCMT:setlocal.obj
 0001:0003cb80       _setlocale_get_all         000000018003db80 f   LIBCMT:setlocal.obj
 0001:0003cfcc       _setlocale_set_cat         000000018003dfcc f   LIBCMT:setlocal.obj
 0001:0003d2d0       _setlocale_nolock          000000018003e2d0 f   LIBCMT:setlocal.obj
 0001:0003d89c       ?CPtoLCID@@YAHH@Z          000000018003e89c f   LIBCMT:mbctype.obj
 0001:0003d8d0       ?setSBCS@@YAXPEAUthreadmbcinfostruct@@@Z 000000018003e8d0 f   LIBCMT:mbctype.obj
 0001:0003d964       ?setSBUpLow@@YAXPEAUthreadmbcinfostruct@@@Z 000000018003e964 f   LIBCMT:mbctype.obj
 0001:0003dcdc       ?getSystemCP@@YAHH@Z       000000018003ecdc f   LIBCMT:mbctype.obj
 0001:0003e4d8       ?x_ismbbtype_l@@YAHPEAUlocaleinfo_struct@@IHH@Z 000000018003f4d8 f   LIBCMT:ismbbyte.obj
 0001:0003ee18       _get_lc_time               000000018003fe18 f   LIBCMT:inittime.obj
 0001:0003fec0       fix_grouping               0000000180040ec0 f   LIBCMT:initnum.obj
 0001:000401d4       fix_grouping               00000001800411d4 f   LIBCMT:initmon.obj
 0001:00041460       ?_store_str@@YAXPEADPEAPEADPEA_K@Z 0000000180042460 f   LIBCMT:_strftime.obj
 0001:00041484       ?_store_number@@YAXHPEAPEADPEA_K@Z 0000000180042484 f   LIBCMT:_strftime.obj
 0001:000414e8       ?_store_num@@YAXHHPEAPEADPEA_KI@Z 00000001800424e8 f   LIBCMT:_strftime.obj
 0001:000415c4       ?_expandtime@@YAHPEAUlocaleinfo_struct@@DPEBUtm@@PEAPEADPEA_KPEAU__lc_time_data@@I@Z 00000001800425c4 f   LIBCMT:_strftime.obj
 0001:00041c00       ?_store_winword@@YAHPEAUlocaleinfo_struct@@HPEBUtm@@PEAPEADPEA_KPEAU__lc_time_data@@@Z 0000000180042c00 f   LIBCMT:_strftime.obj
 0001:000425a0       TranslateName              00000001800435a0 f   LIBCMT:getqloc.obj
 0001:00042638       GetLcidFromDefault         0000000180043638 f   LIBCMT:getqloc.obj
 0001:0004265c       ProcessCodePage            000000018004365c f   LIBCMT:getqloc.obj
 0001:000426f8       TestDefaultCountry         00000001800436f8 f   LIBCMT:getqloc.obj
 0001:00042720       LcidFromHexString          0000000180043720 f   LIBCMT:getqloc.obj
 0001:0004275c       GetPrimaryLen              000000018004375c f   LIBCMT:getqloc.obj
 0001:00042778       CountryEnumProc            0000000180043778 f   LIBCMT:getqloc.obj
 0001:00042860       TestDefaultLanguage        0000000180043860 f   LIBCMT:getqloc.obj
 0001:00042924       LangCountryEnumProc        0000000180043924 f   LIBCMT:getqloc.obj
 0001:00042bd4       LanguageEnumProc           0000000180043bd4 f   LIBCMT:getqloc.obj
 0001:00042ce4       GetLcidFromCountry         0000000180043ce4 f   LIBCMT:getqloc.obj
 0001:00042d34       GetLcidFromLangCountry     0000000180043d34 f   LIBCMT:getqloc.obj
 0001:00042ddc       GetLcidFromLanguage        0000000180043ddc f   LIBCMT:getqloc.obj
 0001:0004311c       ?__crtGetStringTypeA_stat@@YAHPEAUlocaleinfo_struct@@KPEBDHPEAGHHH@Z 000000018004411c f   LIBCMT:_a_str.obj
 0001:000433d8       ?strncnt@@YAHPEBDH@Z       00000001800443d8 f   LIBCMT:_a_map.obj
 0001:000433f4       ?__crtLCMapStringA_stat@@YAHPEAUlocaleinfo_struct@@KKPEBDHPEADHHH@Z 00000001800443f4 f   LIBCMT:_a_map.obj
 0001:00043e08       _tzset_nolock              0000000180044e08 f   LIBCMT:tzset.obj
 0001:000442b4       cvtdate                    00000001800452b4 f   LIBCMT:tzset.obj
 0001:0004456c       _isindst_nolock            000000018004556c f   LIBCMT:tzset.obj
 0001:00044ebc       xtoa_s                     0000000180045ebc f   LIBCMT:xtoas.obj
 0001:00045024       x64toa_s                   0000000180046024 f   LIBCMT:xtoas.obj
 0001:00045330       ?__crtGetLocaleInfoA_stat@@YAHPEAUlocaleinfo_struct@@KKPEADHH@Z 0000000180046330 f   LIBCMT:_a_loc.obj
 0001:000455cc       _getenv_s_helper           00000001800465cc f   LIBCMT:getenv.obj
 0001:000456a0       _dupenv_s_helper           00000001800466a0 f   LIBCMT:getenv.obj
 0001:00045d24       ?strtoxlX@@YAKPEAUlocaleinfo_struct@@PEBDPEAPEBDHHH@Z 0000000180046d24 f   LIBCMT:_strtol.obj
 0001:00045ff0       ?strtoxl@@YAKPEAUlocaleinfo_struct@@PEBDPEAPEBDHH@Z 0000000180046ff0 f   LIBCMT:_strtol.obj
 0001:000460cc       ?strtoxq@@YA_KPEAUlocaleinfo_struct@@PEBDPEAPEBDHH@Z 00000001800470cc f   LIBCMT:_strtoq.obj
 0001:00046608       ?__crtGetStringTypeW_stat@@YAHPEAUlocaleinfo_struct@@KPEBGHPEAGHH@Z 0000000180047608 f   LIBCMT:_w_str.obj
 0001:00046824       ?strncnt@@YAHPEBDH@Z       0000000180047824 f   LIBCMT:_a_cmp.obj
 0001:00046840       ?__crtCompareStringA_stat@@YAHPEAUlocaleinfo_struct@@KKPEBDH1HH@Z 0000000180047840 f   LIBCMT:_a_cmp.obj
 0001:00046d50       findenv                    0000000180047d50 f   LIBCMT:setenv.obj
 0001:00046dd4       copy_environ               0000000180047dd4 f   LIBCMT:setenv.obj
 0001:00047530       ?filt$0@?0??SetThreadName@@YAXKPEAD@Z@4HA 0000000180048530 f   WThreads.obj
 0001:00047544       __DllMainCRTStartup$filt$0 0000000180048544 f   LIBCMT:dllcrt0.obj
 0001:000475a4       __DllMainCRTStartup$filt$1 00000001800485a4 f   LIBCMT:dllcrt0.obj
 0001:00047604       __DllMainCRTStartup$filt$2 0000000180048604 f   LIBCMT:dllcrt0.obj
 0001:00047664       __DllMainCRTStartup$filt$3 0000000180048664 f   LIBCMT:dllcrt0.obj
 0001:000476c4       __DllMainCRTStartup$filt$4 00000001800486c4 f   LIBCMT:dllcrt0.obj
 0001:00047724       __DllMainCRTStartup$filt$5 0000000180048724 f   LIBCMT:dllcrt0.obj
 0001:00047784       __DllMainCRTStartup$filt$6 0000000180048784 f   LIBCMT:dllcrt0.obj
 0001:000477e4       __DllMainCRTStartup$filt$7 00000001800487e4 f   LIBCMT:dllcrt0.obj
 0001:00047840       _IsNonwritableInCurrentImage$filt$0 0000000180048840 f   LIBCMT:pesect.obj
 0001:00047861       doexit$fin$0               0000000180048861 f   LIBCMT:crt0dat.obj
 0001:00047880       _initptd$fin$0             0000000180048880 f   LIBCMT:tidtable.obj
 0001:00047899       _freefls$fin$1             0000000180048899 f   LIBCMT:tidtable.obj
 0001:000478b9       _freefls$fin$0             00000001800488b9 f   LIBCMT:tidtable.obj
 0001:000478d2       _mtinitlocknum$fin$0       00000001800488d2 f   LIBCMT:mlock.obj
 0001:000478ee       ctrlevent_capture$fin$0    00000001800488ee f   LIBCMT:winsig.obj
 0001:00047904       signal$fin$0               0000000180048904 f   LIBCMT:winsig.obj
 0001:0004791a       raise$fin$0                000000018004891a f   LIBCMT:winsig.obj
 0001:00047936       __updatetlocinfo$fin$0     0000000180048936 f   LIBCMT:setlocal.obj
 0001:0004794f       _free_locale$fin$0         000000018004894f f   LIBCMT:setlocal.obj
 0001:00047968       _get_current_locale$fin$0  0000000180048968 f   LIBCMT:setlocal.obj
 0001:00047981       setlocale$fin$1            0000000180048981 f   LIBCMT:setlocal.obj
 0001:000479a1       setlocale$fin$0            00000001800489a1 f   LIBCMT:setlocal.obj
 0001:000479c1       setlocale$fin$2            00000001800489c1 f   LIBCMT:setlocal.obj
 0001:000479db       __updatetmbcinfo$fin$0     00000001800489db f   LIBCMT:mbctype.obj
 0001:000479f4       _setmbcp$fin$0             00000001800489f4 f   LIBCMT:mbctype.obj
 0001:00047a0d       _tzset_nolock$fin$0        0000000180048a0d f   LIBCMT:tzset.obj
 0001:00047a26       __tzset$fin$0              0000000180048a26 f   LIBCMT:tzset.obj
 0001:00047a3f       _tzset$fin$0               0000000180048a3f f   LIBCMT:tzset.obj
 0001:00047a58       _isindst$fin$0             0000000180048a58 f   LIBCMT:tzset.obj
 0001:00047a71       getenv$fin$0               0000000180048a71 f   LIBCMT:getenv.obj
 0001:00047a8a       getenv_s$fin$0             0000000180048a8a f   LIBCMT:getenv.obj
 0001:00047aa3       _dupenv_s$fin$0            0000000180048aa3 f   LIBCMT:getenv.obj
