 ConEmu

 Timestamp is 55e6a77d (Wed Sep 02 10:38:37 2015)

 Preferred load address is 10000000

 Start         Length     Name                   Class
 0001:00000000 0003a30cH .text                   CODE
 0002:00000000 000003e8H .idata$5                DATA
 0002:000003e8 00000004H .CRT$XCA                DATA
 0002:000003ec 00000004H .CRT$XCZ                DATA
 0002:000003f0 00000004H .CRT$XIA                DATA
 0002:000003f4 00000008H .CRT$XIC                DATA
 0002:000003fc 00000004H .CRT$XIZ                DATA
 0002:00000400 00000004H .CRT$XPA                DATA
 0002:00000404 00000004H .CRT$XPZ                DATA
 0002:00000408 00000004H .CRT$XTA                DATA
 0002:0000040c 00000004H .CRT$XTZ                DATA
 0002:00000410 00005e68H .rdata                  DATA
 0002:00006278 0000006fH .rdata$debug            DATA
 0002:000062e8 000004d4H .xdata$x                DATA
 0002:000067bc 00000078H .idata$2                DATA
 0002:00006834 00000014H .idata$3                DATA
 0002:00006848 000003e8H .idata$4                DATA
 0002:00006c30 000011eeH .idata$6                DATA
 0002:00007e20 000002ddH .edata                  DATA
 0003:00000000 00000f80H .data                   DATA
 0003:00000f80 0000a090H .bss                    DATA
 0004:00000000 00000058H .rsrc$01                DATA
 0004:00000060 000002d8H .rsrc$02                DATA

  Address         Publics by Value              Rva+Base       Lib:Object

 0000:00000000       ___safe_se_handler_count   00000000     <absolute>
 0000:00000000       __except_list              00000000     <absolute>
 0000:00000000       ___safe_se_handler_table   00000000     <absolute>
 0000:00000000       ___ImageBase               10000000     <linker-defined>
 0001:00000000       ??0CmdArg@@QAE@XZ          10001000 f   CmdArg.obj
 0001:00000040       ??0CmdArg@@QAE@PA_W@Z      10001040 f   CmdArg.obj
 0001:00000090       ??4CmdArg@@QAEAAU0@PA_W@Z  10001090 f   CmdArg.obj
 0001:000000b0       ??4CmdArg@@QAEAAU0@PB_W@Z  100010b0 f   CmdArg.obj
 0001:000000d0       ??1CmdArg@@QAE@XZ          100010d0 f   CmdArg.obj
 0001:00000140       ?GetBuffer@CmdArg@@QAEPA_WH@Z 10001140 f   CmdArg.obj
 0001:00000240       ?Detach@CmdArg@@QAEPA_WXZ  10001240 f   CmdArg.obj
 0001:00000270       ?Attach@CmdArg@@QAEPB_WPA_W@Z 10001270 f   CmdArg.obj
 0001:00000290       ?AttachInt@CmdArg@@AAEPB_WAAPA_W@Z 10001290 f   CmdArg.obj
 0001:00000310       ?Empty@CmdArg@@QAEXXZ      10001310 f   CmdArg.obj
 0001:00000360       ?IsEmpty@CmdArg@@QAE_NXZ   10001360 f   CmdArg.obj
 0001:000003a0       ?Set@CmdArg@@QAEPB_WPB_WH@Z 100013a0 f   CmdArg.obj
 0001:00000430       ?StringCchCopyNW@@YGJPA_WIPB_WI@Z 10001430 f i CmdArg.obj
 0001:00000570       ?SavePathVar@CmdArg@@QAEXPB_W@Z 10001570 f   CmdArg.obj
 0001:000005b0       ?SaveEnvVar@CmdArg@@QAEXPB_W0@Z 100015b0 f   CmdArg.obj
 0001:00000630       ?SetAt@CmdArg@@QAEXH_W@Z   10001630 f   CmdArg.obj
 0001:00000660       ?GetPosFrom@CmdArg@@QAEXABU1@@Z 10001660 f   CmdArg.obj
 0001:000006a0       ?IsNeedDequote@@YI_NPB_W_NPAPB_W@Z 100016a0 f   CmdLine.obj
 0001:00000870       ??BCmdArg@@QBEPB_WXZ       10001870 f i CmdLine.obj
 0001:00000880       ?NextArg@@YIHPAPB_WAAUCmdArg@@0@Z 10001880 f   CmdLine.obj
 0001:00000cd0       ?NextLine@@YIHPAPB_WAAUCmdArg@@K@Z 10001cd0 f   CmdLine.obj
 0001:00000e40       ?AddEndSlash@@YIHPA_WH@Z   10001e40 f   CmdLine.obj
 0001:00000ec0       ?SkipNonPrintable@@YIPB_WPB_W@Z 10001ec0 f   CmdLine.obj
 0001:00000f20       ?CompareFileMask@@YI_NPB_W0@Z 10001f20 f   CmdLine.obj
 0001:000010f0       ?wcschr@@YAPA_WPA_W_W@Z    100020f0 f i CmdLine.obj
 0001:00001110       ?GetDrive@@YIPB_WPB_WPA_WH@Z 10002110 f   CmdLine.obj
 0001:00001310       ?GetDirectory@@YIHAAUCmdArg@@@Z 10002310 f   CmdLine.obj
 0001:000013a0       ?IsNeedCmd@@YI_NHPB_WAAUCmdArg@@PAPB_WPAH333@Z 100023a0 f   CmdLine.obj
 0001:00001ac0       ?Disable@MWow64Disable@@QAEXXZ 10002ac0 f i CmdLine.obj
 0001:00001af0       ??0MWow64Disable@@QAE@XZ   10002af0 f i CmdLine.obj
 0001:00001b70       ??1MWow64Disable@@QAE@XZ   10002b70 f i CmdLine.obj
 0001:00001b90       ?Restore@MWow64Disable@@QAEXXZ 10002b90 f i CmdLine.obj
 0001:00001bd0       ?IsExecutable@@YI_NPB_WPAPA_W@Z 10002bd0 f   CmdLine.obj
 0001:00001cc0       ?CheckProcessName@@YI_NPB_WPAPB_W1@Z 10002cc0 f   CmdLine.obj
 0001:00001d90       ?IsConsoleService@@YI_NPB_W@Z 10002d90 f   CmdLine.obj
 0001:00001de0       ?IsConsoleServer@@YI_NPB_W@Z 10002de0 f   CmdLine.obj
 0001:00001e30       ?IsGitBashHelper@@YI_NPB_W@Z 10002e30 f   CmdLine.obj
 0001:00001e80       ?IsFarExe@@YI_NPB_W@Z      10002e80 f   CmdLine.obj
 0001:00001ed0       ?IsCmdProcessor@@YI_NPB_W@Z 10002ed0 f   CmdLine.obj
 0001:00001f20       ?IsQuotationNeeded@@YI_NPB_W@Z 10002f20 f   CmdLine.obj
 0001:00001f60       ?MergeCmdLine@@YIPA_WPB_W0@Z 10002f60 f   CmdLine.obj
 0001:00001ff0       ?JoinPath@@YIPA_WPB_W00@Z  10002ff0 f   CmdLine.obj
 0001:00002150       ?IsFilePath@@YI_NPB_W_N@Z  10003150 f   CmdLine.obj
 0001:00002310       ?PointToName@@YIPB_WPB_W@Z 10003310 f   CmdLine.obj
 0001:000023a0       ?PointToName@@YIPBDPBD@Z   100033a0 f   CmdLine.obj
 0001:00002420       ?PointToExt@@YIPB_WPB_W@Z  10003420 f   CmdLine.obj
 0001:00002460       ?Unquote@@YIPB_WPA_W_N@Z   10003460 f   CmdLine.obj
 0001:000024f0       ?wcsrchr@@YAPA_WPA_W_W@Z   100034f0 f i CmdLine.obj
 0001:00002510       ?IsNewConsoleArg@@YI_NPB_W0@Z 10003510 f   CmdLine.obj
 0001:000025f0       ?PackInputRecord@@YIHPBU_INPUT_RECORD@@PAUMsgStr@MSG64@@@Z 100035f0 f   Common.obj
 0001:00002800       ?UnpackInputRecord@@YIHPBUMsgStr@MSG64@@PAU_INPUT_RECORD@@@Z 10003800 f   Common.obj
 0001:00002a60       ?TranslateKeyPress@@YIXGK_WHPAU_INPUT_RECORD@@1@Z 10003a60 f   Common.obj
 0001:00002c50       ?GetCommand@CESERVER_REQ_NEWCMD@@QAEPA_WXZ 10003c50 f   Common.obj
 0001:00002c90       ?GetEnvStrings@CESERVER_REQ_NEWCMD@@QAEPA_WXZ 10003c90 f   Common.obj
 0001:00002ce0       ?SetCommand@CESERVER_REQ_NEWCMD@@QAEXPB_W@Z 10003ce0 f   Common.obj
 0001:00002d60       ?SetEnvStrings@CESERVER_REQ_NEWCMD@@QAEXPB_WK@Z 10003d60 f   Common.obj
 0001:00002e80       ?IsEnvBlockVariableValid@@YI_NPB_WAAPB_W@Z 10003e80 f   Common.obj
 0001:00002ee0       ?IsEnvBlockVariableValid@@YI_NPB_W@Z 10003ee0 f   Common.obj
 0001:00002f20       ?CommonShutdown@@YIXXZ     10003f20 f   Common.obj
 0001:00002f50       ?ModuleName@@YIPB_WPB_W@Z  10003f50 f   ConEmuCheck.obj
 0001:00003030       ?ExecuteOpenPipe@@YIPAXPB_WAAY0CAI@_W0KKHPAXH@Z 10004030 f   ConEmuCheck.obj
 0001:00003250       ?ExecutePrepareCmd@@YIXPAUCESERVER_REQ@@KI@Z 10004250 f   ConEmuCheck.obj
 0001:000032a0       ?ExecutePrepareCmd@@YIXPAUCESERVER_REQ_HDR@@KI@Z 100042a0 f   ConEmuCheck.obj
 0001:00003340       ?ExecuteNewCmd@@YIPAUCESERVER_REQ@@KI@Z 10004340 f   ConEmuCheck.obj
 0001:000033a0       ?ExecuteNewCmd@@YI_NAAPAUCESERVER_REQ@@AAKKI@Z 100043a0 f   ConEmuCheck.obj
 0001:00003420       ?LoadSrvMapping@@YIHPAUHWND__@@AAUCESERVER_CONSOLE_MAPPING_HDR@@@Z 10004420 f   ConEmuCheck.obj
 0001:00003550       ?LoadGuiMapping@@YIHKAAUConEmuGuiMapping@@@Z 10004550 f   ConEmuCheck.obj
 0001:00003670       ?ExecuteNewCmdOnCreate@@YIPAUCESERVER_REQ@@PAUCESERVER_CONSOLE_MAPPING_HDR@@PAUHWND__@@W4CmdOnCreateType@@PB_W33PAK444HHPAX55@Z 10004670 f   ConEmuCheck.obj
 0001:00003a00       ?StringCchCopyW@@YGJPA_WIPB_W@Z 10004a00 f i ConEmuCheck.obj
 0001:00003b30       ?ExecuteGuiCmd@@YIPAUCESERVER_REQ@@PAUHWND__@@PAU1@0H@Z 10004b30 f   ConEmuCheck.obj
 0001:00003bc0       ?ExecuteSrvCmd@@YIPAUCESERVER_REQ@@KPAU1@PAUHWND__@@HKH@Z 10004bc0 f   ConEmuCheck.obj
 0001:00003c60       ?ExecuteHkCmd@@YIPAUCESERVER_REQ@@KPAU1@PAUHWND__@@HH@Z 10004c60 f   ConEmuCheck.obj
 0001:00003d00       ?ExecuteCmd@@YIPAUCESERVER_REQ@@PB_WPAU1@KPAUHWND__@@HKH@Z 10004d00 f   ConEmuCheck.obj
 0001:00004030       ?ExecuteFreeResult@@YIXAAPAUCESERVER_REQ@@@Z 10005030 f   ConEmuCheck.obj
 0001:00004070       ?AllocateSendCurrentDirectory@@YI_NAAPAUCESERVER_REQ@@AAKPB_W2@Z 10005070 f   ConEmuCheck.obj
 0001:00004180       ?SendCurrentDirectory@@YIXPAUHWND__@@PB_W1@Z 10005180 f   ConEmuCheck.obj
 0001:000041e0       ?isConsoleClass@@YI_NPB_W@Z 100051e0 f   ConEmuCheck.obj
 0001:00004230       ?isConsoleWindow@@YI_NPAUHWND__@@@Z 10005230 f   ConEmuCheck.obj
 0001:00004330       ?myGetConsoleWindow@@YIPAUHWND__@@XZ 10005330 f   ConEmuCheck.obj
 0001:00004430       ?GetConEmuHWND@@YIPAUHWND__@@H@Z 10005430 f   ConEmuCheck.obj
 0001:000045e0       ??BHWND2@@QBEPAUHWND__@@XZ 100055e0 f i ConEmuCheck.obj
 0001:000045f0       ??BHWND2@@QBEKXZ           100055f0 f i ConEmuCheck.obj
 0001:00004600       ?ConEmuCheck@@YIHPAPAUHWND__@@@Z 10005600 f   ConEmuCheck.obj
 0001:00004640       ?GuiMessageBox@@YIHPAUHWND__@@PB_W1H@Z 10005640 f   ConEmuCheck.obj
 0001:00004800       ?InitName@?$MFileMapping@UCESERVER_CONSOLE_MAPPING_HDR@@@@QAEPB_WPB_WKK@Z 10005800 f i ConEmuCheck.obj
 0001:00004850       ?CloseMap@?$MFileMapping@UCESERVER_CONSOLE_MAPPING_HDR@@@@QAEXXZ 10005850 f i ConEmuCheck.obj
 0001:000048c0       ?Open@?$MFileMapping@UCESERVER_CONSOLE_MAPPING_HDR@@@@QAEPAUCESERVER_CONSOLE_MAPPING_HDR@@HH@Z 100058c0 f i ConEmuCheck.obj
 0001:000048e0       ??0?$MFileMapping@UCESERVER_CONSOLE_MAPPING_HDR@@@@QAE@XZ 100058e0 f i ConEmuCheck.obj
 0001:00004940       ??1?$MFileMapping@UCESERVER_CONSOLE_MAPPING_HDR@@@@QAE@XZ 10005940 f i ConEmuCheck.obj
 0001:00004960       ?InitName@?$MFileMapping@UConEmuGuiMapping@@@@QAEPB_WPB_WKK@Z 10005960 f i ConEmuCheck.obj
 0001:000049b0       ?CloseMap@?$MFileMapping@UConEmuGuiMapping@@@@QAEXXZ 100059b0 f i ConEmuCheck.obj
 0001:00004a20       ?Open@?$MFileMapping@UConEmuGuiMapping@@@@QAEPAUConEmuGuiMapping@@HH@Z 10005a20 f i ConEmuCheck.obj
 0001:00004a40       ??0?$MFileMapping@UConEmuGuiMapping@@@@QAE@XZ 10005a40 f i ConEmuCheck.obj
 0001:00004aa0       ??1?$MFileMapping@UConEmuGuiMapping@@@@QAE@XZ 10005aa0 f i ConEmuCheck.obj
 0001:00004ac0       ?ClosePtr@?$MFileMapping@UCESERVER_CONSOLE_MAPPING_HDR@@@@QAEXXZ 10005ac0 f i ConEmuCheck.obj
 0001:00004af0       ?InternalOpenCreate@?$MFileMapping@UCESERVER_CONSOLE_MAPPING_HDR@@@@IAEPAUCESERVER_CONSOLE_MAPPING_HDR@@HHH@Z 10005af0 f i ConEmuCheck.obj
 0001:00004cd0       ?ClosePtr@?$MFileMapping@UConEmuGuiMapping@@@@QAEXXZ 10005cd0 f i ConEmuCheck.obj
 0001:00004d00       ?InternalOpenCreate@?$MFileMapping@UConEmuGuiMapping@@@@IAEPAUConEmuGuiMapping@@HHH@Z 10005d00 f i ConEmuCheck.obj
 0001:00004ee0       ??$wcscpy_c@$0CA@@@YIHAAY0CA@_WPB_W@Z 10005ee0 f i ConEmuCheck.obj
 0001:00004f10       ??$wcscpy_c@$0CAI@@@YIHAAY0CAI@_WPB_W@Z 10005f10 f i ConEmuCheck.obj
 0001:00004f40       ?LoadGuiMapping@@YIHPAUHWND__@@AAUConEmuGuiMapping@@@Z 10005f40 f   ConEmuCheckEx.obj
 0001:00004f80       ?IsConEmuExeExist@@YIHPB_WAAY0BAF@_W@Z 10005f80 f   ConEmuCheckEx.obj
 0001:00005030       ?FindConEmuBaseDir@@YIHAAY0BAF@_W0PAUHINSTANCE__@@@Z 10006030 f   ConEmuCheckEx.obj
 0001:000055d0       ??$wcscpy_c@$0BAF@@@YIHAAY0BAF@_WPB_W@Z 100065d0 f i ConEmuCheckEx.obj
 0001:000056e0       ??$wcscpy_add@$0BAF@@@YIHPA_WAAY0BAF@_WPB_W@Z 100066e0 f i ConEmuCheckEx.obj
 0001:00005730       ??$wcscat_c@$0BAF@@@YIHAAY0BAF@_WPB_W@Z 10006730 f i ConEmuCheckEx.obj
 0001:00005760       ?StringCchCatW@@YGJPA_WIPB_W@Z 10006760 f i ConEmuCheckEx.obj
 0001:00005880       ?StartupHooks@@YI_NPAUHINSTANCE__@@@Z 10006880 f   ConEmuInjects.obj
 0001:00005c50       ?ShutdownHooks@@YIXXZ      10006c50 f   ConEmuInjects.obj
 0001:00005e00       ??$wcscpy_c@$0EA@@@YIHAAY0EA@_WPB_W@Z 10006e00 f i ConEmuInjects.obj
 0001:00005f10       _DllMain@12                10006f10 f   ConEmuPlugin.obj
 0001:00005f50       ?GetPluginInfo@@YGXPAX@Z   10006f50 f   ConEmuPlugin.obj
 0001:00005fc0       ?GetPluginInfoW@@YGXPAX@Z  10006fc0 f   ConEmuPlugin.obj
 0001:00005ff0       ?IsConsoleActive@@YGHXZ    10006ff0 f   ConEmuPlugin.obj
 0001:00006050       ?GetFarHWND2@@YGPAUHWND__@@H@Z 10007050 f   ConEmuPlugin.obj
 0001:000060c0       ?GetFarHWND@@YGPAUHWND__@@XZ 100070c0 f   ConEmuPlugin.obj
 0001:000060d0       ?IsTerminalMode@@YGHXZ     100070d0 f   ConEmuPlugin.obj
 0001:000060e0       ?GetFarVersion@@YGXPAUFarVersion@@@Z 100070e0 f   ConEmuPlugin.obj
 0001:00006110       ?RegisterPanelView@@YGHPAUPanelViewInit@@@Z 10007110 f   ConEmuPlugin.obj
 0001:00006300       ?RegisterBackground@@YGHPAURegisterBackgroundArg@@@Z 10007300 f   ConEmuPlugin.obj
 0001:00006390       ?SyncExecute@@YGHPAUHINSTANCE__@@P6GXJ@ZJ@Z 10007390 f   ConEmuPlugin.obj
 0001:000063e0       ?ActivateConsole@@YGHXZ    100073e0 f   ConEmuPlugin.obj
 0001:00006470       ??4HWND2@@QAEAAU0@PAUHWND__@@@Z 10007470 f i ConEmuPlugin.obj
 0001:00006490       ?SetStartupInfo@@YGXPAX@Z  10007490 f   ConEmuPlugin.obj
 0001:00006500       _SetStartupInfoW@4         10007500 f   ConEmuPlugin.obj
 0001:00006530       ?GetMinFarVersion@@YGHXZ   10007530 f   ConEmuPlugin.obj
 0001:00006580       _GetMinFarVersionW@0       10007580 f   ConEmuPlugin.obj
 0001:00006590       _ProcessSynchroEventW@8    10007590 f   ConEmuPlugin.obj
 0001:000065b0       ?ProcessSynchroEventW3@@YGHPAX@Z 100075b0 f   ConEmuPlugin.obj
 0001:000065e0       ?ProcessEditorEvent@@YGHHPAX@Z 100075e0 f   ConEmuPlugin.obj
 0001:00006600       _ProcessEditorEventW@8     10007600 f   ConEmuPlugin.obj
 0001:00006620       ?ProcessEditorEventW3@@YGHPAX@Z 10007620 f   ConEmuPlugin.obj
 0001:00006650       ?ProcessViewerEvent@@YGHHPAX@Z 10007650 f   ConEmuPlugin.obj
 0001:00006670       _ProcessViewerEventW@8     10007670 f   ConEmuPlugin.obj
 0001:00006690       ?ProcessViewerEventW3@@YGHPAX@Z 10007690 f   ConEmuPlugin.obj
 0001:000066c0       ?ProcessEditorInput@@YGHPBU_INPUT_RECORD@@@Z 100076c0 f   ConEmuPlugin.obj
 0001:000066e0       _ProcessEditorInputW@4     100076e0 f   ConEmuPlugin.obj
 0001:00006710       ?OpenPlugin@@YGPAXHH@Z     10007710 f   ConEmuPlugin.obj
 0001:00006730       _OpenPluginW@8             10007730 f   ConEmuPlugin.obj
 0001:00006770       ?OpenW@@YGPAXPBX@Z         10007770 f   ConEmuPlugin.obj
 0001:000067a0       ?ExitFAR@@YGXXZ            100077a0 f   ConEmuPlugin.obj
 0001:000067f0       _ExitFARW@0                100077f0 f   ConEmuPlugin.obj
 0001:00006840       ?ExitFARW3@@YGXPAX@Z       10007840 f   ConEmuPlugin.obj
 0001:000068a0       ?SetupExportsFar3@@YIXXZ   100078a0 f   ConEmuPlugin.obj
 0001:00006ac0       ?_calloc@@YIPAXII@Z        10007ac0 f   ConEmuPlugin.obj
 0001:00006ae0       ?_malloc@@YIPAXI@Z         10007ae0 f   ConEmuPlugin.obj
 0001:00006b00       ?_free@@YIXPAX@Z           10007b00 f   ConEmuPlugin.obj
 0001:00006b20       ??0CPluginW1900@@QAE@XZ    10007b20 f   ConEmuPlugin1900.obj
 0001:00006db0       ??_ECPluginW1900@@UAEPAXI@Z 10007db0 f i ConEmuPlugin1900.obj
 0001:00006db0       ??_GCPluginW1900@@UAEPAXI@Z 10007db0 f i ConEmuPlugin1900.obj
 0001:00006de0       ??1CPluginW1900@@UAE@XZ    10007de0 f i ConEmuPlugin1900.obj
 0001:00006e00       ?ProcessEditorEventPtr@CPluginW1900@@UAEHPAX@Z 10007e00 f   ConEmuPlugin1900.obj
 0001:00006e30       ?ProcessViewerEventPtr@CPluginW1900@@UAEHPAX@Z 10007e30 f   ConEmuPlugin1900.obj
 0001:00006e60       ?ProcessSynchroEventPtr@CPluginW1900@@UAEHPAX@Z 10007e60 f   ConEmuPlugin1900.obj
 0001:00006e90       ?GetPanelDir@CPluginW1900@@UAEPA_WKPA_WH@Z 10007e90 f   ConEmuPlugin1900.obj
 0001:00007020       ?GetPanelInfo@CPluginW1900@@UAE_NKPAUCEPanelInfo@@@Z 10008020 f   ConEmuPlugin1900.obj
 0001:000074a0       ?GetPanelItemInfo@CPluginW1900@@UAE_NABUCEPanelInfo@@_NHAAU_WIN32_FIND_DATAW@@PAPA_W@Z 100084a0 f   ConEmuPlugin1900.obj
 0001:000076d0       ?PanelControlApi@CPluginW1900@@UAEHPAXHH0@Z 100086d0 f   ConEmuPlugin1900.obj
 0001:00007720       ?GetPluginInfoPtr@CPluginW1900@@UAEXPAX@Z 10008720 f   ConEmuPlugin1900.obj
 0001:000077a0       ?SetStartupInfoPtr@CPluginW1900@@UAEXPAX@Z 100087a0 f   ConEmuPlugin1900.obj
 0001:00007910       ?GetEditorModifiedState@CPluginW1900@@UAEKXZ 10008910 f   ConEmuPlugin1900.obj
 0001:00007950       ?ProcessEditorInputPtr@CPluginW1900@@UAEHPBX@Z 10008950 f   ConEmuPlugin1900.obj
 0001:00007990       ?GetWindowCount@CPluginW1900@@UAEHXZ 10008990 f   ConEmuPlugin1900.obj
 0001:000079e0       ?UpdateConEmuTabsApi@CPluginW1900@@UAE_NH@Z 100089e0 f   ConEmuPlugin1900.obj
 0001:00007fc0       ?ExitFar@CPluginW1900@@UAEXXZ 10008fc0 f   ConEmuPlugin1900.obj
 0001:00008050       ?ShowMessage@CPluginW1900@@UAEHPB_WH_N@Z 10009050 f   ConEmuPlugin1900.obj
 0001:00008100       ?GetMsg@CPluginW1900@@UAEPB_WHPA_WI@Z 10009100 f   ConEmuPlugin1900.obj
 0001:00008180       ?SetWindow@CPluginW1900@@UAEXH@Z 10009180 f   ConEmuPlugin1900.obj
 0001:000081e0       ?PostMacroApi@CPluginW1900@@UAEXPB_WPAU_INPUT_RECORD@@_N@Z 100091e0 f   ConEmuPlugin1900.obj
 0001:00008930       ?wcsstr@@YAPA_WPA_WPB_W@Z  10009930 f i ConEmuPlugin1900.obj
 0001:00008950       ?ShowPluginMenu@CPluginW1900@@UAEHPAUConEmuPluginMenuItem@@HH@Z 10009950 f   ConEmuPlugin1900.obj
 0001:00008b40       ?OpenEditor@CPluginW1900@@UAE_NPB_W_N11HH@Z 10009b40 f   ConEmuPlugin1900.obj
 0001:00008c90       ?ExecuteSynchroApi@CPluginW1900@@UAE_NXZ 10009c90 f   ConEmuPlugin1900.obj
 0001:00008cd0       ?WaitEndSynchro@CPluginW1900@@UAEXXZ 10009cd0 f   ConEmuPlugin1900.obj
 0001:00008ce0       ?StopWaitEndSynchro@CPluginW1900@@UAEXXZ 10009ce0 f   ConEmuPlugin1900.obj
 0001:00008cf0       ?IsMacroActive@CPluginW1900@@UAE_NXZ 10009cf0 f   ConEmuPlugin1900.obj
 0001:00008d40       ?GetMacroArea@CPluginW1900@@UAEHXZ 10009d40 f   ConEmuPlugin1900.obj
 0001:00008d70       ?RedrawAll@CPluginW1900@@UAEXXZ 10009d70 f   ConEmuPlugin1900.obj
 0001:00008db0       ?InputBox@CPluginW1900@@UAE_NPB_W000AAPA_W@Z 10009db0 f   ConEmuPlugin1900.obj
 0001:00008e30       ?ShowUserScreen@CPluginW1900@@UAEX_N@Z 10009e30 f   ConEmuPlugin1900.obj
 0001:00008e80       ?LoadFarColors@CPluginW1900@@UAEXAAY0BAA@E@Z 10009e80 f   ConEmuPlugin1900.obj
 0001:00009010       ?FarColor_3_2@@YIEABUFarColor@@@Z 1000a010 f i ConEmuPlugin1900.obj
 0001:00009120       ?Color2FgIndex@Far3Color@@SIXKAAGPBK@Z 1000a120 f i ConEmuPlugin1900.obj
 0001:00009260       ?Max@Far3Color@@SIHHH@Z    1000a260 f i ConEmuPlugin1900.obj
 0001:00009290       ?GetStdIndex@Far3Color@@SIHKPBK@Z 1000a290 f i ConEmuPlugin1900.obj
 0001:000092f0       ?GetStdPalette@Far3Color@@SIPBKXZ 1000a2f0 f i ConEmuPlugin1900.obj
 0001:00009300       ?Color2BgIndex@Far3Color@@SIXKHAAGPBK@Z 1000a300 f i ConEmuPlugin1900.obj
 0001:00009470       ?LoadFarSettings@CPluginW1900@@UAEXPAUCEFarInterfaceSettings@@PAUCEFarPanelSettings@@@Z 1000a470 f   ConEmuPlugin1900.obj
 0001:00009680       ?GetFarRect@CPluginW1900@@UAE_NAAU_SMALL_RECT@@@Z 1000a680 f   ConEmuPlugin1900.obj
 0001:000096f0       ?CheckPanelExist@CPluginW1900@@UAE_NXZ 1000a6f0 f   ConEmuPlugin1900.obj
 0001:00009740       ?GetActiveWindowType@CPluginW1900@@UAEHXZ 1000a740 f   ConEmuPlugin1900.obj
 0001:00009800       ?GetWindowTypeName@CPluginW1900@@UAEPB_WH@Z 1000a800 f   ConEmuPlugin1900.obj
 0001:00009890       ?GuiMacroDlg@CPluginW1900@@UAEXXZ 1000a890 f   ConEmuPlugin1900.obj
 0001:00009e70       ?Open@CPluginW1900@@UAEPAXPBX@Z 1000ae70 f   ConEmuPlugin1900.obj
 0001:0000a010       _GetGlobalInfoW@4          1000b010 f   ConEmuPlugin2800.obj
 0001:0000a1f0       ??0CPluginW2800@@QAE@XZ    1000b1f0 f   ConEmuPlugin2800.obj
 0001:0000a480       ??_ECPluginW2800@@UAEPAXI@Z 1000b480 f i ConEmuPlugin2800.obj
 0001:0000a480       ??_GCPluginW2800@@UAEPAXI@Z 1000b480 f i ConEmuPlugin2800.obj
 0001:0000a4b0       ??1CPluginW2800@@UAE@XZ    1000b4b0 f i ConEmuPlugin2800.obj
 0001:0000a4d0       ?GetPanelDir@CPluginW2800@@UAEPA_WKPA_WH@Z 1000b4d0 f   ConEmuPlugin2800.obj
 0001:0000a660       ?GetPanelInfo@CPluginW2800@@UAE_NKPAUCEPanelInfo@@@Z 1000b660 f   ConEmuPlugin2800.obj
 0001:0000aae0       ?GetPanelItemInfo@CPluginW2800@@UAE_NABUCEPanelInfo@@_NHAAU_WIN32_FIND_DATAW@@PAPA_W@Z 1000bae0 f   ConEmuPlugin2800.obj
 0001:0000ad10       ?PanelControlApi@CPluginW2800@@UAEHPAXHH0@Z 1000bd10 f   ConEmuPlugin2800.obj
 0001:0000ad60       ?GetPluginInfoPtr@CPluginW2800@@UAEXPAX@Z 1000bd60 f   ConEmuPlugin2800.obj
 0001:0000ade0       ?SetStartupInfoPtr@CPluginW2800@@UAEXPAX@Z 1000bde0 f   ConEmuPlugin2800.obj
 0001:0000af50       ?GetEditorModifiedState@CPluginW2800@@UAEKXZ 1000bf50 f   ConEmuPlugin2800.obj
 0001:0000af90       ?ProcessEditorEventPtr@CPluginW2800@@UAEHPAX@Z 1000bf90 f   ConEmuPlugin2800.obj
 0001:0000afc0       ?ProcessViewerEventPtr@CPluginW2800@@UAEHPAX@Z 1000bfc0 f   ConEmuPlugin2800.obj
 0001:0000aff0       ?ProcessSynchroEventPtr@CPluginW2800@@UAEHPAX@Z 1000bff0 f   ConEmuPlugin2800.obj
 0001:0000b020       ?ProcessEditorInputPtr@CPluginW2800@@UAEHPBX@Z 1000c020 f   ConEmuPlugin2800.obj
 0001:0000b060       ?GetWindowCount@CPluginW2800@@UAEHXZ 1000c060 f   ConEmuPlugin2800.obj
 0001:0000b0b0       ?UpdateConEmuTabsApi@CPluginW2800@@UAE_NH@Z 1000c0b0 f   ConEmuPlugin2800.obj
 0001:0000b940       ?ExitFar@CPluginW2800@@UAEXXZ 1000c940 f   ConEmuPlugin2800.obj
 0001:0000b9d0       ?ShowMessage@CPluginW2800@@UAEHPB_WH_N@Z 1000c9d0 f   ConEmuPlugin2800.obj
 0001:0000ba80       ?GetMsg@CPluginW2800@@UAEPB_WHPA_WI@Z 1000ca80 f   ConEmuPlugin2800.obj
 0001:0000bb00       ?SetWindow@CPluginW2800@@UAEXH@Z 1000cb00 f   ConEmuPlugin2800.obj
 0001:0000bb60       ?PostMacroApi@CPluginW2800@@UAEXPB_WPAU_INPUT_RECORD@@_N@Z 1000cb60 f   ConEmuPlugin2800.obj
 0001:0000bf00       ?ShowPluginMenu@CPluginW2800@@UAEHPAUConEmuPluginMenuItem@@HH@Z 1000cf00 f   ConEmuPlugin2800.obj
 0001:0000c0f0       ?OpenEditor@CPluginW2800@@UAE_NPB_W_N11HH@Z 1000d0f0 f   ConEmuPlugin2800.obj
 0001:0000c240       ?ExecuteSynchroApi@CPluginW2800@@UAE_NXZ 1000d240 f   ConEmuPlugin2800.obj
 0001:0000c280       ?WaitEndSynchro@CPluginW2800@@UAEXXZ 1000d280 f   ConEmuPlugin2800.obj
 0001:0000c290       ?StopWaitEndSynchro@CPluginW2800@@UAEXXZ 1000d290 f   ConEmuPlugin2800.obj
 0001:0000c2a0       ?IsMacroActive@CPluginW2800@@UAE_NXZ 1000d2a0 f   ConEmuPlugin2800.obj
 0001:0000c2f0       ?GetMacroArea@CPluginW2800@@UAEHXZ 1000d2f0 f   ConEmuPlugin2800.obj
 0001:0000c320       ?RedrawAll@CPluginW2800@@UAEXXZ 1000d320 f   ConEmuPlugin2800.obj
 0001:0000c360       ?InputBox@CPluginW2800@@UAE_NPB_W000AAPA_W@Z 1000d360 f   ConEmuPlugin2800.obj
 0001:0000c3e0       ?ShowUserScreen@CPluginW2800@@UAEX_N@Z 1000d3e0 f   ConEmuPlugin2800.obj
 0001:0000c430       ?LoadFarColors@CPluginW2800@@UAEXAAY0BAA@E@Z 1000d430 f   ConEmuPlugin2800.obj
 0001:0000c5c0       ?LoadFarSettings@CPluginW2800@@UAEXPAUCEFarInterfaceSettings@@PAUCEFarPanelSettings@@@Z 1000d5c0 f   ConEmuPlugin2800.obj
 0001:0000c7d0       ?GetFarRect@CPluginW2800@@UAE_NAAU_SMALL_RECT@@@Z 1000d7d0 f   ConEmuPlugin2800.obj
 0001:0000c840       ?CheckPanelExist@CPluginW2800@@UAE_NXZ 1000d840 f   ConEmuPlugin2800.obj
 0001:0000c890       ?GetActiveWindowType@CPluginW2800@@UAEHXZ 1000d890 f   ConEmuPlugin2800.obj
 0001:0000c960       ?GetWindowTypeName@CPluginW2800@@UAEPB_WH@Z 1000d960 f   ConEmuPlugin2800.obj
 0001:0000c9f0       ?GuiMacroDlg@CPluginW2800@@UAEXXZ 1000d9f0 f   ConEmuPlugin2800.obj
 0001:0000cf60       ?Open@CPluginW2800@@UAEPAXPBX@Z 1000df60 f   ConEmuPlugin2800.obj
 0001:0000d190       ??0FarMacroValue@@QAE@XZ   1000e190 f i ConEmuPlugin2800.obj
 0001:0000d1d0       ??0?$MArray@UWindowInfo@@@@QAE@XZ 1000e1d0 f i ConEmuPlugin2800.obj
 0001:0000d210       ??1?$MArray@UWindowInfo@@@@QAE@XZ 1000e210 f i ConEmuPlugin2800.obj
 0001:0000d230       ??A?$MArray@UWindowInfo@@@@QBEABUWindowInfo@@H@Z 1000e230 f i ConEmuPlugin2800.obj
 0001:0000d250       ??A?$MArray@UWindowInfo@@@@QAEAAUWindowInfo@@H@Z 1000e250 f i ConEmuPlugin2800.obj
 0001:0000d270       ?push_back@?$MArray@UWindowInfo@@@@QAEHABUWindowInfo@@@Z 1000e270 f i ConEmuPlugin2800.obj
 0001:0000d300       ?insert@?$MArray@UWindowInfo@@@@QAEXHABUWindowInfo@@@Z 1000e300 f i ConEmuPlugin2800.obj
 0001:0000d3c0       ?erase@?$MArray@UWindowInfo@@@@QAEXH@Z 1000e3c0 f i ConEmuPlugin2800.obj
 0001:0000d450       ?size@?$MArray@UWindowInfo@@@@QBEHXZ 1000e450 f i ConEmuPlugin2800.obj
 0001:0000d470       ?clear@?$MArray@UWindowInfo@@@@QAEXXZ 1000e470 f i ConEmuPlugin2800.obj
 0001:0000d4c0       ?addsize@?$MArray@UWindowInfo@@@@QAEXH@Z 1000e4c0 f i ConEmuPlugin2800.obj
 0001:0000d5b0       ??0CPluginW995@@QAE@XZ     1000e5b0 f   ConEmuPlugin995.obj
 0001:0000d840       ?Open@CPluginW995@@UAEPAXPBX@Z 1000e840 f i ConEmuPlugin995.obj
 0001:0000d860       ?ProcessEditorEventPtr@CPluginW995@@UAEHPAX@Z 1000e860 f i ConEmuPlugin995.obj
 0001:0000d870       ?ProcessSynchroEventPtr@CPluginW995@@UAEHPAX@Z 1000e870 f i ConEmuPlugin995.obj
 0001:0000d880       ?ProcessViewerEventPtr@CPluginW995@@UAEHPAX@Z 1000e880 f i ConEmuPlugin995.obj
 0001:0000d890       ??_ECPluginW995@@UAEPAXI@Z 1000e890 f i ConEmuPlugin995.obj
 0001:0000d890       ??_GCPluginW995@@UAEPAXI@Z 1000e890 f i ConEmuPlugin995.obj
 0001:0000d8c0       ??1CPluginW995@@UAE@XZ     1000e8c0 f i ConEmuPlugin995.obj
 0001:0000d8e0       ?GetPanelDir@CPluginW995@@UAEPA_WKPA_WH@Z 1000e8e0 f   ConEmuPlugin995.obj
 0001:0000da10       ?GetPanelInfo@CPluginW995@@UAE_NKPAUCEPanelInfo@@@Z 1000ea10 f   ConEmuPlugin995.obj
 0001:0000dcf0       ?GetPanelItemInfo@CPluginW995@@UAE_NABUCEPanelInfo@@_NHAAU_WIN32_FIND_DATAW@@PAPA_W@Z 1000ecf0 f   ConEmuPlugin995.obj
 0001:0000df00       ?PanelControlApi@CPluginW995@@UAEHPAXHH0@Z 1000ef00 f   ConEmuPlugin995.obj
 0001:0000df50       ?GetPluginInfoPtr@CPluginW995@@UAEXPAX@Z 1000ef50 f   ConEmuPlugin995.obj
 0001:0000dff0       ?SetStartupInfoPtr@CPluginW995@@UAEXPAX@Z 1000eff0 f   ConEmuPlugin995.obj
 0001:0000e1a0       ?GetEditorModifiedState@CPluginW995@@UAEKXZ 1000f1a0 f   ConEmuPlugin995.obj
 0001:0000e1e0       ?ProcessEditorInputPtr@CPluginW995@@UAEHPBX@Z 1000f1e0 f   ConEmuPlugin995.obj
 0001:0000e210       ?GetWindowCount@CPluginW995@@UAEHXZ 1000f210 f   ConEmuPlugin995.obj
 0001:0000e260       ?UpdateConEmuTabsApi@CPluginW995@@UAE_NH@Z 1000f260 f   ConEmuPlugin995.obj
 0001:0000e540       ?ExitFar@CPluginW995@@UAEXXZ 1000f540 f   ConEmuPlugin995.obj
 0001:0000e5d0       ?ShowMessage@CPluginW995@@UAEHPB_WH_N@Z 1000f5d0 f   ConEmuPlugin995.obj
 0001:0000e650       ?GetMsg@CPluginW995@@UAEPB_WHPA_WI@Z 1000f650 f   ConEmuPlugin995.obj
 0001:0000e6d0       ?SetWindow@CPluginW995@@UAEXH@Z 1000f6d0 f   ConEmuPlugin995.obj
 0001:0000e730       ?PostMacroApi@CPluginW995@@UAEXPB_WPAU_INPUT_RECORD@@_N@Z 1000f730 f   ConEmuPlugin995.obj
 0001:0000e800       ?ShowPluginMenu@CPluginW995@@UAEHPAUConEmuPluginMenuItem@@HH@Z 1000f800 f   ConEmuPlugin995.obj
 0001:0000e990       ?OpenEditor@CPluginW995@@UAE_NPB_W_N11HH@Z 1000f990 f   ConEmuPlugin995.obj
 0001:0000eab0       ?ExecuteSynchroApi@CPluginW995@@UAE_NXZ 1000fab0 f   ConEmuPlugin995.obj
 0001:0000eaf0       ?WaitEndSynchro@CPluginW995@@UAEXXZ 1000faf0 f   ConEmuPlugin995.obj
 0001:0000eca0       ?StopWaitEndSynchro@CPluginW995@@UAEXXZ 1000fca0 f   ConEmuPlugin995.obj
 0001:0000ecd0       ?IsMacroActive@CPluginW995@@UAE_NXZ 1000fcd0 f   ConEmuPlugin995.obj
 0001:0000ed30       ?GetMacroArea@CPluginW995@@UAEHXZ 1000fd30 f   ConEmuPlugin995.obj
 0001:0000ed70       ?RedrawAll@CPluginW995@@UAEXXZ 1000fd70 f   ConEmuPlugin995.obj
 0001:0000edb0       ?InputBox@CPluginW995@@UAE_NPB_W000AAPA_W@Z 1000fdb0 f   ConEmuPlugin995.obj
 0001:0000ee20       ?ShowUserScreen@CPluginW995@@UAEX_N@Z 1000fe20 f   ConEmuPlugin995.obj
 0001:0000ee70       ?LoadFarColors@CPluginW995@@UAEXAAY0BAA@E@Z 1000fe70 f   ConEmuPlugin995.obj
 0001:0000ef40       ?LoadFarSettings@CPluginW995@@UAEXPAUCEFarInterfaceSettings@@PAUCEFarPanelSettings@@@Z 1000ff40 f   ConEmuPlugin995.obj
 0001:0000efb0       ?GetFarRect@CPluginW995@@UAE_NAAU_SMALL_RECT@@@Z 1000ffb0 f   ConEmuPlugin995.obj
 0001:0000f020       ?CheckPanelExist@CPluginW995@@UAE_NXZ 10010020 f   ConEmuPlugin995.obj
 0001:0000f070       ?GetActiveWindowType@CPluginW995@@UAEHXZ 10010070 f   ConEmuPlugin995.obj
 0001:0000f140       ?GetWindowTypeName@CPluginW995@@UAEPB_WH@Z 10010140 f   ConEmuPlugin995.obj
 0001:0000f1d0       ?GuiMacroDlg@CPluginW995@@UAEXXZ 100101d0 f   ConEmuPlugin995.obj
 0001:0000f720       ??0CPluginAnsi@@QAE@XZ     10010720 f   ConEmuPluginA.obj
 0001:0000f980       ?ExecuteSynchroApi@CPluginAnsi@@UAE_NXZ 10010980 f i ConEmuPluginA.obj
 0001:0000f990       ?GetFarRect@CPluginAnsi@@UAE_NAAU_SMALL_RECT@@@Z 10010990 f i ConEmuPluginA.obj
 0001:0000f9a0       ?Open@CPluginAnsi@@UAEPAXPBX@Z 100109a0 f i ConEmuPluginA.obj
 0001:0000f9c0       ?ProcessEditorEventPtr@CPluginAnsi@@UAEHPAX@Z 100109c0 f i ConEmuPluginA.obj
 0001:0000f9d0       ?ProcessEditorInputPtr@CPluginAnsi@@UAEHPBX@Z 100109d0 f i ConEmuPluginA.obj
 0001:0000f9e0       ?ProcessSynchroEventPtr@CPluginAnsi@@UAEHPAX@Z 100109e0 f i ConEmuPluginA.obj
 0001:0000f9f0       ?ProcessViewerEventPtr@CPluginAnsi@@UAEHPAX@Z 100109f0 f i ConEmuPluginA.obj
 0001:0000fa00       ?StopWaitEndSynchro@CPluginAnsi@@UAEXXZ 10010a00 f i ConEmuPluginA.obj
 0001:0000fa10       ?WaitEndSynchro@CPluginAnsi@@UAEXXZ 10010a10 f i ConEmuPluginA.obj
 0001:0000fa20       ??_ECPluginAnsi@@UAEPAXI@Z 10010a20 f i ConEmuPluginA.obj
 0001:0000fa20       ??_GCPluginAnsi@@UAEPAXI@Z 10010a20 f i ConEmuPluginA.obj
 0001:0000fa50       ??1CPluginAnsi@@UAE@XZ     10010a50 f i ConEmuPluginA.obj
 0001:0000fa70       ?GetPanelDir@CPluginAnsi@@UAEPA_WKPA_WH@Z 10010a70 f   ConEmuPluginA.obj
 0001:0000fb70       ?GetPanelInfo@CPluginAnsi@@UAE_NKPAUCEPanelInfo@@@Z 10010b70 f   ConEmuPluginA.obj
 0001:0000fe50       ?GetPanelItemInfo@CPluginAnsi@@UAE_NABUCEPanelInfo@@_NHAAU_WIN32_FIND_DATAW@@PAPA_W@Z 10010e50 f   ConEmuPluginA.obj
 0001:0000ffd0       ?PanelControlApi@CPluginAnsi@@UAEHPAXHH0@Z 10010fd0 f   ConEmuPluginA.obj
 0001:00010020       ?SetStartupInfoPtr@CPluginAnsi@@UAEXPAX@Z 10011020 f   ConEmuPluginA.obj
 0001:000101e0       ?GetPluginInfoPtr@CPluginAnsi@@UAEXPAX@Z 100111e0 f   ConEmuPluginA.obj
 0001:00010290       ?GetEditorModifiedState@CPluginAnsi@@UAEKXZ 10011290 f   ConEmuPluginA.obj
 0001:000102d0       ?GetWindowCount@CPluginAnsi@@UAEHXZ 100112d0 f   ConEmuPluginA.obj
 0001:00010320       ?UpdateConEmuTabsApi@CPluginAnsi@@UAE_NH@Z 10011320 f   ConEmuPluginA.obj
 0001:000105e0       ?ExitFar@CPluginAnsi@@UAEXXZ 100115e0 f   ConEmuPluginA.obj
 0001:00010640       ?SetWindow@CPluginAnsi@@UAEXH@Z 10011640 f   ConEmuPluginA.obj
 0001:000106b0       ?PostMacroApi@CPluginAnsi@@UAEXPB_WPAU_INPUT_RECORD@@_N@Z 100116b0 f   ConEmuPluginA.obj
 0001:000107a0       ?ShowPluginMenu@CPluginAnsi@@UAEHPAUConEmuPluginMenuItem@@HH@Z 100117a0 f   ConEmuPluginA.obj
 0001:00010990       ?OpenEditor@CPluginAnsi@@UAE_NPB_W_N11HH@Z 10011990 f   ConEmuPluginA.obj
 0001:00010af0       ?ShowMessage@CPluginAnsi@@UAEHPB_WH_N@Z 10011af0 f   ConEmuPluginA.obj
 0001:00010bc0       ?GetMsg@CPluginAnsi@@UAEPB_WHPA_WI@Z 10011bc0 f   ConEmuPluginA.obj
 0001:00010c80       ?IsMacroActive@CPluginAnsi@@UAE_NXZ 10011c80 f   ConEmuPluginA.obj
 0001:00010cf0       ?GetMacroArea@CPluginAnsi@@UAEHXZ 10011cf0 f   ConEmuPluginA.obj
 0001:00010d00       ?RedrawAll@CPluginAnsi@@UAEXXZ 10011d00 f   ConEmuPluginA.obj
 0001:00010d40       ?InputBox@CPluginAnsi@@UAE_NPB_W000AAPA_W@Z 10011d40 f   ConEmuPluginA.obj
 0001:00010e70       ?ShowUserScreen@CPluginAnsi@@UAEX_N@Z 10011e70 f   ConEmuPluginA.obj
 0001:00010ec0       ?LoadFarColors@CPluginAnsi@@UAEXAAY0BAA@E@Z 10011ec0 f   ConEmuPluginA.obj
 0001:00010f90       ?LoadFarSettings@CPluginAnsi@@UAEXPAUCEFarInterfaceSettings@@PAUCEFarPanelSettings@@@Z 10011f90 f   ConEmuPluginA.obj
 0001:00011000       ?CheckPanelExist@CPluginAnsi@@UAE_NXZ 10012000 f   ConEmuPluginA.obj
 0001:00011050       ?GetActiveWindowType@CPluginAnsi@@UAEHXZ 10012050 f   ConEmuPluginA.obj
 0001:000110d0       ?GetWindowTypeName@CPluginAnsi@@UAEPB_WH@Z 100120d0 f   ConEmuPluginA.obj
 0001:00011160       ?GuiMacroDlg@CPluginAnsi@@UAEXXZ 10012160 f   ConEmuPluginA.obj
 0001:000117b0       ?Plugin@@YIPAVCPluginBase@@XZ 100127b0 f   ConEmuPluginBase.obj
 0001:000118e0       ??0CPluginBase@@QAE@XZ     100128e0 f   ConEmuPluginBase.obj
 0001:00011b90       ??_ECPluginBase@@UAEPAXI@Z 10012b90 f i ConEmuPluginBase.obj
 0001:00011b90       ??_GCPluginBase@@UAEPAXI@Z 10012b90 f i ConEmuPluginBase.obj
 0001:00011bc0       ??1CPluginBase@@UAE@XZ     10012bc0 f   ConEmuPluginBase.obj
 0001:00011be0       ?DllMain_ProcessAttach@CPluginBase@@KIXPAUHINSTANCE__@@@Z 10012be0 f   ConEmuPluginBase.obj
 0001:00011cd0       ?DllMain_ProcessDetach@CPluginBase@@KIXXZ 10012cd0 f   ConEmuPluginBase.obj
 0001:00011e50       ??_GMSection@@QAEPAXI@Z    10012e50 f i ConEmuPluginBase.obj
 0001:00011e80       ??_GCPluginBackground@@QAEPAXI@Z 10012e80 f i ConEmuPluginBase.obj
 0001:00011eb0       ?LoadFarVersion@CPluginBase@@SI_NXZ 10012eb0 f   ConEmuPluginBase.obj
 0001:000122f0       ?ShowMessageGui@CPluginBase@@QAEHHH@Z 100132f0 f   ConEmuPluginBase.obj
 0001:000123a0       ?BackgroundMacroError@CPluginBase@@SGKPAX@Z 100133a0 f   ConEmuPluginBase.obj
 0001:000123f0       ?PostMacro@CPluginBase@@QAEXPB_WPAU_INPUT_RECORD@@_N@Z 100133f0 f   ConEmuPluginBase.obj
 0001:000124b0       ?isMacroActive@CPluginBase@@QAE_NAAH@Z 100134b0 f   ConEmuPluginBase.obj
 0001:00012500       ?CheckBufferEnabled@CPluginBase@@QAE_NXZ 10013500 f   ConEmuPluginBase.obj
 0001:00012590       ?PanelControl@CPluginBase@@QAEHPAXHH0@Z 10013590 f   ConEmuPluginBase.obj
 0001:00012640       ?GetPanelInfo@CPluginBase@@QAE_NKPAUBkPanelInfo@@@Z 10013640 f   ConEmuPluginBase.obj
 0001:000126e0       ?FillUpdateBackground@CPluginBase@@QAEXPAUPaintBackgroundArg@@@Z 100136e0 f   ConEmuPluginBase.obj
 0001:000128b0       ?StorePanelDirs@CPluginBase@@QAE_NPB_W0@Z 100138b0 f   ConEmuPluginBase.obj
 0001:00012a60       _wmemmove                  10013a60 f i ConEmuPluginBase.obj
 0001:00012a80       ?UpdatePanelDirs@CPluginBase@@QAEXXZ 10013a80 f   ConEmuPluginBase.obj
 0001:00012c70       ?IsFarLua@FarVersion@@QBE_NXZ 10013c70 f i ConEmuPluginBase.obj
 0001:00012cc0       ?RunExternalProgram@CPluginBase@@QAE_NPA_W@Z 10013cc0 f   ConEmuPluginBase.obj
 0001:00012eb0       ?ProcessCommandLine@CPluginBase@@QAE_NPA_W@Z 10013eb0 f   ConEmuPluginBase.obj
 0001:00012ef0       ?ShowPluginMenu@CPluginBase@@QAEXW4PluginCallCommands@@@Z 10013ef0 f   ConEmuPluginBase.obj
 0001:000131a0       ?ShowTabsList@CPluginBase@@QAEXXZ 100141a0 f   ConEmuPluginBase.obj
 0001:00013570       ?ShowPanelsList@CPluginBase@@QAEXXZ 10014570 f   ConEmuPluginBase.obj
 0001:000136f0       ?DataSize@CESERVER_REQ@@QAEKXZ 100146f0 f i ConEmuPluginBase.obj
 0001:00013730       ?EditViewConsoleOutput@CPluginBase@@QAEX_N@Z 10014730 f   ConEmuPluginBase.obj
 0001:000137f0       ?SwitchTabCommand@CPluginBase@@QAEXW4PluginMenuCommands@@@Z 100147f0 f   ConEmuPluginBase.obj
 0001:000138b0       ?ProcessSynchroEvent@CPluginBase@@QAEHHPAX@Z 100148b0 f   ConEmuPluginBase.obj
 0001:00013960       ?ProcessEditorInputInternal@CPluginBase@@QAEXABU_INPUT_RECORD@@@Z 10014960 f   ConEmuPluginBase.obj
 0001:000139c0       ?ProcessEditorViewerEvent@CPluginBase@@QAEHHH@Z 100149c0 f   ConEmuPluginBase.obj
 0001:00013ad0       ?isModalEditorViewer@CPluginBase@@QAE_NXZ 10014ad0 f   ConEmuPluginBase.obj
 0001:00013b20       ?GetMainThreadId@CPluginBase@@SIKXZ 10014b20 f   ConEmuPluginBase.obj
 0001:00013bc0       ?ShowConsoleInfo@CPluginBase@@QAEXXZ 10014bc0 f   ConEmuPluginBase.obj
 0001:00013d40       ?RunExternalProgramW@CPluginBase@@SI_NPA_W0_N@Z 10014d40 f   ConEmuPluginBase.obj
 0001:00013fb0       ?StartDebugger@CPluginBase@@QAE_NXZ 10014fb0 f   ConEmuPluginBase.obj
 0001:000142e0       ?Attach2Gui@CPluginBase@@QAE_NXZ 100152e0 f   ConEmuPluginBase.obj
 0001:000147a0       ?FindServerCmd@CPluginBase@@QAE_NKAAK_N@Z 100157a0 f   ConEmuPluginBase.obj
 0001:00014890       ?ShowMessage@CPluginBase@@QAEHHH@Z 10015890 f   ConEmuPluginBase.obj
 0001:00014910       ?OutDataAlloc@CPluginBase@@SI_NK@Z 10015910 f   ConEmuPluginBase.obj
 0001:00014980       ?OutDataRealloc@CPluginBase@@SI_NK@Z 10015980 f   ConEmuPluginBase.obj
 0001:00014a60       ?OutDataWrite@CPluginBase@@SI_NPAXK@Z 10015a60 f   ConEmuPluginBase.obj
 0001:00014b30       ?CreateTabs@CPluginBase@@SI_NH@Z 10015b30 f   ConEmuPluginBase.obj
 0001:00014c00       ?AddTab@CPluginBase@@QAE_NAAHH_N1HPB_W2HHHH@Z 10015c00 f   ConEmuPluginBase.obj
 0001:00015010       _wmemcmp                   10016010 f i ConEmuPluginBase.obj
 0001:00015070       ?SendTabs@CPluginBase@@SIXH_N@Z 10016070 f   ConEmuPluginBase.obj
 0001:00015250       ?CloseTabs@CPluginBase@@SIXXZ 10016250 f   ConEmuPluginBase.obj
 0001:000152d0       ?UpdateConEmuTabs@CPluginBase@@QAE_N_N@Z 100162d0 f   ConEmuPluginBase.obj
 0001:000155d0       ?CheckResources@CPluginBase@@QAEX_N@Z 100165d0 f   ConEmuPluginBase.obj
 0001:00015740       ?InitResources@CPluginBase@@QAEXXZ 10016740 f   ConEmuPluginBase.obj
 0001:000159a0       ?CloseMapHeader@CPluginBase@@SIXXZ 100169a0 f   ConEmuPluginBase.obj
 0001:000159d0       ?OpenMapHeader@CPluginBase@@SIHXZ 100169d0 f   ConEmuPluginBase.obj
 0001:00015af0       ?InitRootRegKey@CPluginBase@@IAEXXZ 10016af0 f   ConEmuPluginBase.obj
 0001:00015c10       ?SetRootRegKey@CPluginBase@@IAEXPA_W@Z 10016c10 f   ConEmuPluginBase.obj
 0001:00015d10       ?LoadPanelTabsFromRegistry@CPluginBase@@IAEXXZ 10016d10 f   ConEmuPluginBase.obj
 0001:00015e10       ?InitHWND@CPluginBase@@SIXXZ 10016e10 f   ConEmuPluginBase.obj
 0001:000160b0       ?CheckConEmuDetached@CPluginBase@@SIXXZ 100170b0 f   ConEmuPluginBase.obj
 0001:00016150       ?EmergencyShow@CPluginBase@@KIXXZ 10017150 f   ConEmuPluginBase.obj
 0001:000161b0       ?MonitorThreadProcW@CPluginBase@@SGKPAX@Z 100171b0 f   ConEmuPluginBase.obj
 0001:00016660       ?OpenPluginCommon@CPluginBase@@QAEPAXHH_N@Z 10017660 f   ConEmuPluginBase.obj
 0001:000169e0       ?ExitFarCommon@CPluginBase@@QAEX_N@Z 100179e0 f   ConEmuPluginBase.obj
 0001:00016a30       ?OnMainThreadActivated@CPluginBase@@QAEXXZ 10017a30 f   ConEmuPluginBase.obj
 0001:00016c00       ?ProcessSetWindowCommand@CPluginBase@@QAEXXZ 10017c00 f   ConEmuPluginBase.obj
 0001:00016d40       ?CommonPluginStartup@CPluginBase@@QAEXXZ 10017d40 f   ConEmuPluginBase.obj
 0001:00016e60       ?StopThread@CPluginBase@@QAEX_N@Z 10017e60 f   ConEmuPluginBase.obj
 0001:000171d0       ??_G?$MFileMapping@UCESERVER_CONSOLE_MAPPING_HDR@@@@QAEPAXI@Z 100181d0 f i ConEmuPluginBase.obj
 0001:00017200       ?ShutdownPluginStep@CPluginBase@@SIXPB_WHHHH@Z 10018200 f   ConEmuPluginBase.obj
 0001:00017220       ?ExecuteSynchro@CPluginBase@@QAEXXZ 10018220 f   ConEmuPluginBase.obj
 0001:000172e0       ?WaitPluginActivation@CPluginBase@@SIKKPAPAXHK@Z 100182e0 f   ConEmuPluginBase.obj
 0001:00017440       ?ActivatePlugin@CPluginBase@@QAE_NKPAXK@Z 10018440 f   ConEmuPluginBase.obj
 0001:000176d0       ?cmd_OpenEditorLine@CPluginBase@@QAE_NPAUCESERVER_REQ_FAREDITOR@@@Z 100186d0 f   ConEmuPluginBase.obj
 0001:000177c0       ?cmd_RedrawFarCall@CPluginBase@@QAE_NAAPAUCESERVER_REQ@@PAPAU2@@Z 100187c0 f   ConEmuPluginBase.obj
 0001:00017870       ?cmd_SetWindow@CPluginBase@@QAE_NPAX_N@Z 10018870 f   ConEmuPluginBase.obj
 0001:00017930       ?cmd_LeftClickSync@CPluginBase@@QAEXPAX@Z 10018930 f   ConEmuPluginBase.obj
 0001:00017a60       ?cmd_CloseQSearch@CPluginBase@@QAEXXZ 10018a60 f   ConEmuPluginBase.obj
 0001:00017aa0       ?cmd_EMenu@CPluginBase@@QAEXPAX@Z 10018aa0 f   ConEmuPluginBase.obj
 0001:00017b70       ?cmd_ExternalCallback@CPluginBase@@QAE_NPAX@Z 10018b70 f   ConEmuPluginBase.obj
 0001:00017bf0       ?cmd_ConSetFont@CPluginBase@@QAEXPAX@Z 10018bf0 f   ConEmuPluginBase.obj
 0001:00017c40       ?cmd_GuiChanged@CPluginBase@@QAEXPAX@Z 10018c40 f   ConEmuPluginBase.obj
 0001:00017d20       ?ProcessCommand@CPluginBase@@QAE_NKHPAXPAPAUCESERVER_REQ@@_N@Z 10018d20 f   ConEmuPluginBase.obj
 0001:00018250       ?FarSetConsoleSize@CPluginBase@@SI_NFF@Z 10019250 f   ConEmuPluginBase.obj
 0001:00018370       ?ReloadFarInfoApi@CPluginBase@@IAE_NXZ 10019370 f   ConEmuPluginBase.obj
 0001:000185b0       ?ReloadFarInfo@CPluginBase@@QAE_N_N@Z 100195b0 f   ConEmuPluginBase.obj
 0001:00018880       ?pcc_Selected@CPluginBase@@SI_NW4PluginMenuCommands@@@Z 10019880 f   ConEmuPluginBase.obj
 0001:000188f0       ?pcc_Disabled@CPluginBase@@SI_NW4PluginMenuCommands@@@Z 100198f0 f   ConEmuPluginBase.obj
 0001:000189a0       ?TouchReadPeekConsoleInputs@CPluginBase@@SIXH@Z 100199a0 f   ConEmuPluginBase.obj
 0001:00018a00       ?OnConsolePeekReadInput@CPluginBase@@SIX_N@Z 10019a00 f   ConEmuPluginBase.obj
 0001:00018c00       ?ActiveServerPID@CESERVER_CONSOLE_MAPPING_HDR@@QBEKXZ 10019c00 f i ConEmuPluginBase.obj
 0001:00018c40       ?UngetDummyMouseEvent@CPluginBase@@SI_N_NPAUHookCallbackArg@@@Z 10019c40 f   ConEmuPluginBase.obj
 0001:00018e70       ??4HANDLE2@@QAEAAU0@PAX@Z  10019e70 f i ConEmuPluginBase.obj
 0001:00018e90       ?FillLoadedParm@CPluginBase@@SIXPAUConEmuLoadedArg@@PAUHINSTANCE__@@H@Z 10019e90 f   ConEmuPluginBase.obj
 0001:00018f70       ?NotifyConEmuUnloaded@CPluginBase@@SIXXZ 10019f70 f   ConEmuPluginBase.obj
 0001:000190b0       ?OnPanelViewCallbacks@CPluginBase@@SI_NPAUHookCallbackArg@@P6GHPAXPAU_INPUT_RECORD@@KPAKPAH@Z5@Z 1001a0b0 f   ConEmuPluginBase.obj
 0001:00019190       ?OnShellExecuteExW_Except@CPluginBase@@SGXPAUHookCallbackArg@@@Z 1001a190 f   ConEmuPluginBase.obj
 0001:000191d0       ?OnGetNumberOfConsoleInputEventsPost@CPluginBase@@SGXPAUHookCallbackArg@@@Z 1001a1d0 f   ConEmuPluginBase.obj
 0001:00019210       ?OnConsolePeekInput@CPluginBase@@SGHPAUHookCallbackArg@@@Z 1001a210 f   ConEmuPluginBase.obj
 0001:00019290       ?OnConsolePeekInputPost@CPluginBase@@SGXPAUHookCallbackArg@@@Z 1001a290 f   ConEmuPluginBase.obj
 0001:000192d0       ?OnConsoleReadInputWork@CPluginBase@@SIHPAUHookCallbackArg@@@Z 1001a2d0 f   ConEmuPluginBase.obj
 0001:00019370       ?OnConsoleReadInput@CPluginBase@@SGHPAUHookCallbackArg@@@Z 1001a370 f   ConEmuPluginBase.obj
 0001:00019380       ?OnConsoleReadInputPost@CPluginBase@@SGXPAUHookCallbackArg@@@Z 1001a380 f   ConEmuPluginBase.obj
 0001:000195c0       ?OnWriteConsoleOutput@CPluginBase@@SGHPAUHookCallbackArg@@@Z 1001a5c0 f   ConEmuPluginBase.obj
 0001:000196a0       ?OnConsoleDetaching@CPluginBase@@SGHPAUHookCallbackArg@@@Z 1001a6a0 f   ConEmuPluginBase.obj
 0001:000197d0       ?OnConsoleWasAttached@CPluginBase@@SGXPAUHookCallbackArg@@@Z 1001a7d0 f   ConEmuPluginBase.obj
 0001:00019840       ?OnCurDirChanged@CPluginBase@@SGXXZ 1001a840 f   ConEmuPluginBase.obj
 0001:000198c0       ?OnLibraryLoaded@CPluginBase@@SGXPAUHINSTANCE__@@@Z 1001a8c0 f   ConEmuPluginBase.obj
 0001:00019940       ?ToUnicode@CPluginBase@@SIPA_WPBD@Z 1001a940 f   ConEmuPluginBase.obj
 0001:000199c0       ?ToOem@CPluginBase@@SIXPB_WPADH@Z 1001a9c0 f   ConEmuPluginBase.obj
 0001:00019a10       ?ToOem@CPluginBase@@SIPADPB_W@Z 1001aa10 f   ConEmuPluginBase.obj
 0001:00019a70       ?ProcessDragFrom@CPluginBase@@QAEXXZ 1001aa70 f   ConEmuPluginBase.obj
 0001:0001a060       ?ProcessDragTo@CPluginBase@@QAEXXZ 1001b060 f   ConEmuPluginBase.obj
 0001:0001a460       ?IsCurrentTabModal@CPluginBase@@QAE_NXZ 1001b460 f   ConEmuPluginBase.obj
 0001:0001a520       ?PrintText@CPluginBase@@QAE_NPB_W@Z 1001b520 f   ConEmuPluginBase.obj
 0001:0001a810       ?Ptr@?$MFileMapping@UCESERVER_CONSOLE_MAPPING_HDR@@@@QAEPAUCESERVER_CONSOLE_MAPPING_HDR@@XZ 1001b810 f i ConEmuPluginBase.obj
 0001:0001a830       ??$wcscpy_c@$0BBE@@@YIHAAY0BBE@_WPB_W@Z 1001b830 f i ConEmuPluginBase.obj
 0001:0001a860       ??$wcscat_c@$0BBE@@@YIHAAY0BBE@_WPB_W@Z 1001b860 f i ConEmuPluginBase.obj
 0001:0001a890       ??$wcscat_c@$0CAE@@@YIHAAY0CAE@_WPB_W@Z 1001b890 f i ConEmuPluginBase.obj
 0001:0001a8c0       ?EvaluateDefaultFontWidth@@YIHHPB_W@Z 1001b8c0 f   EmergencyShow.obj
 0001:0001aa00       ?SetUserFriendlyFont@@YIXPAUHWND__@@HH@Z 1001ba00 f   EmergencyShow.obj
 0001:0001aef0       ?CorrectConsolePos@@YIXPAUHWND__@@@Z 1001bef0 f   EmergencyShow.obj
 0001:0001b030       ?EmergencyShow@@YIXPAUHWND__@@HH@Z 1001c030 f   EmergencyShow.obj
 0001:0001b180       ?IsFileBatch@@YI_NPB_W@Z   1001c180 f   Execute.obj
 0001:0001b200       ?GetImageSubsystem@@YI_NPB_WAAK11@Z 1001c200 f   Execute.obj
 0001:0001b520       ?GetImageSubsystem@@YI_NAAK0@Z 1001c520 f   Execute.obj
 0001:0001b5d0       ?GetImageSubsystem@@YI_NU_PROCESS_INFORMATION@@AAK1@Z 1001c5d0 f   Execute.obj
 0001:0001b7c0       ?GetEnclosingSectionHeader@@YIPAU_IMAGE_SECTION_HEADER@@KPAUIMAGE_MAPPING@@@Z 1001c7c0 f   Execute.obj
 0001:0001b850       ?GetPtrFromRVA@@YIPAXKPAUIMAGE_MAPPING@@@Z 1001c850 f   Execute.obj
 0001:0001b8b0       ?FindImageSubsystem@@YI_NPB_WAAK1PAK@Z 1001c8b0 f   Execute.obj
 0001:0001c290       ?HeapInitialize@@YI_NXZ    1001d290 f   Memory.obj
 0001:0001c2c0       ?HeapDeinitialize@@YIXXZ   1001d2c0 f   Memory.obj
 0001:0001c2f0       ?xf_malloc@@YAPAXI@Z       1001d2f0 f   Memory.obj
 0001:0001c320       ?xf_calloc@@YAPAXII@Z      1001d320 f   Memory.obj
 0001:0001c350       ?xf_realloc@@YAPAXPAXI@Z   1001d350 f   Memory.obj
 0001:0001c390       ?xf_free@@YAXPAX@Z         1001d390 f   Memory.obj
 0001:0001c3c0       ?xf_validate@@YA_NPAX@Z    1001d3c0 f   Memory.obj
 0001:0001c3f0       ??2@YAPAXI@Z               1001d3f0 f   Memory.obj
 0001:0001c410       ??_U@YAPAXI@Z              1001d410 f   Memory.obj
 0001:0001c430       ??3@YAXPAX@Z               1001d430 f   Memory.obj
 0001:0001c450       ??_V@YAXPAX@Z              1001d450 f   Memory.obj
 0001:0001c470       ?lstrdup@@YIPADPBD@Z       1001d470 f   Memory.obj
 0001:0001c4e0       ?StringCchCopyA@@YGJPADIPBD@Z 1001d4e0 f i Memory.obj
 0001:0001c600       ?lstrdup@@YIPA_WPB_WI@Z    1001d600 f   Memory.obj
 0001:0001c760       ?lstrdupW@@YIPA_WPBDI@Z    1001d760 f   Memory.obj
 0001:0001c7e0       ?lstrmerge@@YIPA_WPB_W0000@Z 1001d7e0 f   Memory.obj
 0001:0001c910       ?lstrmerge@@YI_NPAPA_WPB_W111@Z 1001d910 f   Memory.obj
 0001:0001c970       ?FindMonitorsWorkspace@@YGHPAUHMONITOR__@@PAUHDC__@@PAUtagRECT@@J@Z 1001d970 f   Monitors.obj
 0001:0001c9f0       ?GetAllMonitorsWorkspace@@YI?AUtagRECT@@XZ 1001d9f0 f   Monitors.obj
 0001:0001ca70       ?FindPrimaryMonitor@@YGHPAUHMONITOR__@@PAUHDC__@@PAUtagRECT@@J@Z 1001da70 f   Monitors.obj
 0001:0001caf0       ?GetMonitorInfoSafe@@YI_NPAUHMONITOR__@@AAUtagMONITORINFO@@@Z 1001daf0 f   Monitors.obj
 0001:0001cb40       ?GetPrimaryMonitorInfo@@YIPAUHMONITOR__@@PAUtagMONITORINFO@@@Z 1001db40 f   Monitors.obj
 0001:0001cbf0       ?GetNearestMonitorInfo@@YIPAUHMONITOR__@@PAUtagMONITORINFO@@PAU1@PBUtagRECT@@PAUHWND__@@@Z 1001dbf0 f   Monitors.obj
 0001:0001cce0       ?EnumAllMonitors@@YGHPAUHMONITOR__@@PAUHDC__@@PAUtagRECT@@J@Z 1001dce0 f   Monitors.obj
 0001:0001cd50       ?MonitorSortCallback@@YIHAAU_FindAllMonitorsItem@@0@Z 1001dd50 f   Monitors.obj
 0001:0001cdc0       ?GetNextMonitorInfo@@YIPAUHMONITOR__@@PAUtagMONITORINFO@@PBUtagRECT@@_N@Z 1001ddc0 f   Monitors.obj
 0001:0001cf90       ??0_FindAllMonitors@@QAE@XZ 1001df90 f i Monitors.obj
 0001:0001cfb0       ??1_FindAllMonitors@@QAE@XZ 1001dfb0 f i Monitors.obj
 0001:0001cfd0       ?FindTaskbarWindow@@YIPAUHWND__@@PAUtagRECT@@@Z 1001dfd0 f   Monitors.obj
 0001:0001d040       ?IsTaskbarAutoHidden@@YI_NPAUtagRECT@@PAI@Z 1001e040 f   Monitors.obj
 0001:0001d100       ??0?$MArray@U_FindAllMonitorsItem@@@@QAE@XZ 1001e100 f i Monitors.obj
 0001:0001d140       ??1?$MArray@U_FindAllMonitorsItem@@@@QAE@XZ 1001e140 f i Monitors.obj
 0001:0001d160       ??A?$MArray@U_FindAllMonitorsItem@@@@QAEAAU_FindAllMonitorsItem@@H@Z 1001e160 f i Monitors.obj
 0001:0001d180       ?push_back@?$MArray@U_FindAllMonitorsItem@@@@QAEHABU_FindAllMonitorsItem@@@Z 1001e180 f i Monitors.obj
 0001:0001d210       ?size@?$MArray@U_FindAllMonitorsItem@@@@QBEHXZ 1001e210 f i Monitors.obj
 0001:0001d230       ?sort@?$MArray@U_FindAllMonitorsItem@@@@QAEXP6IHAAU_FindAllMonitorsItem@@0@Z@Z 1001e230 f i Monitors.obj
 0001:0001d320       ?clear@?$MArray@U_FindAllMonitorsItem@@@@QAEXXZ 1001e320 f i Monitors.obj
 0001:0001d370       ?addsize@?$MArray@U_FindAllMonitorsItem@@@@QAEXH@Z 1001e370 f i Monitors.obj
 0001:0001d460       ??0MSection@@QAE@XZ        1001e460 f   MSection.obj
 0001:0001d510       ??1MSection@@QAE@XZ        1001e510 f   MSection.obj
 0001:0001d5b0       ?Process_Lock@MSection@@IAEXXZ 1001e5b0 f   MSection.obj
 0001:0001d5d0       ?Process_Unlock@MSection@@IAEXXZ 1001e5d0 f   MSection.obj
 0001:0001d5f0       ?ThreadTerminated@MSection@@QAEXK@Z 1001e5f0 f   MSection.obj
 0001:0001d640       ?AddRef@MSection@@IAEXK@Z  1001e640 f   MSection.obj
 0001:0001d730       ?ReleaseRef@MSection@@IAEHK@Z 1001e730 f   MSection.obj
 0001:0001d800       ?WaitUnlocked@MSection@@IAEXKK@Z 1001e800 f   MSection.obj
 0001:0001d8a0       ?MyEnterCriticalSection@MSection@@IAE_NK@Z 1001e8a0 f   MSection.obj
 0001:0001da10       ?Lock@MSection@@IAEHHK@Z   1001ea10 f   MSection.obj
 0001:0001db60       ?Unlock@MSection@@IAEXH@Z  1001eb60 f   MSection.obj
 0001:0001dbd0       ?isLockedExclusive@MSection@@QAE_NXZ 1001ebd0 f   MSection.obj
 0001:0001dc20       ??0MSectionThread@@QAE@PAVMSection@@@Z 1001ec20 f   MSection.obj
 0001:0001dc50       ??1MSectionThread@@QAE@XZ  1001ec50 f   MSection.obj
 0001:0001dc80       ??0MSectionLock@@QAE@XZ    1001ec80 f   MSection.obj
 0001:0001dcb0       ??1MSectionLock@@QAE@XZ    1001ecb0 f   MSection.obj
 0001:0001dce0       ?Lock@MSectionLock@@QAEHPAVMSection@@HK@Z 1001ece0 f   MSection.obj
 0001:0001dd60       ?RelockExclusive@MSectionLock@@QAEHK@Z 1001ed60 f   MSection.obj
 0001:0001ddd0       ?Unlock@MSectionLock@@QAEXXZ 1001edd0 f   MSection.obj
 0001:0001de10       ?isLocked@MSectionLock@@QAEHH@Z 1001ee10 f   MSection.obj
 0001:0001de60       ??0MSectionSimple@@QAE@_N@Z 1001ee60 f   MSectionSimple.obj
 0001:0001deb0       ??1MSectionSimple@@QAE@XZ  1001eeb0 f   MSectionSimple.obj
 0001:0001ded0       ?IsInitialized@MSectionSimple@@QAE_NXZ 1001eed0 f   MSectionSimple.obj
 0001:0001df10       ?Init@MSectionSimple@@QAEXXZ 1001ef10 f   MSectionSimple.obj
 0001:0001df40       ?Close@MSectionSimple@@QAEXXZ 1001ef40 f   MSectionSimple.obj
 0001:0001df70       ?Enter@MSectionSimple@@QAEXXZ 1001ef70 f   MSectionSimple.obj
 0001:0001df90       ?Leave@MSectionSimple@@QAEXXZ 1001ef90 f   MSectionSimple.obj
 0001:0001dfb0       ?TryEnter@MSectionSimple@@QAE_NXZ 1001efb0 f   MSectionSimple.obj
 0001:0001e000       ?RecreateAndLock@MSectionSimple@@QAE_NXZ 1001f000 f   MSectionSimple.obj
 0001:0001e090       ??0MSectionLockSimple@@QAE@XZ 1001f090 f   MSectionSimple.obj
 0001:0001e0b0       ??1MSectionLockSimple@@QAE@XZ 1001f0b0 f   MSectionSimple.obj
 0001:0001e0d0       ?Lock@MSectionLockSimple@@QAEHPAUMSectionSimple@@K@Z 1001f0d0 f   MSectionSimple.obj
 0001:0001e180       ?Unlock@MSectionLockSimple@@QAEXXZ 1001f180 f   MSectionSimple.obj
 0001:0001e1b0       ?isLocked@MSectionLockSimple@@QAEHXZ 1001f1b0 f   MSectionSimple.obj
 0001:0001e1d0       ?NullSecurity@@YIPAU_SECURITY_ATTRIBUTES@@XZ 1001f1d0 f   MSecurity.obj
 0001:0001e220       ??0MNullDesc@@QAE@XZ       1001f220 f i MSecurity.obj
 0001:0001e280       ?NullSecurity@MNullDesc@@QAEPAU_SECURITY_ATTRIBUTES@@XZ 1001f280 f i MSecurity.obj
 0001:0001e380       ?LoadAdvApi@MNullDesc@@IAEHXZ 1001f380 f i MSecurity.obj
 0001:0001e5d0       ?UnloadAdvApi@MNullDesc@@IAEXXZ 1001f5d0 f i MSecurity.obj
 0001:0001e600       ?LocalSecurity@@YIPAU_SECURITY_ATTRIBUTES@@XZ 1001f600 f   MSecurity.obj
 0001:0001e650       ?LocalSecurity@MNullDesc@@QAEPAU_SECURITY_ATTRIBUTES@@XZ 1001f650 f i MSecurity.obj
 0001:0001e870       ?ShutdownSecurity@@YIXXZ   1001f870 f   MSecurity.obj
 0001:0001e8c0       ??_GMNullDesc@@QAEPAXI@Z   1001f8c0 f i MSecurity.obj
 0001:0001e8f0       ??1MNullDesc@@QAE@XZ       1001f8f0 f i MSecurity.obj
 0001:0001e970       ??0MSetter@@QAE@PAJ@Z      1001f970 f   MSetter.obj
 0001:0001e9b0       ??0MSetter@@QAE@PA_N@Z     1001f9b0 f   MSetter.obj
 0001:0001e9f0       ??0MSetter@@QAE@PAKK@Z     1001f9f0 f   MSetter.obj
 0001:0001ea30       ??1MSetter@@QAE@XZ         1001fa30 f   MSetter.obj
 0001:0001ea50       ?Unlock@MSetter@@QAEXXZ    1001fa50 f   MSetter.obj
 0001:0001eae0       ?msprintf@@YAPB_WPA_WIPB_WZZ 1001fae0 f   MStrSafe.obj
 0001:0001f100       ?msprintf@@YAPBDPADIPBDZZ  10020100 f   MStrSafe.obj
 0001:0001f560       ?lstrcmpni@@YIHPBD0H@Z     10020560 f   MStrSafe.obj
 0001:0001f690       ?lstrcmpni@@YIHPB_W0H@Z    10020690 f   MStrSafe.obj
 0001:0001f7f0       ?startswith@@YIHPB_W0_N@Z  100207f0 f   MStrSafe.obj
 0001:0001f880       ??0CPluginBackground@@QAE@XZ 10020880 f   PluginBackground.obj
 0001:0001fac0       ??1CPluginBackground@@QAE@XZ 10020ac0 f   PluginBackground.obj
 0001:0001fd10       ?RegisterSubplugin@CPluginBackground@@QAEHPAURegisterBackgroundArg@@@Z 10020d10 f   PluginBackground.obj
 0001:00020000       ?ReallocItems@CPluginBackground@@IAEXH@Z 10021000 f   PluginBackground.obj
 0001:00020080       ?OnMainThreadActivated@CPluginBackground@@QAEXHH@Z 10021080 f   PluginBackground.obj
 0001:000201a0       ?SetForceCheck@CPluginBackground@@QAEXXZ 100211a0 f   PluginBackground.obj
 0001:000201d0       ?SetForceUpdate@CPluginBackground@@QAEX_N@Z 100211d0 f   PluginBackground.obj
 0001:00020210       ?SetForceThLoad@CPluginBackground@@QAEXXZ 10021210 f   PluginBackground.obj
 0001:00020250       ?IsParmChanged@CPluginBackground@@IAE_NPAUPaintBackgroundArg@@0@Z 10021250 f   PluginBackground.obj
 0001:00020530       ?CheckPanelFolders@CPluginBackground@@IAEXH@Z 10021530 f   PluginBackground.obj
 0001:00020630       ?SetDcPanelRect@CPluginBackground@@IAEXPAUtagRECT@@PAUBkPanelInfo@@PAUPaintBackgroundArg@@@Z 10021630 f   PluginBackground.obj
 0001:00020770       ?UpdateBackground_Exec@CPluginBackground@@KIXPAURegisterBackgroundArg@@PAUPaintBackgroundArg@@@Z 10021770 f   PluginBackground.obj
 0001:000207c0       ?UpdateBackground@CPluginBackground@@IAEXXZ 100217c0 f   PluginBackground.obj
 0001:00021630       ?LoadThSet@CPluginBackground@@IAEHH@Z 10022630 f   PluginBackground.obj
 0001:00021850       ?MonitorBackground@CPluginBackground@@QAEXXZ 10022850 f   PluginBackground.obj
 0001:00021900       ?GetTo@?$MFileMapping@UPanelViewSetMapping@@@@QAE_NPAUPanelViewSetMapping@@H@Z 10022900 f i PluginBackground.obj
 0001:00021950       ?InitName@?$MFileMapping@UPanelViewSetMapping@@@@QAEPB_WPB_WKK@Z 10022950 f i PluginBackground.obj
 0001:000219a0       ?CloseMap@?$MFileMapping@UPanelViewSetMapping@@@@QAEXXZ 100229a0 f i PluginBackground.obj
 0001:00021a10       ?Open@?$MFileMapping@UPanelViewSetMapping@@@@QAEPAUPanelViewSetMapping@@HH@Z 10022a10 f i PluginBackground.obj
 0001:00021a30       ??0?$MFileMapping@UPanelViewSetMapping@@@@QAE@XZ 10022a30 f i PluginBackground.obj
 0001:00021a90       ??1?$MFileMapping@UPanelViewSetMapping@@@@QAE@XZ 10022a90 f i PluginBackground.obj
 0001:00021ab0       ?IsValid@?$MFileMapping@UPanelViewSetMapping@@@@QAE_NXZ 10022ab0 f i PluginBackground.obj
 0001:00021ad0       ?ClosePtr@?$MFileMapping@UPanelViewSetMapping@@@@QAEXXZ 10022ad0 f i PluginBackground.obj
 0001:00021b00       ?InternalOpenCreate@?$MFileMapping@UPanelViewSetMapping@@@@IAEPAUPanelViewSetMapping@@HHH@Z 10022b00 f i PluginBackground.obj
 0001:00021dc0       ?PlugServerInit@@YIXXZ     10022dc0 f   PluginSrv.obj
 0001:00021dd0       ?PlugServerStart@@YI_NXZ   10022dd0 f   PluginSrv.obj
 0001:00021ec0       ?PlugServerStop@@YIX_N@Z   10022ec0 f   PluginSrv.obj
 0001:00021f20       ?cmd_FarSetChanged@@YIXPAUFAR_REQ_FARSETCHANGED@@@Z 10022f20 f   PluginSrv.obj
 0001:00021f90       ?PlugServerCommand@@YGHPAXPAUCESERVER_REQ@@AAPAU1@AAK3J@Z 10022f90 f   PluginSrv.obj
 0001:000226a0       ?PlugServerFree@@YGXPAUCESERVER_REQ@@J@Z 100236a0 f   PluginSrv.obj
 0001:000226b0       ?SetOverlapped@?$PipeServer@UCESERVER_REQ@@@@QAEX_N@Z 100236b0 f i PluginSrv.obj
 0001:000226d0       ?SetLoopCommands@?$PipeServer@UCESERVER_REQ@@@@QAEX_N@Z 100236d0 f i PluginSrv.obj
 0001:000226f0       ?SetDummyAnswerSize@?$PipeServer@UCESERVER_REQ@@@@QAEXH@Z 100236f0 f i PluginSrv.obj
 0001:00022710       ?SetMaxCount@?$PipeServer@UCESERVER_REQ@@@@QAEXH@Z 10023710 f i PluginSrv.obj
 0001:00022750       ?StartPipeServer@?$PipeServer@UCESERVER_REQ@@@@QAE_N_NPB_WJPAU_SECURITY_ATTRIBUTES@@P6GHPAXPAUCESERVER_REQ@@AAPAU3@AAK6J@ZP6GX4J@ZP6GH3J@Z99@Z 10023750 f i PluginSrv.obj
 0001:00022930       ?StopPipeServer@?$PipeServer@UCESERVER_REQ@@@@QAEX_NAA_N@Z 10023930 f i PluginSrv.obj
 0001:00022fc0       ?BreakConnection@?$PipeServer@UCESERVER_REQ@@@@QAEXPAX@Z 10023fc0 f i PluginSrv.obj
 0001:00022fe0       ?DumpError@?$PipeServer@UCESERVER_REQ@@@@IAEXPAUPipeInst@1@PB_WH@Z 10023fe0 f i PluginSrv.obj
 0001:000230d0       ?_Disconnect@?$PipeServer@UCESERVER_REQ@@@@IAEXPAUPipeInst@1@_N11@Z 100240d0 f i PluginSrv.obj
 0001:00023150       ?StartPipeInstance@?$PipeServer@UCESERVER_REQ@@@@IAE_NPAUPipeInst@1@@Z 10024150 f i PluginSrv.obj
 0001:000232d0       ?TerminatePipeThread@?$PipeServer@UCESERVER_REQ@@@@KIXAAPAXABUPipeInst@1@AA_N@Z 100242d0 f i PluginSrv.obj
 0001:00023360       ?_PipeServerThread@?$PipeServer@UCESERVER_REQ@@@@KGKPAX@Z 10024360 f i PluginSrv.obj
 0001:000233d0       ?PipeServerThread@?$PipeServer@UCESERVER_REQ@@@@IAEKPAUPipeInst@1@@Z 100243d0 f i PluginSrv.obj
 0001:00023760       ?PipeServerRead@?$PipeServer@UCESERVER_REQ@@@@IAEHPAUPipeInst@1@@Z 10024760 f i PluginSrv.obj
 0001:00023af0       ?PipeServerWrite@?$PipeServer@UCESERVER_REQ@@@@IAEHPAUPipeInst@1@PBXKPAKH@Z 10024af0 f i PluginSrv.obj
 0001:00023c90       ?WaitForClient@?$PipeServer@UCESERVER_REQ@@@@IAE_NPAUPipeInst@1@AAH1@Z 10024c90 f i PluginSrv.obj
 0001:00024070       ?WriteDummyAnswer@?$PipeServer@UCESERVER_REQ@@@@IAEHPAUPipeInst@1@@Z 10025070 f i PluginSrv.obj
 0001:000240f0       ?WaitOverlapped@?$PipeServer@UCESERVER_REQ@@@@IAEHPAUPipeInst@1@PAK@Z 100250f0 f i PluginSrv.obj
 0001:00024320       ?AllocRequestBuf@PipeInst@?$PipeServer@UCESERVER_REQ@@@@QAEPAUCESERVER_REQ@@K@Z 10025320 f i PluginSrv.obj
 0001:000243a0       ??$wcscpy_c@$0BAE@@@YIHAAY0BAE@_WPB_W@Z 100253a0 f i PluginSrv.obj
 0001:000244b0       ?SetConEmuEnvHWND@@YIXPB_WPAUHWND__@@@Z 100254b0 f   SetEnvVar.obj
 0001:00024500       ?SetConEmuEnvVar@@YIXPAUHWND__@@@Z 10025500 f   SetEnvVar.obj
 0001:00024570       ?SetConEmuEnvVarChild@@YIXPAUHWND__@@0@Z 10025570 f   SetEnvVar.obj
 0001:000245a0       ?SetConEmuWorkEnvVar@@YIXPAUHINSTANCE__@@@Z 100255a0 f   SetEnvVar.obj
 0001:00024720       ??0CEnvStrings@@QAE@PA_W@Z 10025720 f   SetEnvVar.obj
 0001:000247b0       ??1CEnvStrings@@QAE@XZ     100257b0 f   SetEnvVar.obj
 0001:000247e0       ?ShutdownConsole@@YGXXZ    100257e0 f   WConsole.obj
 0001:00024830       ?SetConsoleInfo@@YIHPAUHWND__@@PAU_CONSOLE_INFO@@@Z 10025830 f   WConsole.obj
 0001:00024b10       ?ChangeScreenBufferSize@@YIXAAU_CONSOLE_SCREEN_BUFFER_INFO@@FFFF@Z 10025b10 f   WConsole.obj
 0001:00024c20       ?GetConWindowSize@@YIHABU_CONSOLE_SCREEN_BUFFER_INFO@@HHKPAH1PAK@Z 10025c20 f   WConsole.obj
 0001:00024d70       ?GetConsoleSizeInfo@@YIXPAU_CONSOLE_INFO@@@Z 10025d70 f   WConsole.obj
 0001:00024e20       ?apiGetConsoleScreenBufferInfoEx@@YIHPAXPAUMY_CONSOLE_SCREEN_BUFFER_INFOEX@@@Z 10025e20 f   WConsole.obj
 0001:00024e90       ?apiSetConsoleScreenBufferInfoEx@@YIHPAXPAUMY_CONSOLE_SCREEN_BUFFER_INFOEX@@@Z 10025e90 f   WConsole.obj
 0001:00024f10       ?apiGetConsoleFontSize@@YIHPAXAAH1AAY0CA@_W@Z 10025f10 f   WConsole.obj
 0001:00024fb0       ?apiSetConsoleFontSize@@YIHPAXHHPB_W@Z 10025fb0 f   WConsole.obj
 0001:00025100       ?apiFixFontSizeForBufferSize@@YIHPAXU_COORD@@PADH@Z 10026100 f   WConsole.obj
 0001:00025610       ?SetConsoleFontSizeTo@@YIXPAUHWND__@@HHPB_WGG@Z 10026610 f   WConsole.obj
 0001:00025b90       ?apiPauseConsoleOutput@@YIHPAUHWND__@@_N@Z 10026b90 f   WConsole.obj
 0001:00025c70       ?apiGetConsoleSelectionInfo@@YIHPAU_CONSOLE_SELECTION_INFO@@@Z 10026c70 f   WConsole.obj
 0001:00025d60       ?MyGetLargestConsoleWindowSize@@YI?AU_COORD@@PAX@Z 10026d60 f   WConsole.obj
 0001:00025de0       ?SearchAppPaths@@YI_NPB_WAAUCmdArg@@_NPAU1@@Z 10026de0 f   WFiles.obj
 0001:00026310       ?GetFullPathNameEx@@YIPA_WPB_W@Z 10027310 f   WFiles.obj
 0001:000263f0       ?FindFileName@@YI_NPB_WAAUCmdArg@@@Z 100273f0 f   WFiles.obj
 0001:000265e0       ?MakePathProperCase@@YI_NAAUCmdArg@@@Z 100275e0 f   WFiles.obj
 0001:00026810       ?ReadTextFile@@YIHPB_WKAAPA_WAAK2K@Z 10027810 f   WFiles.obj
 0001:00026c40       ?WriteTextFile@@YIHPB_W0HK_NPAK@Z 10027c40 f   WFiles.obj
 0001:00026ec0       ?FilesExists@@YI_NPB_W0_NH@Z 10027ec0 f   WFiles.obj
 0001:00027000       ?IsDotsName@@YI_NPB_W@Z    10028000 f   WFiles.obj
 0001:00027060       ?FileExistSubDir@@YI_NPB_W0HAAUCmdArg@@@Z 10028060 f   WFiles.obj
 0001:00027260       ?DirectoryExists@@YI_NPB_W@Z 10028260 f   WFiles.obj
 0001:000273c0       ?MyCreateDirectory@@YI_NPA_W@Z 100283c0 f   WFiles.obj
 0001:000274d0       ?FileCompare@@YI_NPB_W0@Z  100284d0 f   WFiles.obj
 0001:000276f0       ?apiCancelSynchronousIo@@YIHPAX@Z 100286f0 f   WFiles.obj
 0001:00027780       ?HasZoneIdentifier@@YI_NPB_WAAH@Z 10028780 f   WFiles.obj
 0001:00027840       ?DropZoneIdentifier@@YI_NPB_WAAK@Z 10028840 f   WFiles.obj
 0001:000278f0       ?getWindowInfo@@YIXPAUHWND__@@AAY0EAA@_W_NPAK@Z 100288f0 f   WObjects.obj
 0001:00027ab0       ?FileExists@@YI_NPB_WPAK@Z 10028ab0 f   WObjects.obj
 0001:00027c90       ?FileSearchInDir@@YI_NPB_WAAUCmdArg@@@Z 10028c90 f   WObjects.obj
 0001:00027e50       ?FileExistsSearch@@YI_NPB_WAAUCmdArg@@_N2@Z 10028e50 f   WObjects.obj
 0001:00027f60       ?GetShortFileName@@YI_NPB_WHPA_WH@Z 10028f60 f   WObjects.obj
 0001:00028170       ?GetShortFileNameEx@@YIPA_WPB_WH@Z 10029170 f   WObjects.obj
 0001:000285a0       ?IsWine@@YI_NXZ            100295a0 f   WObjects.obj
 0001:000286c0       ?IsWinPE@@YI_NXZ           100296c0 f   WObjects.obj
 0001:00028730       ?GetOsVersionInformational@@YI_NPAU_OSVERSIONINFOW@@@Z 10029730 f   WObjects.obj
 0001:00028760       ?IsWinVerOrHigher@@YI_NG@Z 10029760 f   WObjects.obj
 0001:00028810       ?IsWin2kEql@@YI_NXZ        10029810 f   WObjects.obj
 0001:000288b0       ?IsWin5family@@YI_NXZ      100298b0 f   WObjects.obj
 0001:00028940       ?IsWinXPSP1@@YI_NXZ        10029940 f   WObjects.obj
 0001:00028a00       ?IsWin6@@YI_NXZ            10029a00 f   WObjects.obj
 0001:00028a40       ?IsWin7@@YI_NXZ            10029a40 f   WObjects.obj
 0001:00028a80       ?IsWin10@@YI_NXZ           10029a80 f   WObjects.obj
 0001:00028ac0       ?IsDbcs@@YI_NXZ            10029ac0 f   WObjects.obj
 0001:00028ae0       ?IsWindows64@@YI_NXZ       10029ae0 f   WObjects.obj
 0001:00028b70       ?IsHwFullScreenAvailable@@YI_NXZ 10029b70 f   WObjects.obj
 0001:00028c10       ?IsVsNetHostExe@@YI_NPB_W@Z 10029c10 f   WObjects.obj
 0001:00028c90       ?IsGDB@@YI_NPB_W@Z         10029c90 f   WObjects.obj
 0001:00028ce0       ?GetProcessBits@@YIHKPAX@Z 10029ce0 f   WObjects.obj
 0001:00028de0       ?GetProcessInfo@@YI_NKPAUtagPROCESSENTRY32W@@@Z 10029de0 f   WObjects.obj
 0001:00028ed0       ?isTerminalMode@@YI_NXZ    10029ed0 f   WObjects.obj
 0001:000291f0       ?IsModuleValid@@YI_NPAUHINSTANCE__@@H@Z 1002a1f0 f   WObjects.obj
 0001:00029380       ?CheckCallbackPtr@@YI_NPAUHINSTANCE__@@IPAP6GHXZHHH@Z 1002a380 f   WObjects.obj
 0001:000294d0       ?ExpandMacroValues@@YIPA_WPB_WPAPB_WI@Z 1002a4d0 f   WObjects.obj
 0001:00029690       ?ExpandEnvStr@@YIPA_WPB_W@Z 1002a690 f   WObjects.obj
 0001:00029770       ?GetEnvVar@@YIPA_WPB_W@Z   1002a770 f   WObjects.obj
 0001:00029840       ?GetComspecFromEnvVar@@YIPB_WPA_WKW4ComSpecBits@@@Z 1002a840 f   WObjects.obj
 0001:00029ac0       ?GetComspec@@YIPA_WPBUConEmuComspec@@@Z 1002aac0 f   WObjects.obj
 0001:00029d00       ?IsExportEnvVarAllowed@@YI_NPB_W@Z 1002ad00 f   WObjects.obj
 0001:00029d70       ?ApplyExportEnvVar@@YIXPB_W@Z 1002ad70 f   WObjects.obj
 0001:00029df0       ?CoordInSmallRect@@YI_NABU_COORD@@ABU_SMALL_RECT@@@Z 1002adf0 f   WObjects.obj
 0001:00029e60       ?GetCpFromString@@YIIPB_WPAPB_W@Z 1002ae60 f   WObjects.obj
 0001:00029fd0       ??$wcscpy_c@$0EAA@@@YIHAAY0EAA@_WPB_W@Z 1002afd0 f i WObjects.obj
 0001:0002a000       ??$wcscpy_c@$0BAA@@@YIHAAY0BAA@_WPB_W@Z 1002b000 f i WObjects.obj
 0001:0002a030       ?apiThreadHelper@@YGKPAX@Z 1002b030 f   WThreads.obj
 0001:0002a1a0       ?apiCreateThread@@YIPAXP6GKPAX@Z0PAKPBDH@Z 1002b1a0 f   WThreads.obj
 0001:0002a310       ??0ConEmuThreadStartArg@@QAE@P6GKPAX@Z0K@Z 1002b310 f i WThreads.obj
 0001:0002a350       ?apiTerminateThreadEx@@YIHPAXKPBDH@Z 1002b350 f   WThreads.obj
 0001:0002a460       ?SetThreadName@@YIXKPAD@Z  1002b460 f   WThreads.obj
 0001:0002a4f0       ?apiSetForegroundWindow@@YI_NPAUHWND__@@@Z 1002b4f0 f   WUser.obj
 0001:0002a520       ?apiShowWindow@@YI_NPAUHWND__@@H@Z 1002b520 f   WUser.obj
 0001:0002a550       ?apiShowWindowAsync@@YI_NPAUHWND__@@H@Z 1002b550 f   WUser.obj
 0001:0002a580       ?IsUserAdmin@@YI_NXZ       1002b580 f   WUser.obj
 0001:0002a670       ?GetLogonSID@@YI_NPAXPAPA_W@Z 1002b670 f   WUser.obj
 0001:0002a790       ?RemoveOldComSpecC@@YIXXZ  1002b790 f   WUser.obj
 0001:0002a8c0       ?DuplicateProcessHandle@@YIPAXK@Z 1002b8c0 f   WUser.obj
 0001:0002a930       ?FindComspec@@YIXPAUConEmuComspec@@_N@Z 1002b930 f   WUser.obj
 0001:0002b300       ?UpdateComspec@@YIXPAUConEmuComspec@@_N@Z 1002c300 f   WUser.obj
 0001:0002b640       ?SetEnvVarExpanded@@YIXPB_W0@Z 1002c640 f   WUser.obj
 0001:0002b820       _wcsrchr                   1002c820 f   libCRT:strrchr.obj
 0001:0002b850       _wcschr                    1002c850 f   libCRT:strchr.obj
 0001:0002b880       _strpbrk                   1002c880 f   libCRT:strpbrk.obj
 0001:0002b910       _wcspbrk                   1002c910 f   libCRT:strpbrk.obj
 0001:0002b960       _wcsncmp                   1002c960 f   libCRT:strncmp.obj
 0001:0002b9b0       _strrchr                   1002c9b0 f   libCRT:strrchr.obj
 0001:0002b9e0       _wcsstr                    1002c9e0 f   libCRT:strstr.obj
 0001:0002ba40       _memset                    1002ca40 f   libCRT:memset.obj
 0001:0002ba80       _memmove                   1002ca80 f   libCRT:memmove.obj
 0001:0002bae0       __aullshr                  1002cae0 f   libCRT:vc_ullshr.obj
 0001:0002bb00       _memcpy                    1002cb00 f   libCRT:memcpy.obj
 0001:0002bb30       _memcmp                    1002cb30 f   libCRT:memcmp.obj
 0001:0002bb70       _iswdigit                  1002cb70 f i libCRT:strtol.obj
 0001:0002bb90       _iswspace                  1002cb90 f i libCRT:strtol.obj
 0001:0002bd50       _wcstol                    1002cd50 f   libCRT:strtol.obj
 0001:0002bd70       _wcstoul                   1002cd70 f   libCRT:strtol.obj
 0001:0002bd90       _strchr                    1002cd90 f   libCRT:strchr.obj
 0001:0002bda6       _SetEnvironmentVariableW@8 1002cda6 f   kernel32:KERNEL32.dll
 0001:0002bdac       _lstrlenW@4                1002cdac f   kernel32:KERNEL32.dll
 0001:0002bdb2       _lstrcpynW@12              1002cdb2 f   kernel32:KERNEL32.dll
 0001:0002bdb8       _lstrcmpiW@8               1002cdb8 f   kernel32:KERNEL32.dll
 0001:0002bdbe       _lstrcmpW@8                1002cdbe f   kernel32:KERNEL32.dll
 0001:0002bdc4       _GetCurrentDirectoryW@8    1002cdc4 f   kernel32:KERNEL32.dll
 0001:0002bdca       _SearchPathW@24            1002cdca f   kernel32:KERNEL32.dll
 0001:0002bdd0       _GetProcAddress@8          1002cdd0 f   kernel32:KERNEL32.dll
 0001:0002bdd6       _GetModuleHandleW@4        1002cdd6 f   kernel32:KERNEL32.dll
 0001:0002bddc       _GetModuleFileNameW@12     1002cddc f   kernel32:KERNEL32.dll
 0001:0002bde2       _SetNamedPipeHandleState@16 1002cde2 f   kernel32:KERNEL32.dll
 0001:0002bde8       _GetCurrentProcessId@0     1002cde8 f   kernel32:KERNEL32.dll
 0001:0002bdee       _Sleep@4                   1002cdee f   kernel32:KERNEL32.dll
 0001:0002bdf4       _SetLastError@4            1002cdf4 f   kernel32:KERNEL32.dll
 0001:0002bdfa       _WaitNamedPipeW@8          1002cdfa f   kernel32:KERNEL32.dll
 0001:0002be00       _WaitForSingleObject@8     1002ce00 f   kernel32:KERNEL32.dll
 0001:0002be06       _GetLastError@0            1002ce06 f   kernel32:KERNEL32.dll
 0001:0002be0c       _CreateFileW@28            1002ce0c f   kernel32:KERNEL32.dll
 0001:0002be12       _GetTickCount@0            1002ce12 f   kernel32:KERNEL32.dll
 0001:0002be18       _IsDebuggerPresent@0       1002ce18 f   kernel32:KERNEL32.dll
 0001:0002be1e       _GetCurrentThreadId@0      1002ce1e f   kernel32:KERNEL32.dll
 0001:0002be24       _ReadFile@20               1002ce24 f   kernel32:KERNEL32.dll
 0001:0002be2a       _CloseHandle@4             1002ce2a f   kernel32:KERNEL32.dll
 0001:0002be30       _TransactNamedPipe@28      1002ce30 f   kernel32:KERNEL32.dll
 0001:0002be36       _WriteFile@20              1002ce36 f   kernel32:KERNEL32.dll
 0001:0002be3c       _GetConsoleWindow@0        1002ce3c f   kernel32:KERNEL32.dll
 0001:0002be42       _UnmapViewOfFile@4         1002ce42 f   kernel32:KERNEL32.dll
 0001:0002be48       _MapViewOfFile@20          1002ce48 f   kernel32:KERNEL32.dll
 0001:0002be4e       _OpenFileMappingW@12       1002ce4e f   kernel32:KERNEL32.dll
 0001:0002be54       _LoadLibraryW@4            1002ce54 f   kernel32:KERNEL32.dll
 0001:0002be5a       _CreateFileMappingW@24     1002ce5a f   kernel32:KERNEL32.dll
 0001:0002be60       _VirtualProtect@16         1002ce60 f   kernel32:KERNEL32.dll
 0001:0002be66       _lstrcpyW@8                1002ce66 f   kernel32:KERNEL32.dll
 0001:0002be6c       _MultiByteToWideChar@24    1002ce6c f   kernel32:KERNEL32.dll
 0001:0002be72       _lstrcpynA@12              1002ce72 f   kernel32:KERNEL32.dll
 0001:0002be78       _lstrlenA@4                1002ce78 f   kernel32:KERNEL32.dll
 0001:0002be7e       _WideCharToMultiByte@32    1002ce7e f   kernel32:KERNEL32.dll
 0001:0002be84       _lstrcpyA@8                1002ce84 f   kernel32:KERNEL32.dll
 0001:0002be8a       _lstrcatW@8                1002ce8a f   kernel32:KERNEL32.dll
 0001:0002be90       _GetConsoleCursorInfo@8    1002ce90 f   kernel32:KERNEL32.dll
 0001:0002be96       _GetConsoleScreenBufferInfo@8 1002ce96 f   kernel32:KERNEL32.dll
 0001:0002be9c       _GetStdHandle@4            1002ce9c f   kernel32:KERNEL32.dll
 0001:0002bea2       _InterlockedIncrement@4    1002cea2 f   kernel32:KERNEL32.dll
 0001:0002bea8       _GetConsoleTitleW@8        1002cea8 f   kernel32:KERNEL32.dll
 0001:0002beae       _DeleteFileW@4             1002ceae f   kernel32:KERNEL32.dll
 0001:0002beb4       _Thread32Next@8            1002ceb4 f   kernel32:KERNEL32.dll
 0001:0002beba       _Thread32First@8           1002ceba f   kernel32:KERNEL32.dll
 0001:0002bec0       _CreateToolhelp32Snapshot@8 1002cec0 f   kernel32:KERNEL32.dll
 0001:0002bec6       _GetConsoleMode@8          1002cec6 f   kernel32:KERNEL32.dll
 0001:0002becc       _GetExitCodeProcess@8      1002cecc f   kernel32:KERNEL32.dll
 0001:0002bed2       _CreateProcessW@40         1002ced2 f   kernel32:KERNEL32.dll
 0001:0002bed8       _SetConsoleMode@8          1002ced8 f   kernel32:KERNEL32.dll
 0001:0002bede       _GetEnvironmentStringsW@0  1002cede f   kernel32:KERNEL32.dll
 0001:0002bee4       _GetEnvironmentVariableW@12 1002cee4 f   kernel32:KERNEL32.dll
 0001:0002beea       _WaitForMultipleObjects@16 1002ceea f   kernel32:KERNEL32.dll
 0001:0002bef0       _CreateEventW@16           1002cef0 f   kernel32:KERNEL32.dll
 0001:0002bef6       _SetConsoleTitleW@4        1002cef6 f   kernel32:KERNEL32.dll
 0001:0002befc       _CreateSemaphoreW@16       1002cefc f   kernel32:KERNEL32.dll
 0001:0002bf02       _ResetEvent@4              1002cf02 f   kernel32:KERNEL32.dll
 0001:0002bf08       _TerminateProcess@8        1002cf08 f   kernel32:KERNEL32.dll
 0001:0002bf0e       _GetCurrentProcess@0       1002cf0e f   kernel32:KERNEL32.dll
 0001:0002bf14       _SetEvent@4                1002cf14 f   kernel32:KERNEL32.dll
 0001:0002bf1a       _IsBadStringPtrW@8         1002cf1a f   kernel32:KERNEL32.dll
 0001:0002bf20       _Module32NextW@8           1002cf20 f   kernel32:KERNEL32.dll
 0001:0002bf26       _Module32FirstW@8          1002cf26 f   kernel32:KERNEL32.dll
 0001:0002bf2c       _InterlockedDecrement@4    1002cf2c f   kernel32:KERNEL32.dll
 0001:0002bf32       _ReleaseSemaphore@12       1002cf32 f   kernel32:KERNEL32.dll
 0001:0002bf38       _WriteConsoleInputW@16     1002cf38 f   kernel32:KERNEL32.dll
 0001:0002bf3e       _GetNumberOfConsoleInputEvents@8 1002cf3e f   kernel32:KERNEL32.dll
 0001:0002bf44       _ReadConsoleInputW@16      1002cf44 f   kernel32:KERNEL32.dll
 0001:0002bf4a       _PeekConsoleInputW@16      1002cf4a f   kernel32:KERNEL32.dll
 0001:0002bf50       _SuspendThread@4           1002cf50 f   kernel32:KERNEL32.dll
 0001:0002bf56       _ResumeThread@4            1002cf56 f   kernel32:KERNEL32.dll
 0001:0002bf5c       _VerifyVersionInfoW@16     1002cf5c f   kernel32:KERNEL32.dll
 0001:0002bf62       _VerSetConditionMask@16    1002cf62 f   kernel32:KERNEL32.dll
 0001:0002bf68       _ReleaseMutex@4            1002cf68 f   kernel32:KERNEL32.dll
 0001:0002bf6e       _CreateMutexW@12           1002cf6e f   kernel32:KERNEL32.dll
 0001:0002bf74       _SetFilePointer@16         1002cf74 f   kernel32:KERNEL32.dll
 0001:0002bf7a       _GetFileInformationByHandle@8 1002cf7a f   kernel32:KERNEL32.dll
 0001:0002bf80       _ReadProcessMemory@20      1002cf80 f   kernel32:KERNEL32.dll
 0001:0002bf86       _FreeLibrary@4             1002cf86 f   kernel32:KERNEL32.dll
 0001:0002bf8c       _ExpandEnvironmentStringsW@12 1002cf8c f   kernel32:KERNEL32.dll
 0001:0002bf92       _DebugBreak@0              1002cf92 f   kernel32:KERNEL32.dll
 0001:0002bf98       _HeapCreate@12             1002cf98 f   kernel32:KERNEL32.dll
 0001:0002bf9e       _HeapDestroy@4             1002cf9e f   kernel32:KERNEL32.dll
 0001:0002bfa4       _HeapAlloc@12              1002cfa4 f   kernel32:KERNEL32.dll
 0001:0002bfaa       _HeapReAlloc@16            1002cfaa f   kernel32:KERNEL32.dll
 0001:0002bfb0       _HeapFree@12               1002cfb0 f   kernel32:KERNEL32.dll
 0001:0002bfb6       _HeapValidate@12           1002cfb6 f   kernel32:KERNEL32.dll
 0001:0002bfbc       _OpenThread@12             1002cfbc f   kernel32:KERNEL32.dll
 0001:0002bfc2       _InitializeCriticalSection@4 1002cfc2 f   kernel32:KERNEL32.dll
 0001:0002bfc8       _DeleteCriticalSection@4   1002cfc8 f   kernel32:KERNEL32.dll
 0001:0002bfce       _EnterCriticalSection@4    1002cfce f   kernel32:KERNEL32.dll
 0001:0002bfd4       _LeaveCriticalSection@4    1002cfd4 f   kernel32:KERNEL32.dll
 0001:0002bfda       _TryEnterCriticalSection@4 1002cfda f   kernel32:KERNEL32.dll
 0001:0002bfe0       _LocalFree@4               1002cfe0 f   kernel32:KERNEL32.dll
 0001:0002bfe6       _LocalAlloc@8              1002cfe6 f   kernel32:KERNEL32.dll
 0001:0002bfec       _lstrcmpiA@8               1002cfec f   kernel32:KERNEL32.dll
 0001:0002bff2       _GetExitCodeThread@8       1002cff2 f   kernel32:KERNEL32.dll
 0001:0002bff8       _DisconnectNamedPipe@4     1002cff8 f   kernel32:KERNEL32.dll
 0001:0002bffe       _SetThreadPriority@8       1002cffe f   kernel32:KERNEL32.dll
 0001:0002c004       _FlushFileBuffers@4        1002d004 f   kernel32:KERNEL32.dll
 0001:0002c00a       _GetOverlappedResult@16    1002d00a f   kernel32:KERNEL32.dll
 0001:0002c010       _ConnectNamedPipe@8        1002d010 f   kernel32:KERNEL32.dll
 0001:0002c016       _CreateNamedPipeW@32       1002d016 f   kernel32:KERNEL32.dll
 0001:0002c01c       _FreeEnvironmentStringsW@4 1002d01c f   kernel32:KERNEL32.dll
 0001:0002c022       _SetConsoleWindowInfo@12   1002d022 f   kernel32:KERNEL32.dll
 0001:0002c028       _GetConsoleOutputCP@0      1002d028 f   kernel32:KERNEL32.dll
 0001:0002c02e       _GetLargestConsoleWindowSize@4 1002d02e f   kernel32:KERNEL32.dll
 0001:0002c034       _GetFullPathNameW@16       1002d034 f   kernel32:KERNEL32.dll
 0001:0002c03a       _FindClose@4               1002d03a f   kernel32:KERNEL32.dll
 0001:0002c040       _FindFirstFileW@8          1002d040 f   kernel32:KERNEL32.dll
 0001:0002c046       _GetFileSize@8             1002d046 f   kernel32:KERNEL32.dll
 0001:0002c04c       _FindNextFileW@8           1002d04c f   kernel32:KERNEL32.dll
 0001:0002c052       _CreateDirectoryW@8        1002d052 f   kernel32:KERNEL32.dll
 0001:0002c058       _GetFileSizeEx@8           1002d058 f   kernel32:KERNEL32.dll
 0001:0002c05e       _GetPrivateProfileIntW@16  1002d05e f   kernel32:KERNEL32.dll
 0001:0002c064       _WritePrivateProfileStringW@16 1002d064 f   kernel32:KERNEL32.dll
 0001:0002c06a       _GetVersionExW@4           1002d06a f   kernel32:KERNEL32.dll
 0001:0002c070       _OpenProcess@12            1002d070 f   kernel32:KERNEL32.dll
 0001:0002c076       _Process32NextW@8          1002d076 f   kernel32:KERNEL32.dll
 0001:0002c07c       _Process32FirstW@8         1002d07c f   kernel32:KERNEL32.dll
 0001:0002c082       _IsBadReadPtr@8            1002d082 f   kernel32:KERNEL32.dll
 0001:0002c088       _VirtualFree@12            1002d088 f   kernel32:KERNEL32.dll
 0001:0002c08e       _VirtualAlloc@16           1002d08e f   kernel32:KERNEL32.dll
 0001:0002c094       _GetSystemInfo@4           1002d094 f   kernel32:KERNEL32.dll
 0001:0002c09a       _GetWindowsDirectoryW@8    1002d09a f   kernel32:KERNEL32.dll
 0001:0002c0a0       _CreateThread@24           1002d0a0 f   kernel32:KERNEL32.dll
 0001:0002c0a6       _TerminateThread@8         1002d0a6 f   kernel32:KERNEL32.dll
 0001:0002c0ac       _RaiseException@16         1002d0ac f   kernel32:KERNEL32.dll
 0001:0002c0b2       _DuplicateHandle@28        1002d0b2 f   kernel32:KERNEL32.dll
 0001:0002c0b8       _CharUpperBuffW@8          1002d0b8 f   user32:USER32.dll
 0001:0002c0be       _MapVirtualKeyW@8          1002d0be f   user32:USER32.dll
 0001:0002c0c4       _VkKeyScanW@4              1002d0c4 f   user32:USER32.dll
 0001:0002c0ca       _IsWindow@4                1002d0ca f   user32:USER32.dll
 0001:0002c0d0       _GetWindowLongW@8          1002d0d0 f   user32:USER32.dll
 0001:0002c0d6       _GetClassNameW@12          1002d0d6 f   user32:USER32.dll
 0001:0002c0dc       _GetWindowThreadProcessId@8 1002d0dc f   user32:USER32.dll
 0001:0002c0e2       _FindWindowW@8             1002d0e2 f   user32:USER32.dll
 0001:0002c0e8       _MessageBoxW@16            1002d0e8 f   user32:USER32.dll
 0001:0002c0ee       _wsprintfW                 1002d0ee f   user32:USER32.dll
 0001:0002c0f4       _GetParent@4               1002d0f4 f   user32:USER32.dll
 0001:0002c0fa       _RegisterWindowMessageW@4  1002d0fa f   user32:USER32.dll
 0001:0002c100       _IsWindowVisible@4         1002d100 f   user32:USER32.dll
 0001:0002c106       _PostMessageW@16           1002d106 f   user32:USER32.dll
 0001:0002c10c       _GetSystemMetrics@4        1002d10c f   user32:USER32.dll
 0001:0002c112       _GetMonitorInfoW@8         1002d112 f   user32:USER32.dll
 0001:0002c118       _MonitorFromWindow@8       1002d118 f   user32:USER32.dll
 0001:0002c11e       _SetWindowPos@28           1002d11e f   user32:USER32.dll
 0001:0002c124       _GetWindowRect@8           1002d124 f   user32:USER32.dll
 0001:0002c12a       _EnableWindow@8            1002d12a f   user32:USER32.dll
 0001:0002c130       _IsWindowEnabled@4         1002d130 f   user32:USER32.dll
 0001:0002c136       _IsRectEmpty@4             1002d136 f   user32:USER32.dll
 0001:0002c13c       _EnumDisplayMonitors@16    1002d13c f   user32:USER32.dll
 0001:0002c142       _SystemParametersInfoW@16  1002d142 f   user32:USER32.dll
 0001:0002c148       _MonitorFromRect@8         1002d148 f   user32:USER32.dll
 0001:0002c14e       _IntersectRect@12          1002d14e f   user32:USER32.dll
 0001:0002c154       _FindWindowExW@16          1002d154 f   user32:USER32.dll
 0001:0002c15a       _FillRect@12               1002d15a f   user32:USER32.dll
 0001:0002c160       _ReleaseDC@8               1002d160 f   user32:USER32.dll
 0001:0002c166       _GetDC@4                   1002d166 f   user32:USER32.dll
 0001:0002c16c       _ActivateKeyboardLayout@8  1002d16c f   user32:USER32.dll
 0001:0002c172       _LoadKeyboardLayoutW@8     1002d172 f   user32:USER32.dll
 0001:0002c178       _SendMessageW@16           1002d178 f   user32:USER32.dll
[...]
 0003:00002b40       ?gbClosingModalViewerEditor@@3HA 10047b40     ConEmuPluginBase.obj
 0003:00002b44       ?gLastMouseReadEvent@@3U_MOUSE_EVENT_RECORD@@A 10047b44     ConEmuPluginBase.obj
 0003:00002b54       ?gbUngetDummyMouseEvent@@3HA 10047b54     ConEmuPluginBase.obj
 0003:00002b58       ?gnAllowDummyMouseEvent@@3JA 10047b58     ConEmuPluginBase.obj
 0003:00002b5c       ?gnDummyMouseEventFromMacro@@3JA 10047b5c     ConEmuPluginBase.obj
 0003:00002b60       ?csData@@3PAVMSection@@A   10047b60     ConEmuPluginBase.obj
 0003:00002b64       ?gpCmdRet@@3PAUCESERVER_REQ@@A 10047b64     ConEmuPluginBase.obj
 0003:00002b68       ?gpData@@3PAEA             10047b68     ConEmuPluginBase.obj
 0003:00002b6c       ?gpCursor@@3PAEA           10047b6c     ConEmuPluginBase.obj
 0003:00002b70       ?gnDataSize@@3KA           10047b70     ConEmuPluginBase.obj
 0003:00002b74       ?gpReqCommandData@@3PAXA   10047b74     ConEmuPluginBase.obj
 0003:00002b78       ?ghReqCommandEvent@@3PAXA  10047b78     ConEmuPluginBase.obj
 0003:00002b7c       ?gbReqCommandWaiting@@3HA  10047b7c     ConEmuPluginBase.obj
 0003:00002b80       ?gnMsgTabChanged@@3IA      10047b80     ConEmuPluginBase.obj
 0003:00002b84       ?csTabs@@3PAVMSection@@A   10047b84     ConEmuPluginBase.obj
 0003:00002b88       ?gbPlugKeyChanged@@3HA     10047b88     ConEmuPluginBase.obj
 0003:00002b8c       ?ghRegMonitorKey@@3PAUHKEY__@@A 10047b8c     ConEmuPluginBase.obj
 0003:00002b90       ?ghRegMonitorEvt@@3PAXA    10047b90     ConEmuPluginBase.obj
 0003:00002b94       ?ghPluginSemaphore@@3PAXA  10047b94     ConEmuPluginBase.obj
 0003:00002b98       ?gsFarLang@@3PA_WA         10047b98     ConEmuPluginBase.obj
 0003:00002c18       ?gbNeedPostTabSend@@3HA    10047c18     ConEmuPluginBase.obj
 0003:00002c1c       ?gbNeedPostEditCheck@@3HA  10047c1c     ConEmuPluginBase.obj
 0003:00002c20       ?gbNeedPostReloadFarInfo@@3HA 10047c20     ConEmuPluginBase.obj
 0003:00002c24       ?gnNeedPostTabSendTick@@3KA 10047c24     ConEmuPluginBase.obj
 0003:00002c28       ?gpConMapInfo@@3PBUCESERVER_CONSOLE_MAPPING_HDR@@B 10047c28     ConEmuPluginBase.obj
 0003:00002c2c       ?gbStartedUnderConsole2@@3HA 10047c2c     ConEmuPluginBase.obj
 0003:00002c30       ?gnSelfPID@@3KA            10047c30     ConEmuPluginBase.obj
 0003:00002c34       ?ghFarInfoMapping@@3PAXA   10047c34     ConEmuPluginBase.obj
 0003:00002c38       ?gpFarInfo@@3PAUCEFAR_INFO_MAPPING@@A 10047c38     ConEmuPluginBase.obj
 0003:00002c3c       ?gpFarInfoMapping@@3PAUCEFAR_INFO_MAPPING@@A 10047c3c     ConEmuPluginBase.obj
 0003:00002c40       ?ghFarAliveEvent@@3PAXA    10047c40     ConEmuPluginBase.obj
 0003:00002c44       ?gPanelRegLeft@@3UPanelViewRegInfo@@A 10047c44     ConEmuPluginBase.obj
 0003:00002c5c       ?gPanelRegRight@@3UPanelViewRegInfo@@A 10047c5c     ConEmuPluginBase.obj
 0003:00002c74       ?ghConEmuCtrlPressed@@3PAXA 10047c74     ConEmuPluginBase.obj
 0003:00002c78       ?ghConEmuShiftPressed@@3PAXA 10047c78     ConEmuPluginBase.obj
 0003:00002c7c       ?gbWaitConsoleInputEmpty@@3HA 10047c7c     ConEmuPluginBase.obj
 0003:00002c80       ?gbWaitConsoleWrite@@3HA   10047c80     ConEmuPluginBase.obj
 0003:00002c84       ?ghConsoleInputEmpty@@3PAXA 10047c84     ConEmuPluginBase.obj
 0003:00002c88       ?ghConsoleWrite@@3PAXA     10047c88     ConEmuPluginBase.obj
 0003:00002c8c       ?gnSynchroCount@@3HA       10047c8c     ConEmuPluginBase.obj
 0003:00002ca4       ?AssertMsgBox@@3P6IHPB_WI0PAUHWND__@@_N@ZA 10047ca4     MAssert.obj
 0003:00002ca8       ?ghHeap@@3PAXA             10047ca8     Memory.obj
 0003:00002cac       ?gNullDesc@@3PAVMNullDesc@@A 10047cac     MSecurity.obj
 0003:00002cb0       ?gbNeedBgActivate@@3HA     10047cb0     PluginBackground.obj
 0003:00002cb4       ?gbBgPluginsAllowed@@3HA   10047cb4     PluginBackground.obj
 0003:00002cb8       ?gpBgPlugin@@3PAVCPluginBackground@@A 10047cb8     PluginBackground.obj
 0003:00002cc0       ?gszPluginServerPipe@@3PA_WA 10047cc0     PluginSrv.obj
 0003:00002ec8       ?gpPlugServer@@3PAU?$PipeServer@UCESERVER_REQ@@@@A 10047ec8     PluginSrv.obj
 0003:00002ecc       ?ghServerTerminateEvent@@3PAXA 10047ecc     PluginSrv.obj
 0003:00002ed0       ?gbForcedServerTermination@@3_NA 10047ed0     PluginSrv.obj
 0003:00002ed8       ?gpConsoleInfoStr@@3PAU_CONSOLE_INFO@@A 10047ed8     WConsole.obj
 0003:00002edc       ?ghConsoleSection@@3PAXA   10047edc     WConsole.obj
 0003:00002ee0       ?g_LastSetConsoleFont@@3UMY_CONSOLE_FONT_INFOEX@@A 10047ee0     WConsole.obj
 0003:00002f58       ?gfnSearchAppPaths@@3P6I_NPB_WAAUCmdArg@@_NPAU1@@ZA 10047f58     WObjects.obj
 0003:00002f5c       ?gfVirtualAlloc@@3P6GPAXPAXKKK@ZA 10047f5c     WObjects.obj
 0003:0000a3b8       ?g_ThreadsIdx@@3JA         1004f3b8     WThreads.obj
 0003:0000a3c4       __aenvptr                  1004f3c4     LIBCMT:dllcrt0.obj
 0003:0000a3c8       __wenvptr                  1004f3c8     LIBCMT:dllcrt0.obj
 0003:0000a3cc       ___error_mode              1004f3cc     LIBCMT:dllcrt0.obj
 0003:0000a3d0       ___app_type                1004f3d0     LIBCMT:dllcrt0.obj
 0003:0000a460       __umaskval                 1004f460     LIBCMT:crt0dat.obj
 0003:0000a464       __osplatform               1004f464     LIBCMT:crt0dat.obj
 0003:0000a468       __osver                    1004f468     LIBCMT:crt0dat.obj
 0003:0000a46c       __winver                   1004f46c     LIBCMT:crt0dat.obj
 0003:0000a470       __winmajor                 1004f470     LIBCMT:crt0dat.obj
 0003:0000a474       __winminor                 1004f474     LIBCMT:crt0dat.obj
 0003:0000a478       ___argc                    1004f478     LIBCMT:crt0dat.obj
 0003:0000a47c       ___argv                    1004f47c     LIBCMT:crt0dat.obj
 0003:0000a480       ___wargv                   1004f480     LIBCMT:crt0dat.obj
 0003:0000a484       __environ                  1004f484     LIBCMT:crt0dat.obj
 0003:0000a488       ___initenv                 1004f488     LIBCMT:crt0dat.obj
 0003:0000a48c       __wenviron                 1004f48c     LIBCMT:crt0dat.obj
 0003:0000a490       ___winitenv                1004f490     LIBCMT:crt0dat.obj
 0003:0000a494       __pgmptr                   1004f494     LIBCMT:crt0dat.obj
 0003:0000a498       __wpgmptr                  1004f498     LIBCMT:crt0dat.obj
 0003:0000a49c       __exitflag                 1004f49c     LIBCMT:crt0dat.obj
 0003:0000a4a0       __C_Termination_Done       1004f4a0     LIBCMT:crt0dat.obj
 0003:0000a4a4       __C_Exit_Done              1004f4a4     LIBCMT:crt0dat.obj
 0003:0000a4a8       _gpFlsAlloc                1004f4a8     LIBCMT:tidtable.obj
 0003:0000a4ac       _gpFlsGetValue             1004f4ac     LIBCMT:tidtable.obj
 0003:0000a4b0       _gpFlsSetValue             1004f4b0     LIBCMT:tidtable.obj
 0003:0000a4b4       _gpFlsFree                 1004f4b4     LIBCMT:tidtable.obj
 0003:0000a5c4       __crtheap                  1004f5c4     LIBCMT:heapinit.obj
 0003:0000aa30       ?__pInconsistency@@3P6AXXZA 1004fa30     LIBCMT:hooks.obj
 0003:0000aa50       ?_pnhHeap@@3P6AHI@ZA       1004fa50     LIBCMT:handler.obj
 0003:0000aa54       ___locale_changed          1004fa54     LIBCMT:setlocal.obj
 0003:0000aa58       ___lc_handle               1004fa58     LIBCMT:nlsdata2.obj
 0003:0000aa70       ___lc_codepage             1004fa70     LIBCMT:nlsdata2.obj
 0003:0000aa74       ___lc_collate_cp           1004fa74     LIBCMT:nlsdata2.obj
 0003:0000aa7c       ___mbulinfo                1004fa7c     LIBCMT:mbctype.obj
 0003:0000aa88       ___mbcodepage              1004fa88     LIBCMT:mbctype.obj
 0003:0000aa8c       ___ismbcodepage            1004fa8c     LIBCMT:mbctype.obj
 0003:0000aa90       ___mblcid                  1004fa90     LIBCMT:mbctype.obj
 0003:0000aa94       __maxwait                  1004fa94     LIBCMT:crtheap.obj
 0003:0000aa98       ___sbh_pHeaderDefer        1004fa98     LIBCMT:sbheap.obj
 0003:0000aa9c       __newmode                  1004fa9c     LIBCMT:_newmode.obj
 0003:0000add0       ___lconv_static_null       1004fdd0     LIBCMT:lconv.obj
 0003:0000add4       ___lconv_static_W_null     1004fdd4     LIBCMT:lconv.obj
 0003:0000aea4       ___sbh_initialized         1004fea4     <common>
 0003:0000aea8       ___sbh_cntHeaderList       1004fea8     <common>
 0003:0000aeac       ___sbh_pHeaderList         1004feac     <common>
 0003:0000aeb0       ___sbh_threshold           1004feb0     <common>
 0003:0000aeb4       ___sbh_pHeaderScan         1004feb4     <common>
 0003:0000aeb8       ___sbh_sizeHeaderList      1004feb8     <common>
 0003:0000aebc       ___sbh_indGroupDefer       1004febc     <common>
 0003:0000aec0       ___setlc_active            1004fec0     <common>
 0003:0000aec4       ___unguarded_readlc_active 1004fec4     <common>
 0003:0000aec8       ___active_heap             1004fec8     <common>
 0003:0000aecc       __nhandle                  1004fecc     <common>
 0003:0000aee0       ___pioinfo                 1004fee0     <common>
 0003:0000afe0       ___env_initialized         1004ffe0     <common>
 0003:0000afe4       ___onexitend               1004ffe4     <common>
 0003:0000afe8       ___onexitbegin             1004ffe8     <common>
 0003:0000afec       ___mbctype_initialized     1004ffec     <common>
 0003:0000aff0       __FPinit                   1004fff0     <common>
 0003:0000aff4       ___initenv_end             1004fff4     <common>
 0003:0000aff8       ___winitenv_end            1004fff8     <common>
 0003:0000affc       ___dyn_tls_init_callback   1004fffc     <common>
 0003:0000b000       __pDestructExceptionObject 10050000     <common>
 0003:0000b004       ___sse2_available          10050004     <common>
 0003:0000b008       __acmdln                   10050008     <common>
 0003:0000b00c       __pRawDllMain              1005000c     <common>

 entry point at        0001:0002c965

 Static symbols

 0001:00000490       ?StringValidateDestW@@YGJPB_WII@Z 10001490 f   CmdArg.obj
 0001:000004c0       ?StringCopyWorkerW@@YGJPA_WIPAIPB_WI@Z 100014c0 f   CmdArg.obj
 0001:00003a50       ?StringValidateDestW@@YGJPB_WII@Z 10004a50 f   ConEmuCheck.obj
 0001:00003a80       ?StringCopyWorkerW@@YGJPA_WIPAIPB_WI@Z 10004a80 f   ConEmuCheck.obj
 0001:00005600       ?StringValidateDestW@@YGJPB_WII@Z 10006600 f   ConEmuCheckEx.obj
 0001:00005630       ?StringCopyWorkerW@@YGJPA_WIPAIPB_WI@Z 10006630 f   ConEmuCheckEx.obj
 0001:000057c0       ?StringValidateDestAndLengthW@@YGJPB_WIPAII@Z 100067c0 f   ConEmuCheckEx.obj
 0001:00005810       ?StringLengthWorkerW@@YGJPB_WIPAI@Z 10006810 f   ConEmuCheckEx.obj
 0001:00005e30       ?StringValidateDestW@@YGJPB_WII@Z 10006e30 f   ConEmuInjects.obj
 0001:00005e60       ?StringCopyWorkerW@@YGJPA_WIPAIPB_WI@Z 10006e60 f   ConEmuInjects.obj
 0001:000068c0       ?ChangeExports@@YI_NPBUExportFunc@@PAUHINSTANCE__@@@Z 100078c0 f   ConEmuPlugin.obj
 0001:00009600       ?GetFarSetting@@YIHPAXIPB_W@Z 1000a600 f   ConEmuPlugin1900.obj
 0001:000098a0       ?CallGuiMacroProc@@YIXXZ   1000a8a0 f   ConEmuPlugin1900.obj
 0001:00009c70       ?CallGuiMacroDlg@@YGHPAXHH0@Z 1000ac70 f   ConEmuPlugin1900.obj
 0001:0000a190       ?MAKEFARVERSION@@YI?AUVersionInfo@@KKKKW4VERSION_STAGE@@@Z 1000b190 f   ConEmuPlugin2800.obj
 0001:0000b8c0       ?WExists@@YIHABUWindowInfo@@ABV?$MArray@UWindowInfo@@@@@Z 1000c8c0 f   ConEmuPlugin2800.obj
 0001:0000c750       ?GetFarSetting@@YIHPAXIPB_W@Z 1000d750 f   ConEmuPlugin2800.obj
 0001:0000ca00       ?CallGuiMacroProc@@YIXXZ   1000da00 f   ConEmuPlugin2800.obj
 0001:0000cd60       ?CallGuiMacroDlg@@YGHPAXHH0@Z 1000dd60 f   ConEmuPlugin2800.obj
 0001:0000d1b0       ?FreeMacroResult@@YGXPAXPAUFarMacroValue@@I@Z 1000e1b0 f   ConEmuPlugin2800.obj
 0001:0000f1e0       ?CallGuiMacroProc@@YIXXZ   100101e0 f   ConEmuPlugin995.obj
 0001:0000f540       ?CallGuiMacroDlg@@YGJPAXHHJ@Z 10010540 f   ConEmuPlugin995.obj
 0001:00011170       ?CallGuiMacroProc@@YIXXZ   10012170 f   ConEmuPluginA.obj
 0001:00011520       ?CallGuiMacroDlg@@YGJPAXHHJ@Z 10012520 f   ConEmuPluginA.obj
 0001:00011f50       ?LoadFarVersion@@YI_NAAUFarVersion@@AAY0CAA@_W@Z 10012f50 f   ConEmuPluginBase.obj
 0001:00011ff0       ?SetDefaultFarVersion@@YIXAAUFarVersion@@@Z 10012ff0 f   ConEmuPluginBase.obj
 0001:00012040       ?LoadFarVersion@@YI_NPB_WAAUFarVersion@@AAY0CAA@_W@Z 10013040 f   ConEmuPluginBase.obj
 0001:000120a0       ?LoadAppVersion@@YI_NPB_WAAUtagVS_FIXEDFILEINFO@@AAY0CAA@_W@Z 100130a0 f   ConEmuPluginBase.obj
 0001:00012290       ?ConvertVersionToFarVersion@@YIXABUtagVS_FIXEDFILEINFO@@AAUFarVersion@@@Z 10013290 f   ConEmuPluginBase.obj
 0001:0001a670       ?StringValidateDestW@@YGJPB_WII@Z 1001b670 f   ConEmuPluginBase.obj
 0001:0001a6a0       ?StringValidateDestAndLengthW@@YGJPB_WIPAII@Z 1001b6a0 f   ConEmuPluginBase.obj
 0001:0001a6f0       ?StringLengthWorkerW@@YGJPB_WIPAI@Z 1001b6f0 f   ConEmuPluginBase.obj
 0001:0001a760       ?StringCopyWorkerW@@YGJPA_WIPAIPB_WI@Z 1001b760 f   ConEmuPluginBase.obj
 0001:0001c1b0       ?StringValidateDestW@@YGJPB_WII@Z 1001d1b0 f   Execute.obj
 0001:0001c1e0       ?StringCopyWorkerW@@YGJPA_WIPAIPB_WI@Z 1001d1e0 f   Execute.obj
 0001:0001c530       ?StringValidateDestA@@YGJPBDII@Z 1001d530 f   Memory.obj
 0001:0001c560       ?StringCopyWorkerA@@YGJPADIPAIPBDI@Z 1001d560 f   Memory.obj
 0001:0001c680       ?StringValidateDestW@@YGJPB_WII@Z 1001d680 f   Memory.obj
 0001:0001c6b0       ?StringCopyWorkerW@@YGJPA_WIPAIPB_WI@Z 1001d6b0 f   Memory.obj
 0001:00021ce0       ?StringValidateDestW@@YGJPB_WII@Z 10022ce0 f   PluginBackground.obj
 0001:00021d10       ?StringCopyWorkerW@@YGJPA_WIPAIPB_WI@Z 10022d10 f   PluginBackground.obj
 0001:000243d0       ?StringValidateDestW@@YGJPB_WII@Z 100253d0 f   PluginSrv.obj
 0001:00024400       ?StringCopyWorkerW@@YGJPA_WIPAIPB_WI@Z 10025400 f   PluginSrv.obj
 0001:00028090       ?StringValidateDestW@@YGJPB_WII@Z 10029090 f   WObjects.obj
 0001:000280c0       ?StringCopyWorkerW@@YGJPA_WIPAIPB_WI@Z 100290c0 f   WObjects.obj
 0001:00028610       ?CheckRegKeyExist@@YI_NPAURegKeyExistArg@@@Z 10029610 f   WObjects.obj
 0001:00029a00       ?StringValidateDestAndLengthW@@YGJPB_WIPAII@Z 1002aa00 f   WObjects.obj
 0001:00029a50       ?StringLengthWorkerW@@YGJPB_WIPAI@Z 1002aa50 f   WObjects.obj
 0001:0002b740       ?StringValidateDestW@@YGJPB_WII@Z 1002c740 f   WUser.obj
 0001:0002b770       ?StringCopyWorkerW@@YGJPA_WIPAIPB_WI@Z 1002c770 f   WUser.obj
 0001:0002bbb0       ?strtoxl@@YAKPB_WPAPA_WHH@Z 1002cbb0 f   libCRT:strtol.obj
 0001:0002c71a       ___DllMainCRTStartup@12    1002d71a f   LIBCMT:dllcrt0.obj
 0001:0002c97b       _has_osfxsr_set            1002d97b f   LIBCMT:cpu_disp.obj
 0001:0002ca94       __unwind_handler           1002da94 f   LIBCMT:exsup.obj
 0001:0002cbb0       _ValidateScopeTableHandlers 1002dbb0 f   LIBCMT:eh3valid.obj
 0001:0002cfd9       _xcptlookup                1002dfd9 f   LIBCMT:winxfltr.obj
 0001:0002d230       __initterm                 1002e230 f   LIBCMT:crt0dat.obj
 0001:0002d393       _doexit                    1002e393 f   LIBCMT:crt0dat.obj
 0001:0002e140       _parse_cmdline             1002f140 f   LIBCMT:stdargv.obj
 0001:0002e780       _ValidateLocalCookies      1002f780 f   LIBCMT:chandler4.obj
 0001:0002f09e       _ctrlevent_capture@4       1003009e f   LIBCMT:winsig.obj
 0001:0002f139       _siglookup                 10030139 f   LIBCMT:winsig.obj
 0001:0002f6a4       ___crtInitCritSecNoSpinCount@8 100306a4 f   LIBCMT:initcrit.obj
 0001:0002faa1       __copytlocinfo_nolock      10030aa1 f   LIBCMT:setlocal.obj
 0001:0002fac7       __updatetlocinfoEx_nolock  10030ac7 f   LIBCMT:setlocal.obj
 0001:0002fbea       _sync_legacy_variables_lk  10030bea f   LIBCMT:setlocal.obj
 0001:0002ff44       __setlocale_get_all        10030f44 f   LIBCMT:setlocal.obj
 0001:00030327       __setlocale_set_cat        10031327 f   LIBCMT:setlocal.obj
 0001:00030625       __setlocale_nolock         10031625 f   LIBCMT:setlocal.obj
 0001:00030b19       ?CPtoLCID@@YAHH@Z          10031b19 f   LIBCMT:mbctype.obj
 0001:00030b48       ?setSBCS@@YAXPAUthreadmbcinfostruct@@@Z 10031b48 f   LIBCMT:mbctype.obj
 0001:00030bac       ?setSBUpLow@@YAXPAUthreadmbcinfostruct@@@Z 10031bac f   LIBCMT:mbctype.obj
 0001:00030e8b       ?getSystemCP@@YAHH@Z       10031e8b f   LIBCMT:mbctype.obj
 0001:000324c9       ?x_ismbbtype_l@@YAHPAUlocaleinfo_struct@@IHH@Z 100334c9 f   LIBCMT:ismbbyte.obj
 0001:00032a8c       __unwind_handler4          10033a8c f   LIBCMT:exsup4.obj
 0001:00032f3f       __get_lc_time              10033f3f f   LIBCMT:inittime.obj
 0001:00033b30       _fix_grouping              10034b30 f   LIBCMT:initnum.obj
 0001:00033dbf       _fix_grouping              10034dbf f   LIBCMT:initmon.obj
 0001:00034cf6       ?_store_str@@YAXPADPAPADPAI@Z 10035cf6 f   LIBCMT:_strftime.obj
 0001:00034d16       ?_store_number@@YAXHPAPADPAI@Z 10035d16 f   LIBCMT:_strftime.obj
 0001:00034d4c       ?_store_num@@YAXHHPAPADPAII@Z 10035d4c f   LIBCMT:_strftime.obj
 0001:00034dc7       ?_expandtime@@YAHPAUlocaleinfo_struct@@DPBUtm@@PAPADPAIPAU__lc_time_data@@I@Z 10035dc7 f   LIBCMT:_strftime.obj
 0001:0003517b       ?_store_winword@@YAHPAUlocaleinfo_struct@@HPBUtm@@PAPADPAIPAU__lc_time_data@@@Z 1003617b f   LIBCMT:_strftime.obj
 0001:0003591b       _TranslateName             1003691b f   LIBCMT:getqloc.obj
 0001:0003597d       _GetLcidFromDefault        1003697d f   LIBCMT:getqloc.obj
 0001:00035991       _ProcessCodePage           10036991 f   LIBCMT:getqloc.obj
 0001:00035a0d       _TestDefaultCountry        10036a0d f   LIBCMT:getqloc.obj
 0001:00035a31       _LcidFromHexString         10036a31 f   LIBCMT:getqloc.obj
 0001:00035a65       _GetPrimaryLen             10036a65 f   LIBCMT:getqloc.obj
 0001:00035a80       _CountryEnumProc@4         10036a80 f   LIBCMT:getqloc.obj
 0001:00035b18       _TestDefaultLanguage       10036b18 f   LIBCMT:getqloc.obj
 0001:00035b8f       _LangCountryEnumProc@4     10036b8f f   LIBCMT:getqloc.obj
 0001:00035d95       _LanguageEnumProc@4        10036d95 f   LIBCMT:getqloc.obj
 0001:00035e56       _GetLcidFromCountry        10036e56 f   LIBCMT:getqloc.obj
 0001:00035e88       _GetLcidFromLangCountry    10036e88 f   LIBCMT:getqloc.obj
 0001:00035efd       _GetLcidFromLanguage       10036efd f   LIBCMT:getqloc.obj
 0001:0003613f       ?__crtGetStringTypeA_stat@@YAHPAUlocaleinfo_struct@@KPBDHPAGHHH@Z 1003713f f   LIBCMT:_a_str.obj
 0001:000363fb       ?strncnt@@YAHPBDH@Z        100373fb f   LIBCMT:_a_map.obj
 0001:00036419       ?__crtLCMapStringA_stat@@YAHPAUlocaleinfo_struct@@KKPBDHPADHHH@Z 10037419 f   LIBCMT:_a_map.obj
 0001:00036f64       __tzset_nolock             10037f64 f   LIBCMT:tzset.obj
 0001:000372ca       _cvtdate                   100382ca f   LIBCMT:tzset.obj
 0001:000374c1       __isindst_nolock           100384c1 f   LIBCMT:tzset.obj
 0001:00037dbf       _xtoa_s@20                 10038dbf f   LIBCMT:xtoas.obj
 0001:00037f03       @x64toa_s@24               10038f03 f   LIBCMT:xtoas.obj
 0001:00038417       ?__crtGetLocaleInfoA_stat@@YAHPAUlocaleinfo_struct@@KKPADHH@Z 10039417 f   LIBCMT:_a_loc.obj
 0001:00038625       __getenv_s_helper          10039625 f   LIBCMT:getenv.obj
 0001:000386bf       __dupenv_s_helper          100396bf f   LIBCMT:getenv.obj
 0001:00038bcb       ?strtoxlX@@YAKPAUlocaleinfo_struct@@PBDPAPBDHHH@Z 10039bcb f   LIBCMT:_strtol.obj
 0001:00038e34       ?strtoxl@@YAKPAUlocaleinfo_struct@@PBDPAPBDHH@Z 10039e34 f   LIBCMT:_strtol.obj
 0001:00038ee5       ?strtoxq@@YA_KPAUlocaleinfo_struct@@PBDPAPBDHH@Z 10039ee5 f   LIBCMT:_strtoq.obj
 0001:000394c4       ?__crtGetStringTypeW_stat@@YAHPAUlocaleinfo_struct@@KPBGHPAGHH@Z 1003a4c4 f   LIBCMT:_w_str.obj
 0001:000398b4       ?strncnt@@YAHPBDH@Z        1003a8b4 f   LIBCMT:_a_cmp.obj
 0001:000398d2       ?__crtCompareStringA_stat@@YAHPAUlocaleinfo_struct@@KKPBDH1HH@Z 1003a8d2 f   LIBCMT:_a_cmp.obj
 0001:00039da7       _findenv                   1003ada7 f   LIBCMT:setenv.obj
 0001:00039df9       _copy_environ              1003adf9 f   LIBCMT:setenv.obj
